Command: C:\Espressif\python_env\idf5.5_py3.11_env\Scripts\python.exe C:\Espressif\frameworks\esp-idf-v5.5.1\tools/idf_monitor.py -p COM4 -b 115200 --toolchain-prefix xtensa-esp32-elf- --target esp32 --revision 0 C:\Users\Jose\ESP32_Battery_Management_System\ESP32_Battery_Management_System\battery_management_system\build\read_voltage.elf C:\Users\Jose\ESP32_Battery_Management_System\ESP32_Battery_Management_System\battery_management_system\build\bootloader\bootloader.elf --force-color -m 'C:\Espressif\python_env\idf5.5_py3.11_env\Scripts\python.exe' 'C:\Espressif\frameworks\esp-idf-v5.5.1\tools\idf.py' '-p' 'COM4'
(
B���Jj�_S�ets Jul 29 2019 12:21:46

rst:0x1 (POWERON_RESET),boot:0x13 (SPI_FAST_FLASH_BOOT)
configsip: 271414342, SPIWP:0xee
clk_drv:0x00,q_drv:0x00,d_drv:0x00,cs0_drv:0x00,hd_drv:0x00,wp_drv:0x00
mode:DIO, clock div:2
load:0x3fff0030,len:6380
ho 0 tail 12 room 4
load:0x40078000,len:15916
load:0x40080400,len:3860
entry 0x40080638
[0;32mI (30) boot: ESP-IDF v5.5.1 2nd stage bootloader[0m
[0;32mI (30) boot: compile time May 13 2026 13:13:19[0m
[0;32mI (30) boot: Multicore bootloader[0m
[0;32mI (31) boot: chip revision: v3.0[0m
[0;32mI (34) boot.esp32: SPI Speed      : 40MHz[0m
[0;32mI (38) boot.esp32: SPI Mode       : DIO[0m
[0;32mI (41) boot.esp32: SPI Flash Size : 8MB[0m
[0;32mI (45) boot: Enabling RNG early entropy source...[0m
[0;32mI (49) boot: Partition Table:[0m
[0;32mI (52) boot: ## Label            Usage          Type ST Offset   Length[0m
[0;32mI (58) boot:  0 nvs              WiFi data        01 02 00009000 00006000[0m
[0;32mI (65) boot:  1 phy_init         RF data          01 01 0000f000 00001000[0m
[0;32mI (71) boot:  2 factory          factory app      00 00 00010000 00200000[0m
[0;32mI (78) boot:  3 storage1         Unknown data     01 82 00210000 00020000[0m
[0;32mI (84) boot:  4 storage2         Unknown data     01 82 00230000 00050000[0m
[0;32mI (91) boot:  5 storage3         Unknown data     01 82 00280000 00080000[0m
[0;32mI (97) boot: End of partition table[0m
[0;32mI (101) esp_image: segment 0: paddr=00010020 vaddr=3f400020 size=11c94h ( 72852) map[0m
[0;32mI (133) esp_image: segment 1: paddr=00021cbc vaddr=3ffb0000 size=02640h (  9792) load[0m
[0;32mI (137) esp_image: segment 2: paddr=00024304 vaddr=40080000 size=0bd14h ( 48404) load[0m
[0;32mI (156) esp_image: segment 3: paddr=00030020 vaddr=400d0020 size=4e940h (321856) map[0m
[0;32mI (266) esp_image: segment 4: paddr=0007e968 vaddr=4008bd14 size=03700h ( 14080) load[0m
[0;32mI (272) esp_image: segment 5: paddr=00082070 vaddr=50000000 size=00020h (    32) load[0m
[0;32mI (280) boot: Loaded app from partition at offset 0x10000[0m
[0;32mI (280) boot: Disabling RNG early entropy source...[0m
[0;32mI (292) cpu_start: Multicore app[0m
[0;32mI (300) cpu_start: Pro cpu start user code[0m
[0;32mI (300) cpu_start: cpu freq: 160000000 Hz[0m
[0;32mI (301) app_init: Application information:[0m
[0;32mI (301) app_init: Project name:     read_voltage[0m
[0;32mI (305) app_init: App version:      bb08344-dirty[0m
[0;32mI (309) app_init: Compile time:     May 13 2026 13:12:19[0m
[0;32mI (314) app_init: ELF file SHA256:  6bb6783c8...[0m
[0;32mI (319) app_init: ESP-IDF:          v5.5.1[0m
[0;32mI (323) efuse_init: Min chip rev:     v0.0[0m
[0;32mI (326) efuse_init: Max chip rev:     v3.99 [0m
[0;32mI (330) efuse_init: Chip rev:         v3.0[0m
[0;32mI (334) heap_init: Initializing. RAM available for dynamic allocation:[0m
[0;32mI (341) heap_init: At 3FFAE6E0 len 00001920 (6 KiB): DRAM[0m
[0;32mI (346) heap_init: At 3FFB46C0 len 0002B940 (174 KiB): DRAM[0m
[0;32mI (351) heap_init: At 3FFE0440 len 00003AE0 (14 KiB): D/IRAM[0m
[0;32mI (356) heap_init: At 3FFE4350 len 0001BCB0 (111 KiB): D/IRAM[0m
[0;32mI (362) heap_init: At 4008F414 len 00010BEC (66 KiB): IRAM[0m
[0;32mI (368) spi_flash: detected chip: generic[0m
[0;32mI (371) spi_flash: flash io: dio[0m
[0;33mW (376) i2c: This driver is an old driver, please migrate your application code to adapt `driver/i2c_master.h`[0m
[0;32mI (384) main_task: Started on CPU0[0m
[0;32mI (394) main_task: Calling app_main()[0m
----- Initialising program -----
[0;32mI (394) M5_SYSTEM: Initializing SPIFFS[0m
[0;32mI (404) M5_SYSTEM: Mount /fonts to storage1 success[0m
[0;32mI (404) M5_SYSTEM: Partition size: total: 113201, used: 95631[0m
[0;32mI (404) M5_SYSTEM: I2C master initialized successfully[0m
Escaneando bus I2C...
[0;32mI (434) servo_control: Inicializando MCPWM para el servo en GPIO 26[0m
[1;31mE (434) gpio: gpio_pullup_en(78): GPIO number error (input-only pad has no internal PU)[0m
[1;31mE (444) gpio: gpio_pullup_en(78): GPIO number error (input-only pad has no internal PU)[0m
[0;32mI (444) main_task: Returned from app_main()[0m
[0;32mI (138784) M5_SYSTEM: Button GPIO 39 pressed, val: 0[0m
[0;32mI (139394) M5_SYSTEM: Button GPIO 39 pressed, val: 1[0m
[0;32mI (139894) M5_SYSTEM: Button GPIO 39 pressed, val: 0[0m
[0;32mI (140134) M5_SYSTEM: Button GPIO 39 pressed, val: 1[0m
[0;32mI (144354) M5_SYSTEM: Button GPIO 37 pressed, val: 1[0m
[0;32mI (144934) M5_SYSTEM: Button GPIO 37 pressed, val: 1[0m
