Command: C:\Espressif\python_env\idf5.5_py3.11_env\Scripts\python.exe C:\Espressif\frameworks\esp-idf-v5.5.1\tools/idf_monitor.py -p COM4 -b 115200 --toolchain-prefix xtensa-esp32-elf- --target esp32 --revision 0 C:\Users\Jose\ESP32_Battery_Management_System\ESP32_Battery_Management_System\battery_management_system\build\read_voltage.elf C:\Users\Jose\ESP32_Battery_Management_System\ESP32_Battery_Management_System\battery_management_system\build\bootloader\bootloader.elf --force-color -m 'C:\Espressif\python_env\idf5.5_py3.11_env\Scripts\python.exe' 'C:\Espressif\frameworks\esp-idf-v5.5.1\tools\idf.py' '-p' 'COM4'
VV�Ս����5
I (40�ets Jul 29 2019 12:21:46

rst:0x1 (POWERON_RESET),boot:0x13 (SPI_FAST_FLASH_BOOT)
configsip: 271414342, SPIWP:0xee
clk_drv:0x00,q_drv:0x00,d_drv:0x00,cs0_drv:0x00,hd_drv:0x00,wp_drv:0x00
mode:DIO, clock div:2
load:0x3fff0030,len:6380
ho 0 tail 12 room 4
load:0x40078000,len:15916
load:0x40080400,len:3860
entry 0x40080638
[0;32mI (30) boot: ESP-IDF v5.5.1 2nd stage bootloader[0m
[0;32mI (30) boot: compile time May 13 2026 13:13:19[0m
[0;32mI (30) boot: Multicore bootloader[0m
[0;32mI (31) boot: chip revision: v3.0[0m
[0;32mI (34) boot.esp32: SPI Speed      : 40MHz[0m
[0;32mI (38) boot.esp32: SPI Mode       : DIO[0m
[0;32mI (41) boot.esp32: SPI Flash Size : 8MB[0m
[0;32mI (45) boot: Enabling RNG early entropy source...[0m
[0;32mI (49) boot: Partition Table:[0m
[0;32mI (52) boot: ## Label            Usage          Type ST Offset   Length[0m
[0;32mI (58) boot:  0 nvs              WiFi data        01 02 00009000 00006000[0m
[0;32mI (65) boot:  1 phy_init         RF data          01 01 0000f000 00001000[0m
[0;32mI (71) boot:  2 factory          factory app      00 00 00010000 00200000[0m
[0;32mI (78) boot:  3 storage1         Unknown data     01 82 00210000 00020000[0m
[0;32mI (84) boot:  4 storage2         Unknown data     01 82 00230000 00050000[0m
[0;32mI (91) boot:  5 storage3         Unknown data     01 82 00280000 00080000[0m
[0;32mI (97) boot: End of partition table[0m
[0;32mI (101) esp_image: segment 0: paddr=00010020 vaddr=3f400020 size=1221ch ( 74268) map[0m
[0;32mI (134) esp_image: segment 1: paddr=00022244 vaddr=3ffb0000 size=02650h (  9808) load[0m
[0;32mI (138) esp_image: segment 2: paddr=0002489c vaddr=40080000 size=0b77ch ( 46972) load[0m
[0;32mI (156) esp_image: segment 3: paddr=00030020 vaddr=400d0020 size=503b0h (328624) map[0m
[0;32mI (269) esp_image: segment 4: paddr=000803d8 vaddr=4008b77c size=03f34h ( 16180) load[0m
[0;32mI (275) esp_image: segment 5: paddr=00084314 vaddr=50000000 size=00020h (    32) load[0m
[0;32mI (283) boot: Loaded app from partition at offset 0x10000[0m
[0;32mI (283) boot: Disabling RNG early entropy source...[0m
[0;32mI (294) cpu_start: Multicore app[0m
[0;32mI (303) cpu_start: Pro cpu start user code[0m
[0;32mI (303) cpu_start: cpu freq: 160000000 Hz[0m
[0;32mI (303) app_init: Application information:[0m
[0;32mI (303) app_init: Project name:     read_voltage[0m
[0;32mI (307) app_init: App version:      bb08344-dirty[0m
[0;32mI (312) app_init: Compile time:     May 13 2026 13:12:19[0m
[0;32mI (317) app_init: ELF file SHA256:  92b01bf5a...[0m
[0;32mI (321) app_init: ESP-IDF:          v5.5.1[0m
[0;32mI (325) efuse_init: Min chip rev:     v0.0[0m
[0;32mI (329) efuse_init: Max chip rev:     v3.99 [0m
[0;32mI (333) efuse_init: Chip rev:         v3.0[0m
[0;32mI (337) heap_init: Initializing. RAM available for dynamic allocation:[0m
[0;32mI (343) heap_init: At 3FFAE6E0 len 00001920 (6 KiB): DRAM[0m
[0;32mI (348) heap_init: At 3FFB46D8 len 0002B928 (174 KiB): DRAM[0m
[0;32mI (353) heap_init: At 3FFE0440 len 00003AE0 (14 KiB): D/IRAM[0m
[0;32mI (358) heap_init: At 3FFE4350 len 0001BCB0 (111 KiB): D/IRAM[0m
[0;32mI (364) heap_init: At 4008F6B0 len 00010950 (66 KiB): IRAM[0m
[0;32mI (371) spi_flash: detected chip: generic[0m
[0;32mI (373) spi_flash: flash io: dio[0m
[0;33mW (379) i2c: This driver is an old driver, please migrate your application code to adapt `driver/i2c_master.h`[0m
[0;32mI (387) main_task: Started on CPU0[0m
[0;32mI (397) main_task: Calling app_main()[0m
----- Initialising program -----
[0;32mI (397) M5_SYSTEM: Initializing SPIFFS[0m
[0;32mI (407) M5_SYSTEM: Mount /fonts to storage1 success[0m
[0;32mI (407) M5_SYSTEM: Partition size: total: 113201, used: 95631[0m
[0;32mI (407) M5_SYSTEM: I2C master initialized successfully[0m
Escaneando bus I2C...
[0;32mI (437) servo_contrI (447) uart: queue free spaces: 20[0m
[0;32mI (447) main_task: Returned from app_main()[0m
[0;32mI (5277) M5_SYSTEM: Button GPIO 39 pressed, val: 0[0m
[0;32mI (7157) M5_SYSTEM: Button GPIO 39 pressed, val: 0[0m
[0;32mI (7997) M5_SYSTEM: Button GPIO 39 pressed, val: 0[0m
[0;32mI (10127) M5_SYSTEM: Button GPIO 37 pressed, val: 0[0m
[0;32mI (10657) M5_SYSTEM: Button GPIO 37 pressed, val: 0[0m
[0;32mI (11467) M5_SYSTEM: Button GPIO 39 pressed, val: 0[0m
