Command: C:\Espressif\python_env\idf5.5_py3.14_env\Scripts\python.exe C:\Espressif\frameworks\esp-idf-v5.5.1\tools/idf_monitor.py -p COM4 -b 115200 --toolchain-prefix xtensa-esp32-elf- --target esp32 --revision 0 C:\Users\Jose\ESP32_Battery_Management_System\ESP32_Battery_Management_System\battery_management_system_v1\build\read_voltage.elf C:\Users\Jose\ESP32_Battery_Management_System\ESP32_Battery_Management_System\battery_management_system_v1\build\bootloader\bootloader.elf --force-color -m 'C:\Espressif\python_env\idf5.5_py3.14_env\Scripts\python.exe' 'C:\Espressif\frameworks\esp-idf-v5.5.1\tools\idf.py' '-p' 'COM4'
M� Clave:�ets Jul 29 2019 12:21:46

rst:0x1 (POWERON_RESET),boot:0x13 (SPI_FAST_FLASH_BOOT)
configsip: 271414342, SPIWP:0xee
clk_drv:0x00,q_drv:0x00,d_drv:0x00,cs0_drv:0x00,hd_drv:0x00,wp_drv:0x00
mode:DIO, clock div:2
load:0x3fff0030,len:6380
ho 0 tail 12 room 4
load:0x40078000,len:15916
load:0x40080400,len:3860
entry 0x40080638
[0;32mI (30) boot: ESP-IDF v5.5.1-dirty 2nd stage bootloader[0m
[0;32mI (30) boot: compile time Jun 13 2026 13:01:16[0m
[0;32mI (30) boot: Multicore bootloader[0m
[0;32mI (32) boot: chip revision: v3.0[0m
[0;32mI (35) boot.esp32: SPI Speed      : 40MHz[0m
[0;32mI (38) boot.esp32: SPI Mode       : DIO[0m
[0;32mI (42) boot.esp32: SPI Flash Size : 8MB[0m
[0;32mI (45) boot: Enabling RNG early entropy source...[0m
[0;32mI (50) boot: Partition Table:[0m
[0;32mI (53) boot: ## Label            Usage          Type ST Offset   Length[0m
[0;32mI (59) boot:  0 nvs              WiFi data        01 02 00009000 00006000[0m
[0;32mI (65) boot:  1 phy_init         RF data          01 01 0000f000 00001000[0m
[0;32mI (72) boot:  2 factory          factory app      00 00 00010000 00200000[0m
[0;32mI (78) boot:  3 storage1         Unknown data     01 82 00210000 00020000[0m
[0;32mI (85) boot:  4 storage2         Unknown data     01 82 00230000 00050000[0m
[0;32mI (91) boot:  5 storage3         Unknown data     01 82 00280000 00080000[0m
[0;32mI (98) boot: End of partition table[0m
[0;32mI (101) esp_image: segment 0: paddr=00010020 vaddr=3f400020 size=2a8dch (174300) map[0m
[0;32mI (168) esp_image: segment 1: paddr=0003a904 vaddr=3ffb0000 size=0422ch ( 16940) load[0m
[0;32mI (175) esp_image: segment 2: paddr=0003eb38 vaddr=40080000 size=014e0h (  5344) load[0m
[0;32mI (177) esp_image: segment 3: paddr=00040020 vaddr=400d0020 size=e90b8h (954552) map[0m
[0;32mI (506) esp_image: segment 4: paddr=001290e0 vaddr=400814e0 size=19ecch (106188) load[0m
[0;32mI (547) esp_image: segment 5: paddr=00142fb4 vaddr=50000000 size=00020h (    32) load[0m
[0;32mI (561) boot: Loaded app from partition at offset 0x10000[0m
[0;32mI (561) boot: Disabling RNG early entropy source...[0m
[0;32mI (571) cpu_start: Multicore app[0m
[0;32mI (580) cpu_start: Pro cpu start user code[0m
[0;32mI (580) cpu_start: cpu freq: 160000000 Hz[0m
[0;32mI (580) app_init: Application information:[0m
[0;32mI (580) app_init: Project name:     read_voltage[0m
[0;32mI (584) app_init: App version:      d772300-dirty[0m
[0;32mI (589) app_init: Compile time:     Jun 13 2026 13:00:39[0m
[0;32mI (594) app_init: ELF file SHA256:  c9963bb56...[0m
[0;32mI (598) app_init: ESP-IDF:          v5.5.1-dirty[0m
[0;32mI (602) efuse_init: Min chip rev:     v0.0[0m
[0;32mI (606) efuse_init: Max chip rev:     v3.99 [0m
[0;32mI (610) efuse_init: Chip rev:         v3.0[0m
[0;32mI (614) heap_init: Initializing. RAM available for dynamic allocation:[0m
[0;32mI (621) heap_init: At 3FFAE6E0 len 00001920 (6 KiB): DRAM[0m
[0;32mI (625) heap_init: At 3FFBABC0 len 00025440 (149 KiB): DRAM[0m
[0;32mI (631) heap_init: At 3FFE0440 len 00003AE0 (14 KiB): D/IRAM[0m
[0;32mI (636) heap_init: At 3FFE4350 len 0001BCB0 (111 KiB): D/IRAM[0m
[0;32mI (642) heap_init: At 4009B3AC len 00004C54 (19 KiB): IRAM[0m
[0;32mI (648) spi_flash: detected chip: generic[0m
[0;32mI (651) spi_flash: flash io: dio[0m
[0;33mW (656) i2c: This driver is an old driver, please migrate your application code to adapt `driver/i2c_master.h`[0m
[0;32mI (664) main_task: Started on CPU0[0m
[0;32mI (664) main_task: Calling app_main()[0m
----- Initialising program -----
[0;32mI (664) M5_SYSTEM: Initializing SPIFFS[0m
[0;32mI (684) M5_SYSTEM: Mount /fonts to storage1 success[0m
[0;32mI (684) M5_SYSTEM: Partition size: total: 113201, used: 95631[0m
[0;32mI (724) M5_SYSTEM: Mount /variables to storage3 success[0m
[0;32mI (724) M5_SYSTEM: Partition size: total: 474641, used: 753[0m
[0;32mI (724) SPIFFS: Clave: 'CHG_BIAS', Valor: '0.0066'[0m
[0;32mI (724) SPIFFS: Clave: 'DCH_BIAS', Valor: '0.5'[0m
[0;32mI (724) SPIFFS: Clave: 'MSQT_IP', Valor: '192.168.1.100'[0m
[0;32mI (734) SPIFFS: Clave: 'EXP_NAME', Valor: '11/06/2026'[0m
[0;32mI (734) SPIFFS: Clave: 'BAT_TYPE', Valor: 'LiPo'[0m
[0;32mI (744) SPIFFS: Clave: 'EXP_SUBTAG', Valor: '[A,B,C,D,E]'[0m
[0;32mI (744) SPIFFS: Clave: 'CHG_TIME', Valor: '2'[0m
[0;32mI (754) SPIFFS: Clave: 'DCH_TIME', Valor: '2'[0m
[0;32mI (754) SPIFFS: Clave: 'DEVICE', Valor: 'M5STICK_C_PLUS2'[0m
[0;32mI (764) SPIFFS: Clave: 'LOCATION', Valor: 'LABORATORY'[0m
[0;32mI (764) SPIFFS: Clave: 'BAT_CAP', Valor: '2.2'[0m
[0;32mI (774) SPIFFS: Clave: 'PCENT_R1', Valor: '80'[0m
[0;32mI (774) SPIFFS: Clave: 'PCENT_R2', Valor: '50'[0m
[0;32mI (774) SPIFFS: Clave: 'PCENT_R3', Valor: '20'[0m
[0;32mI (784) SPIFFS: Clave: 'TIMER', Valor: '0'[0m
[0;32mI (784) SPIFFS: Clave: 'WIFI_SSID', Valor: 'TP-Link_E3D6'[0m
[0;32mI (794) SPIFFS: Clave: 'WIFI_PASSWD', Valor: '76649769'[0m
[0;32mI (794) SPIFFS: Clave: '-WIFI_SSID', Valor: 'Galaxy A02s85e9'[0m
[0;33mW (804) M5_SYSTEM: Unknown parameter in file: -WIFI_SSID[0m
[0;32mI (804) SPIFFS: Clave: '-WIFI_PASSWD', Valor: 'vgnm2878'[0m
[0;33mW (814) M5_SYSTEM: Unknown parameter in file: -WIFI_PASSWD[0m
Escaneando bus I2C...
[0;32mI (864) servo_controlI (864) uart: queue free spaces: 20[0m
[0;32mI (904) wifi:wifi driver task: 3ffc5c90, prio:23, stack:6656, core=0[0m
[0;32mI (914) wifi:wifi firmware version: 14da9b7[0m
[0;32mI (914) wifi:wifi certification version: v7.0[0m
[0;32mI (914) wifi:config NVS flash: enabled[0m
[0;32mI (914) wifi:config nano formatting: disabled[0m
[0;32mI (924) wifi:Init data frame dynamic rx buffer num: 32[0m
[0;32mI (924) wifi:Init static rx mgmt buffer num: 5[0m
[0;32mI (924) wifi:Init management short buffer num: 32[0m
[0;32mI (934) wifi:Init dynamic tx buffer num: 32[0m
[0;32mI (934) wifi:Init static rx buffer size: 1600[0m
[0;32mI (944) wifi:Init static rx buffer num: 10[0m
[0;32mI (944) wifi:Init dynamic rx buffer num: 32[0m
[0;32mI (954) wifi_init: rx ba win: 6[0m
[0;32mI (954) wifi_init: accept mbox: 6[0m
[0;32mI (954) wifi_init: tcpip mbox: 32[0m
[0;32mI (954) wifi_init: udp mbox: 6[0m
[0;32mI (964) wifi_init: tcp mbox: 6[0m
[0;32mI (964) wifi_init: tcp tx win: 5760[0m
[0;32mI (964) wifi_init: tcp rx win: 5760[0m
[0;32mI (974) wifi_init: tcp mss: 1440[0m
[0;32mI (974) wifi_init: WiFi IRAM OP enabled[0m
[0;32mI (974) wifi_init: WiFi RX IRAM OP enabled[0m
[0;33mW (984) wifi:Password length matches WPA2 standards, authmode threshold changes from OPEN to WPA2[0m
[0;32mI (994) phy_init: phy_version 4861,b71b5ad,Aug  5 2025,11:16:06[0m
[0;32mI (1074) phy_init: Saving new calibration data due to checksum failure or outdated calibration data, mode(0)[0m
[0;32mI (1094) wifi:mode : sta (e8:6b:ea:2f:91:cc)[0m
[0;32mI (1094) wifi:enable tsf[0m
[0;32mI (3514) wifi: retry to connect to the AP[0m
[0;32mI (5934) wifi: retry to connect to the AP[0m
[0;32mI (8344) wifi: retry to connect to the AP[0m
[0;32mI (10764) wifi: retry to connect to the AP[0m
[0;32mI (13174) wifi: retry to connect to the AP[0m
[0;32mI (15594) wifi: retry to connect to the AP[0m
[0;32mI (18004) wifi: retry to connect to the AP[0m
[0;32mI (20424) wifi: retry to connect to the AP[0m
[0;32mI (22834) wifi: retry to connect to the AP[0m
[0;32mI (25254) wifi: retry to connect to the AP[0m
[0;32mI (27664) wifi: retry to connect to the AP[0m
[0;32mI (30074) wifi: retry to connect to the AP[0m
[0;32mI (32494) wifi: retry to connect to the AP[0m
[0;32mI (34904) wifi: retry to connect to the AP[0m
[0;32mI (37324) wifi: retry to connect to the AP[0m
