Command: C:\Espressif\python_env\idf5.5_py3.11_env\Scripts\python.exe C:\Espressif\frameworks\esp-idf-v5.5.1\tools/idf_monitor.py -p COM4 -b 115200 --toolchain-prefix xtensa-esp32-elf- --target esp32 --revision 0 C:\Users\Jose\ESP32_Battery_Management_System\ESP32_Battery_Management_System\i2c_read_voltage\build\read_voltage.elf C:\Users\Jose\ESP32_Battery_Management_System\ESP32_Battery_Management_System\i2c_read_voltage\build\bootloader\bootloader.elf --force-color -m 'C:\Espressif\python_env\idf5.5_py3.11_env\Scripts\python.exe' 'C:\Espressif\frameworks\esp-idf-v5.5.1\tools\idf.py'
$�(373) he�ets Jul 29 2019 12:21:46

rst:0x1 (POWERON_RESET),boot:0x13 (SPI_FAST_FLASH_BOOT)
configsip: 271414342, SPIWP:0xee
clk_drv:0x00,q_drv:0x00,d_drv:0x00,cs0_drv:0x00,hd_drv:0x00,wp_drv:0x00
mode:DIO, clock div:2
load:0x3fff0030,len:6380
ho 0 tail 12 room 4
load:0x40078000,len:15916
load:0x40080400,len:3860
entry 0x40080638
[0;32mI (30) boot: ESP-IDF v5.5.1 2nd stage bootloader[0m
[0;32mI (30) boot: compile time Apr  8 2026 15:35:52[0m
[0;32mI (30) boot: Multicore bootloader[0m
[0;32mI (31) boot: chip revision: v3.0[0m
[0;32mI (34) boot.esp32: SPI Speed      : 40MHz[0m
[0;32mI (38) boot.esp32: SPI Mode       : DIO[0m
[0;32mI (41) boot.esp32: SPI Flash Size : 8MB[0m
[0;32mI (45) boot: Enabling RNG early entropy source...[0m
[0;32mI (49) boot: Partition Table:[0m
[0;32mI (52) boot: ## Label            Usage          Type ST Offset   Length[0m
[0;32mI (58) boot:  0 nvs              WiFi data        01 02 00009000 00006000[0m
[0;32mI (65) boot:  1 phy_init         RF data          01 01 0000f000 00001000[0m
[0;32mI (71) boot:  2 factory          factory app      00 00 00010000 00100000[0m
[0;32mI (78) boot:  3 storage1         Unknown data     01 82 00110000 00020000[0m
[0;32mI (84) boot:  4 storage2         Unknown data     01 82 00130000 00050000[0m
[0;32mI (91) boot:  5 storage3         Unknown data     01 82 00180000 00080000[0m
[0;32mI (97) boot: End of partition table[0m
[0;32mI (101) esp_image: segment 0: paddr=00010020 vaddr=3f400020 size=13cf4h ( 81140) map[0m
[0;32mI (136) esp_image: segment 1: paddr=00023d1c vaddr=3ffb0000 size=027e0h ( 10208) load[0m
[0;32mI (140) esp_image: segment 2: paddr=00026504 vaddr=40080000 size=09b14h ( 39700) load[0m
[0;32mI (156) esp_image: segment 3: paddr=00030020 vaddr=400d0020 size=55bfch (351228) map[0m
[0;32mI (276) esp_image: segment 4: paddr=00085c24 vaddr=40089b14 size=07660h ( 30304) load[0m
[0;32mI (288) esp_image: segment 5: paddr=0008d28c vaddr=50000000 size=00020h (    32) load[0m
[0;32mI (297) boot: Loaded app from partition at offset 0x10000[0m
[0;32mI (297) boot: Disabling RNG early entropy source...[0m
[0;32mI (308) cpu_start: Multicore app[0m
[0;32mI (317) cpu_start: Pro cpu start user code[0m
[0;32mI (317) cpu_start: cpu freq: 160000000 Hz[0m
[0;32mI (317) app_init: Application information:[0m
[0;32mI (317) app_init: Project name:     read_voltage[0m
[0;32mI (321) app_init: App version:      c874d72-dirty[0m
[0;32mI (326) app_init: Compile time:     Apr  8 2026 19:18:13[0m
[0;32mI (331) app_init: ELF file SHA256:  f9c680f83...[0m
[0;32mI (335) app_init: ESP-IDF:          v5.5.1[0m
[0;32mI (339) efuse_init: Min chip rev:     v0.0[0m
[0;32mI (343) efuse_init: Max chip rev:     v3.99 [0m
[0;32mI (347) efuse_init: Chip rev:         v3.0[0m
[0;32mI (351) heap_init: Initializing. RAM available for dynamic allocation:[0m
[0;32mI (357) heap_init: At 3FFAE6E0 len 00001920 (6 KiB): DRAM[0m
[0;32mI (362) heap_init: At 3FFB50A8 len 0002AF58 (171 KiB): DRAM[0m
[0;32mI (367) heap_init: At 3FFE0440 len 00003AE0 (14 KiB): D/IRAM[0m
[0;32mI (373) heap_init: At 3FFE4350 len 0001BCB0 (111 KiB): D/IRAM[0m
[0;32mI (378) heap_init: At 40091174 len 0000EE8C (59 KiB): IRAM[0m
[0;32mI (385) spi_flash: detected chip: generic[0m
[0;32mI (387) spi_flash: flash io: dio[0m
[0;33mW (393) i2c: This driver is an old driver, please migrate your application code to adapt `driver/i2c_master.h`[0m
[0;32mI (401) main_task: Started on CPU0[0m
[0;32mI (411) main_task: Calling app_main()[0m
----- Initialising program -----
[0;32mI (411) M5_SYSTEM: Initializing SPIFFS[0m
[0;32mI (421) M5_SYSTEM: Mount /fonts to storage1 success[0m
[0;32mI (421) M5_SYSTEM: Partition size: total: 113201, used: 95631[0m
[0;32mI (421) M5_SYSTEM: I2C Relay inicializado[0m
Escaneando bus I2C...
¡Dispositivo encontrado en dirección: 0x48!
ets Jul 29 2019 12:21:46

rst:0x7 (TG0WDT_SYS_RESET),boot:0x13 (SPI_FAST_FLASH_BOOT)
configsip: 271414342, SPIWP:0xee
clk_drv:0x00,q_drv:0x00,d_drv:0x00,cs0_drv:0x00,hd_drv:0x00,wp_drv:0x00
mode:DIO, clock div:2
load:0x3fff0030,len:6380
ho 0 tail 12 room 4
load:0x40078000,len:15916
load:0x40080400,len:3860
entry 0x40080638
[0;32mI (59) boot: ESP-IDF v5.5.1 2nd stage bootloader[0m
[0;32mI (59) boot: compile time Apr  8 2026 15:35:52[0m
[0;32mI (59) boot: Multicore bootloader[0m
[0;32mI (61) boot: chip revision: v3.0[0m
[0;32mI (64) boot.esp32: SPI Speed      : 40MHz[0m
[0;32mI (68) boot.esp32: SPI Mode       : DIO[0m
[0;32mI (71) boot.esp32: SPI Flash Size : 8MB[0m
[0;33mW (75) boot.esp32: PRO CPU has been reset by WDT[0m
[0;33mW (79) boot.esp32: WDT rst info: PRO CPU PC=0x4008513c[0m
[0;33mW (84) boot.esp32: WDT rst info: APP CPU PC=0x40085622 (waiti mode)[0m
[0;32mI (90) boot: Enabling RNG early entropy source...[0m
[0;32mI (95) boot: Partition Table:[0m
[0;32mI (97) boot: ## Label            Usage          Type ST Offset   Length[0m
[0;32mI (103) boot:  0 nvs              WiFi data        01 02 00009000 00006000[0m
[0;32mI (110) boot:  1 phy_init         RF data          01 01 0000f000 00001000[0m
[0;32mI (117) boot:  2 factory          factory app      00 00 00010000 00100000[0m
[0;32mI (123) boot:  3 storage1         Unknown data     01 82 00110000 00020000[0m
[0;32mI (130) boot:  4 storage2         Unknown data     01 82 00130000 00050000[0m
[0;32mI (136) boot:  5 storage3         Unknown data     01 82 00180000 00080000[0m
[0;32mI (143) boot: End of partition table[0m
[0;32mI (147) esp_image: segment 0: paddr=00010020 vaddr=3f400020 size=13cf4h ( 81140) map[0m
[0;32mI (182) esp_image: segment 1: paddr=00023d1c vaddr=3ffb0000 size=027e0h ( 10208) load[0m
[0;32mI (186) esp_image: segment 2: paddr=00026504 vaddr=40080000 size=09b14h ( 39700) load[0m
[0;32mI (202) esp_image: segment 3: paddr=00030020 vaddr=400d0020 size=55bfch (351228) map[0m
[0;32mI (322) esp_image: segment 4: paddr=00085c24 vaddr=40089b14 size=07660h ( 30304) load[0m
[0;32mI (334) esp_image: segment 5: paddr=0008d28c vaddr=50000000 size=00020h (    32) load[0m
[0;32mI (342) boot: Loaded app from partition at offset 0x10000[0m
[0;32mI (342) boot: Disabling RNG early entropy source...[0m
[0;32mI (354) cpu_start: Multicore app[0m
[0;32mI (363) cpu_start: Pro cpu start user code[0m
[0;32mI (363) cpu_start: cpu freq: 160000000 Hz[0m
[0;32mI (363) app_init: Application information:[0m
[0;32mI (363) app_init: Project name:     read_voltage[0m
[0;32mI (367) app_init: App version:      c874d72-dirty[0m
[0;32mI (371) app_init: Compile time:     Apr  8 2026 19:18:13[0m
[0;32mI (376) app_init: ELF file SHA256:  f9c680f83...[0m
[0;32mI (381) app_init: ESP-IDF:          v5.5.1[0m
[0;32mI (385) efuse_init: Min chip rev:     v0.0[0m
[0;32mI (388) efuse_init: Max chip rev:     v3.99 [0m
[0;32mI (392) efuse_init: Chip rev:         v3.0[0m
[0;32mI (397) heap_init: Initializing. RAM available for dynamic allocation:[0m
[0;32mI (403) heap_init: At 3FFAE6E0 len 00001920 (6 KiB): DRAM[0m
[0;32mI (408) heap_init: At 3FFB50A8 len 0002AF58 (171 KiB): DRAM[0m
[0;32mI (413) heap_init: At 3FFE0440 len 00003AE0 (14 KiB): D/IRAM[0m
[0;32mI (418) heap_init: At 3FFE4350 len 0001BCB0 (111 KiB): D/IRAM[0m
[0;32mI (424) heap_init: At 40091174 len 0000EE8C (59 KiB): IRAM[0m
[0;32mI (431) spi_flash: detected chip: generic[0m
[0;32mI (433) spi_flash: flash io: dio[0m
[0;33mW (438) i2c: This driver is an old driver, please migrate your application code to adapt `driver/i2c_master.h`[0m
[0;32mI (446) main_task: Started on CPU0[0m
[0;32mI (456) main_task: Calling app_main()[0m
----- Initialising program -----
[0;32mI (456) M5_SYSTEM: Initializing SPIFFS[0m
[0;32mI (466) M5_SYSTEM: Mount /fonts to storage1 success[0m
[0;32mI (466) M5_SYSTEM: Partition size: total: 113201, used: 95631[0m
[0;32mI (466) M5_SYSTEM: I2C Relay inicializado[0m
Escaneando bus I2C...
¡Dispositivo encontrado en dirección: 0x48!
ets Jul 29 2019 12:21:46

rst:0x7 (TG0WDT_SYS_RESET),boot:0x13 (SPI_FAST_FLASH_BOOT)
configsip: 271414342, SPIWP:0xee
clk_drv:0x00,q_drv:0x00,d_drv:0x00,cs0_drv:0x00,hd_drv:0x00,wp_drv:0x00
mode:DIO, clock div:2
load:0x3fff0030,len:6380
ho 0 tail 12 room 4
load:0x40078000,len:15916
load:0x40080400,len:3860
entry 0x40080638
[0;32mI (59) boot: ESP-IDF v5.5.1 2nd stage bootloader[0m
[0;32mI (59) boot: compile time Apr  8 2026 15:35:52[0m
[0;32mI (59) boot: Multicore bootloader[0m
[0;32mI (61) boot: chip revision: v3.0[0m
[0;32mI (64) boot.esp32: SPI Speed      : 40MHz[0m
[0;32mI (68) boot.esp32: SPI Mode       : DIO[0m
[0;32mI (71) boot.esp32: SPI Flash Size : 8MB[0m
[0;33mW (75) boot.esp32: PRO CPU has been reset by WDT[0m
[0;33mW (79) boot.esp32: WDT rst info: PRO CPU PC=0x400852c2[0m
[0;33mW (84) boot.esp32: WDT rst info: APP CPU PC=0x40085622 (waiti mode)[0m
[0;32mI (90) boot: Enabling RNG early entropy source...[0m
[0;32mI (95) boot: Partition Table:[0m
[0;32mI (97) boot: ## Label            Usage          Type ST Offset   Length[0m
[0;32mI (103) boot:  0 nvs              WiFi data        01 02 00009000 00006000[0m
[0;32mI (110) boot:  1 phy_init         RF data          01 01 0000f000 00001000[0m
[0;32mI (117) boot:  2 factory          factory app      00 00 00010000 00100000[0m
[0;32mI (123) boot:  3 storage1         Unknown data     01 82 00110000 00020000[0m
[0;32mI (130) boot:  4 storage2         Unknown data     01 82 00130000 00050000[0m
[0;32mI (136) boot:  5 storage3         Unknown data     01 82 00180000 00080000[0m
[0;32mI (143) boot: End of partition table[0m
[0;32mI (147) esp_image: segment 0: paddr=00010020 vaddr=3f400020 size=13cf4h ( 81140) map[0m
[0;32mI (182) esp_image: segment 1: paddr=00023d1c vaddr=3ffb0000 size=027e0h ( 10208) load[0m
[0;32mI (186) esp_image: segment 2: paddr=00026504 vaddr=40080000 size=09b14h ( 39700) load[0m
[0;32mI (202) esp_image: segment 3: paddr=00030020 vaddr=400d0020 size=55bfch (351228) map[0m
[0;32mI (322) esp_image: segment 4: paddr=00085c24 vaddr=40089b14 size=07660h ( 30304) load[0m
[0;32mI (334) esp_image: segment 5: paddr=0008d28c vaddr=50000000 size=00020h (    32) load[0m
[0;32mI (342) boot: Loaded app from partition at offset 0x10000[0m
[0;32mI (342) boot: Disabling RNG early entropy source...[0m
[0;32mI (354) cpu_start: Multicore app[0m
[0;32mI (363) cpu_start: Pro cpu start user code[0m
[0;32mI (363) cpu_start: cpu freq: 160000000 Hz[0m
[0;32mI (363) app_init: Application information:[0m
[0;32mI (363) app_init: Project name:     read_voltage[0m
[0;32mI (367) app_init: App version:      c874d72-dirty[0m
[0;32mI (371) app_init: Compile time:     Apr  8 2026 19:18:13[0m
[0;32mI (376) app_init: ELF file SHA256:  f9c680f83...[0m
[0;32mI (381) app_init: ESP-IDF:          v5.5.1[0m
[0;32mI (385) efuse_init: Min chip rev:     v0.0[0m
[0;32mI (388) efuse_init: Max chip rev:     v3.99 [0m
[0;32mI (392) efuse_init: Chip rev:         v3.0[0m
[0;32mI (397) heap_init: Initializing. RAM available for dynamic allocation:[0m
[0;32mI (403) heap_init: At 3FFAE6E0 len 00001920 (6 KiB): DRAM[0m
[0;32mI (408) heap_init: At 3FFB50A8 len 0002AF58 (171 KiB): DRAM[0m
[0;32mI (413) heap_init: At 3FFE0440 len 00003AE0 (14 KiB): D/IRAM[0m
[0;32mI (418) heap_init: At 3FFE4350 len 0001BCB0 (111 KiB): D/IRAM[0m
[0;32mI (424) heap_init: At 40091174 len 0000EE8C (59 KiB): IRAM[0m
[0;32mI (431) spi_flash: detected chip: generic[0m
[0;32mI (433) spi_flash: flash io: dio[0m
[0;33mW (438) i2c: This driver is an old driver, please migrate your application code to adapt `driver/i2c_master.h`[0m
[0;32mI (446) main_task: Started on CPU0[0m
[0;32mI (456) main_task: Calling app_main()[0m
----- Initialising program -----
[0;32mI (456) M5_SYSTEM: Initializing SPIFFS[0m
[0;32mI (466) M5_SYSTEM: Mount /fonts to storage1 success[0m
[0;32mI (466) M5_SYSTEM: Partition size: total: 113201, used: 95631[0m
[0;32mI (466) M5_SYSTEM: I2C Relay inicializado[0m
Escaneando bus I2C...
¡Dispositivo encontrado en dirección: 0x48!
ets Jul 29 2019 12:21:46

rst:0x7 (TG0WDT_SYS_RESET),boot:0x13 (SPI_FAST_FLASH_BOOT)
configsip: 271414342, SPIWP:0xee
clk_drv:0x00,q_drv:0x00,d_drv:0x00,cs0_drv:0x00,hd_drv:0x00,wp_drv:0x00
mode:DIO, clock div:2
load:0x3fff0030,len:6380
ho 0 tail 12 room 4
load:0x40078000,len:15916
load:0x40080400,len:3860
entry 0x40080638
[0;32mI (59) boot: ESP-IDF v5.5.1 2nd stage bootloader[0m
[0;32mI (59) boot: compile time Apr  8 2026 15:35:52[0m
[0;32mI (59) boot: Multicore bootloader[0m
[0;32mI (61) boot: chip revision: v3.0[0m
[0;32mI (64) boot.esp32: SPI Speed      : 40MHz[0m
[0;32mI (68) boot.esp32: SPI Mode       : DIO[0m
[0;32mI (71) boot.esp32: SPI Flash Size : 8MB[0m
[0;33mW (75) boot.esp32: PRO CPU has been reset by WDT[0m
[0;33mW (79) boot.esp32: WDT rst info: PRO CPU PC=0x400852c2[0m
[0;33mW (84) boot.esp32: WDT rst info: APP CPU PC=0x40085622 (waiti mode)[0m
[0;32mI (90) boot: Enabling RNG early entropy source...[0m
[0;32mI (95) boot: Partition Table:[0m
[0;32mI (97) boot: ## Label            Usage          Type ST Offset   Length[0m
[0;32mI (103) boot:  0 nvs              WiFi data        01 02 00009000 00006000[0m
[0;32mI (110) boot:  1 phy_init         RF data          01 01 0000f000 00001000[0m
[0;32mI (117) boot:  2 factory          factory app      00 00 00010000 00100000[0m
[0;32mI (123) boot:  3 storage1         Unknown data     01 82 00110000 00020000[0m
[0;32mI (130) boot:  4 storage2         Unknown data     01 82 00130000 00050000[0m
[0;32mI (136) boot:  5 storage3         Unknown data     01 82 00180000 00080000[0m
[0;32mI (143) boot: End of partition table[0m
[0;32mI (147) esp_image: segment 0: paddr=00010020 vaddr=3f400020 size=13cf4h ( 81140) map[0m
[0;32mI (182) esp_image: segment 1: paddr=00023d1c vaddr=3ffb0000 size=027e0h ( 10208) load[0m
[0;32mI (186) esp_image: segment 2: paddr=00026504 vaddr=40080000 size=09b14h ( 39700) load[0m
[0;32mI (202) esp_image: segment 3: paddr=00030020 vaddr=400d0020 size=55bfch (351228) map[0m
[0;32mI (322) esp_image: segment 4: paddr=00085c24 vaddr=40089b14 size=07660h ( 30304) load[0m
[0;32mI (334) esp_image: segment 5: paddr=0008d28c vaddr=50000000 size=00020h (    32) load[0m
[0;32mI (342) boot: Loaded app from partition at offset 0x10000[0m
[0;32mI (342) boot: Disabling RNG early entropy source...[0m
[0;32mI (354) cpu_start: Multicore app[0m
[0;32mI (363) cpu_start: Pro cpu start user code[0m
[0;32mI (363) cpu_start: cpu freq: 160000000 Hz[0m
[0;32mI (363) app_init: Application information:[0m
[0;32mI (363) app_init: Project name:     read_voltage[0m
[0;32mI (367) app_init: App version:      c874d72-dirty[0m
[0;32mI (371) app_init: Compile time:     Apr  8 2026 19:18:13[0m
[0;32mI (376) app_init: ELF file SHA256:  f9c680f83...[0m
[0;32mI (381) app_init: ESP-IDF:          v5.5.1[0m
[0;32mI (385) efuse_init: Min chip rev:     v0.0[0m
[0;32mI (388) efuse_init: Max chip rev:     v3.99 [0m
[0;32mI (392) efuse_init: Chip rev:         v3.0[0m
[0;32mI (397) heap_init: Initializing. RAM available for dynamic allocation:[0m
[0;32mI (403) heap_init: At 3FFAE6E0 len 00001920 (6 KiB): DRAM[0m
[0;32mI (408) heap_init: At 3FFB50A8 len 0002AF58 (171 KiB): DRAM[0m
[0;32mI (413) heap_init: At 3FFE0440 len 00003AE0 (14 KiB): D/IRAM[0m
[0;32mI (418) heap_init: At 3FFE4350 len 0001BCB0 (111 KiB): D/IRAM[0m
[0;32mI (424) heap_init: At 40091174 len 0000EE8C (59 KiB): IRAM[0m
[0;32mI (431) spi_flash: detected chip: generic[0m
[0;32mI (433) spi_flash: flash io: dio[0m
[0;33mW (438) i2c: This driver is an old driver, please migrate your application code to adapt `driver/i2c_master.h`[0m
[0;32mI (446) main_task: Started on CPU0[0m
[0;32mI (456) main_task: Calling app_main()[0m
----- Initialising program -----
[0;32mI (456) M5_SYSTEM: Initializing SPIFFS[0m
[0;32mI (466) M5_SYSTEM: Mount /fonts to storage1 success[0m
[0;32mI (466) M5_SYSTEM: Partition size: total: 113201, used: 95631[0m
[0;32mI (466) M5_SYSTEM: I2C Relay inicializado[0m
Escaneando bus I2C...
¡Dispositivo encontrado en dirección: 0x48!
ets Jul 29 2019 12:21:46

rst:0x7 (TG0WDT_SYS_RESET),boot:0x13 (SPI_FAST_FLASH_BOOT)
configsip: 271414342, SPIWP:0xee
clk_drv:0x00,q_drv:0x00,d_drv:0x00,cs0_drv:0x00,hd_drv:0x00,wp_drv:0x00
mode:DIO, clock div:2
load:0x3fff0030,len:6380
ho 0 tail 12 room 4
load:0x40078000,len:15916
load:0x40080400,len:3860
entry 0x40080638
[0;32mI (59) boot: ESP-IDF v5.5.1 2nd stage bootloader[0m
[0;32mI (59) boot: compile time Apr  8 2026 15:35:52[0m
[0;32mI (59) boot: Multicore bootloader[0m
[0;32mI (61) boot: chip revision: v3.0[0m
[0;32mI (64) boot.esp32: SPI Speed      : 40MHz[0m
[0;32mI (68) boot.esp32: SPI Mode       : DIO[0m
[0;32mI (71) boot.esp32: SPI Flash Size : 8MB[0m
[0;33mW (75) boot.esp32: PRO CPU has been reset by WDT[0m
[0;33mW (79) boot.esp32: WDT rst info: PRO CPU PC=0x4008513f[0m
[0;33mW (84) boot.esp32: WDT rst info: APP CPU PC=0x40085622 (waiti mode)[0m
[0;32mI (90) boot: Enabling RNG early entropy source...[0m
[0;32mI (95) boot: Partition Table:[0m
[0;32mI (97) boot: ## Label            Usage          Type ST Offset   Length[0m
[0;32mI (103) boot:  0 nvs              WiFi data        01 02 00009000 00006000[0m
[0;32mI (110) boot:  1 phy_init         RF data          01 01 0000f000 00001000[0m
[0;32mI (117) boot:  2 factory          factory app      00 00 00010000 00100000[0m
[0;32mI (123) boot:  3 storage1         Unknown data     01 82 00110000 00020000[0m
[0;32mI (130) boot:  4 storage2         Unknown data     01 82 00130000 00050000[0m
[0;32mI (136) boot:  5 storage3         Unknown data     01 82 00180000 00080000[0m
[0;32mI (143) boot: End of partition table[0m
[0;32mI (147) esp_image: segment 0: paddr=00010020 vaddr=3f400020 size=13cf4h ( 81140) map[0m
[0;32mI (182) esp_image: segment 1: paddr=00023d1c vaddr=3ffb0000 size=027e0h ( 10208) load[0m
[0;32mI (186) esp_image: segment 2: paddr=00026504 vaddr=40080000 size=09b14h ( 39700) load[0m
[0;32mI (202) esp_image: segment 3: paddr=00030020 vaddr=400d0020 size=55bfch (351228) map[0m
[0;32mI (322) esp_image: segment 4: paddr=00085c24 vaddr=40089b14 size=07660h ( 30304) load[0m
[0;32mI (334) esp_image: segment 5: paddr=0008d28c vaddr=50000000 size=00020h (    32) load[0m
[0;32mI (342) boot: Loaded app from partition at offset 0x10000[0m
[0;32mI (342) boot: Disabling RNG early entropy source...[0m
[0;32mI (354) cpu_start: Multicore app[0m
[0;32mI (363) cpu_start: Pro cpu start user code[0m
[0;32mI (363) cpu_start: cpu freq: 160000000 Hz[0m
[0;32mI (363) app_init: Application information:[0m
[0;32mI (363) app_init: Project name:     read_voltage[0m
[0;32mI (367) app_init: App version:      c874d72-dirty[0m
[0;32mI (371) app_init: Compile time:     Apr  8 2026 19:18:13[0m
[0;32mI (376) app_init: ELF file SHA256:  f9c680f83...[0m
[0;32mI (381) app_init: ESP-IDF:          v5.5.1[0m
[0;32mI (385) efuse_init: Min chip rev:     v0.0[0m
[0;32mI (388) efuse_init: Max chip rev:     v3.99 [0m
[0;32mI (392) efuse_init: Chip rev:         v3.0[0m
[0;32mI (397) heap_init: Initializing. RAM available for dynamic allocation:[0m
[0;32mI (403) heap_init: At 3FFAE6E0 len 00001920 (6 KiB): DRAM[0m
[0;32mI (408) heap_init: At 3FFB50A8 len 0002AF58 (171 KiB): DRAM[0m
[0;32mI (413) heap_init: At 3FFE0440 len 00003AE0 (14 KiB): D/IRAM[0m
[0;32mI (418) heap_init: At 3FFE4350 len 0001BCB0 (111 KiB): D/IRAM[0m
[0;32mI (424) heap_init: At 40091174 len 0000EE8C (59 KiB): IRAM[0m
[0;32mI (431) spi_flash: detected chip: generic[0m
[0;32mI (433) spi_flash: flash io: dio[0m
[0;33mW (439) i2c: This driver is an old driver, please migrate your application code to adapt `driver/i2c_master.h`[0m
[0;32mI (446) main_task: Started on CPU0[0m
[0;32mI (456) main_task: Calling app_main()[0m
----- Initialising program -----
[0;32mI (456) M5_SYSTEM: Initializing SPIFFS[0m
[0;32mI (466) M5_SYSTEM: Mount /fonts to storage1 success[0m
[0;32mI (466) M5_SYSTEM: Partition size: total: 113201, used: 95631[0m
[0;32mI (466) M5_SYSTEM: I2C Relay inicializado[0m
Escaneando bus I2C...
¡Dispositivo encontrado en dirección: 0x48!
ets Jul 29 2019 12:21:46

rst:0x7 (TG0WDT_SYS_RESET),boot:0x13 (SPI_FAST_FLASH_BOOT)
configsip: 271414342, SPIWP:0xee
clk_drv:0x00,q_drv:0x00,d_drv:0x00,cs0_drv:0x00,hd_drv:0x00,wp_drv:0x00
mode:DIO, clock div:2
load:0x3fff0030,len:6380
ho 0 tail 12 room 4
load:0x40078000,len:15916
load:0x40080400,len:3860
entry 0x40080638
[0;32mI (59) boot: ESP-IDF v5.5.1 2nd stage bootloader[0m
[0;32mI (59) boot: compile time Apr  8 2026 15:35:52[0m
[0;32mI (59) boot: Multicore bootloader[0m
[0;32mI (61) boot: chip revision: v3.0[0m
[0;32mI (64) boot.esp32: SPI Speed      : 40MHz[0m
[0;32mI (68) boot.esp32: SPI Mode       : DIO[0m
[0;32mI (71) boot.esp32: SPI Flash Size : 8MB[0m
[0;33mW (75) boot.esp32: PRO CPU has been reset by WDT[0m
[0;33mW (79) boot.esp32: WDT rst info: PRO CPU PC=0x40082d57[0m
[0;33mW (84) boot.esp32: WDT rst info: APP CPU PC=0x40085622 (waiti mode)[0m
[0;32mI (90) boot: Enabling RNG early entropy source...[0m
[0;32mI (95) boot: Partition Table:[0m
[0;32mI (97) boot: ## Label            Usage          Type ST Offset   Length[0m
[0;32mI (103) boot:  0 nvs              WiFi data        01 02 00009000 00006000[0m
[0;32mI (110) boot:  1 phy_init         RF data          01 01 0000f000 00001000[0m
[0;32mI (117) boot:  2 factory          factory app      00 00 00010000 00100000[0m
[0;32mI (123) boot:  3 storage1         Unknown data     01 82 00110000 00020000[0m
[0;32mI (130) boot:  4 storage2         Unknown data     01 82 00130000 00050000[0m
[0;32mI (136) boot:  5 storage3         Unknown data     01 82 00180000 00080000[0m
[0;32mI (143) boot: End of partition table[0m
[0;32mI (147) esp_image: segment 0: paddr=00010020 vaddr=3f400020 size=13cf4h ( 81140) map[0m
[0;32mI (182) esp_image: segment 1: paddr=00023d1c vaddr=3ffb0000 size=027e0h ( 10208) load[0m
[0;32mI (186) esp_image: segment 2: paddr=00026504 vaddr=40080000 size=09b14h ( 39700) load[0m
[0;32mI (202) esp_image: segment 3: paddr=00030020 vaddr=400d0020 size=55bfch (351228) map[0m
[0;32mI (322) esp_image: segment 4: paddr=00085c24 vaddr=40089b14 size=07660h ( 30304) load[0m
[0;32mI (334) esp_image: segment 5: paddr=0008d28c vaddr=50000000 size=00020h (    32) load[0m
[0;32mI (342) boot: Loaded app from partition at offset 0x10000[0m
[0;32mI (342) boot: Disabling RNG early entropy source...[0m
[0;32mI (354) cpu_start: Multicore app[0m
[0;32mI (363) cpu_start: Pro cpu start user code[0m
[0;32mI (363) cpu_start: cpu freq: 160000000 Hz[0m
[0;32mI (363) app_init: Application information:[0m
[0;32mI (363) app_init: Project name:     read_voltage[0m
[0;32mI (367) app_init: App version:      c874d72-dirty[0m
[0;32mI (371) app_init: Compile time:     Apr  8 2026 19:18:13[0m
[0;32mI (376) app_init: ELF file SHA256:  f9c680f83...[0m
[0;32mI (381) app_init: ESP-IDF:          v5.5.1[0m
[0;32mI (385) efuse_init: Min chip rev:     v0.0[0m
[0;32mI (388) efuse_init: Max chip rev:     v3.99 [0m
[0;32mI (392) efuse_init: Chip rev:         v3.0[0m
[0;32mI (397) heap_init: Initializing. RAM available for dynamic allocation:[0m
[0;32mI (403) heap_init: At 3FFAE6E0 len 00001920 (6 KiB): DRAM[0m
[0;32mI (408) heap_init: At 3FFB50A8 len 0002AF58 (171 KiB): DRAM[0m
[0;32mI (413) heap_init: At 3FFE0440 len 00003AE0 (14 KiB): D/IRAM[0m
[0;32mI (418) heap_init: At 3FFE4350 len 0001BCB0 (111 KiB): D/IRAM[0m
[0;32mI (424) heap_init: At 40091174 len 0000EE8C (59 KiB): IRAM[0m
[0;32mI (431) spi_flash: detected chip: generic[0m
[0;32mI (433) spi_flash: flash io: dio[0m
[0;33mW (438) i2c: This driver is an old driver, please migrate your application code to adapt `driver/i2c_master.h`[0m
[0;32mI (446) main_task: Started on CPU0[0m
[0;32mI (456) main_task: Calling app_main()[0m
----- Initialising program -----
[0;32mI (456) M5_SYSTEM: Initializing SPIFFS[0m
[0;32mI (466) M5_SYSTEM: Mount /fonts to storage1 success[0m
[0;32mI (466) M5_SYSTEM: Partition size: total: 113201, used: 95631[0m
[0;32mI (466) M5_SYSTEM: I2C Relay inicializado[0m
Escaneando bus I2C...
¡Dispositivo encontrado en dirección: 0x48!
ets Jul 29 2019 12:21:46

rst:0x7 (TG0WDT_SYS_RESET),boot:0x13 (SPI_FAST_FLASH_BOOT)
configsip: 271414342, SPIWP:0xee
clk_drv:0x00,q_drv:0x00,d_drv:0x00,cs0_drv:0x00,hd_drv:0x00,wp_drv:0x00
mode:DIO, clock div:2
load:0x3fff0030,len:6380
ho 0 tail 12 room 4
load:0x40078000,len:15916
load:0x40080400,len:3860
entry 0x40080638
[0;32mI (59) boot: ESP-IDF v5.5.1 2nd stage bootloader[0m
[0;32mI (59) boot: compile time Apr  8 2026 15:35:52[0m
[0;32mI (59) boot: Multicore bootloader[0m
[0;32mI (61) boot: chip revision: v3.0[0m
[0;32mI (64) boot.esp32: SPI Speed      : 40MHz[0m
[0;32mI (68) boot.esp32: SPI Mode       : DIO[0m
[0;32mI (71) boot.esp32: SPI Flash Size : 8MB[0m
[0;33mW (75) boot.esp32: PRO CPU has been reset by WDT[0m
[0;33mW (79) boot.esp32: WDT rst info: PRO CPU PC=0x40082db4[0m
[0;33mW (84) boot.esp32: WDT rst info: APP CPU PC=0x40085622 (waiti mode)[0m
[0;32mI (90) boot: Enabling RNG early entropy source...[0m
[0;32mI (95) boot: Partition Table:[0m
[0;32mI (97) boot: ## Label            Usage          Type ST Offset   Length[0m
[0;32mI (103) boot:  0 nvs              WiFi data        01 02 00009000 00006000[0m
[0;32mI (110) boot:  1 phy_init         RF data          01 01 0000f000 00001000[0m
[0;32mI (117) boot:  2 factory          factory app      00 00 00010000 00100000[0m
[0;32mI (123) boot:  3 storage1         Unknown data     01 82 00110000 00020000[0m
[0;32mI (130) boot:  4 storage2         Unknown data     01 82 00130000 00050000[0m
[0;32mI (136) boot:  5 storage3         Unknown data     01 82 00180000 00080000[0m
[0;32mI (143) boot: End of partition table[0m
[0;32mI (147) esp_image: segment 0: paddr=00010020 vaddr=3f400020 size=13cf4h ( 81140) map[0m
[0;32mI (182) esp_image: segment 1: paddr=00023d1c vaddr=3ffb0000 size=027e0h ( 10208) load[0m
[0;32mI (186) esp_image: segment 2: paddr=00026504 vaddr=40080000 size=09b14h ( 39700) load[0m
[0;32mI (202) esp_image: segment 3: paddr=00030020 vaddr=400d0020 size=55bfch (351228) map[0m
[0;32mI (322) esp_image: segment 4: paddr=00085c24 vaddr=40089b14 size=07660h ( 30304) load[0m
[0;32mI (334) esp_image: segment 5: paddr=0008d28c vaddr=50000000 size=00020h (    32) load[0m
[0;32mI (342) boot: Loaded app from partition at offset 0x10000[0m
[0;32mI (342) boot: Disabling RNG early entropy source...[0m
[0;32mI (354) cpu_start: Multicore app[0m
[0;32mI (363) cpu_start: Pro cpu start user code[0m
[0;32mI (363) cpu_start: cpu freq: 160000000 Hz[0m
[0;32mI (363) app_init: Application information:[0m
[0;32mI (363) app_init: Project name:     read_voltage[0m
[0;32mI (367) app_init: App version:      c874d72-dirty[0m
[0;32mI (371) app_init: Compile time:     Apr  8 2026 19:18:13[0m
[0;32mI (376) app_init: ELF file SHA256:  f9c680f83...[0m
[0;32mI (381) app_init: ESP-IDF:          v5.5.1[0m
[0;32mI (385) efuse_init: Min chip rev:     v0.0[0m
[0;32mI (388) efuse_init: Max chip rev:     v3.99 [0m
[0;32mI (392) efuse_init: Chip rev:         v3.0[0m
[0;32mI (397) heap_init: Initializing. RAM available for dynamic allocation:[0m
[0;32mI (403) heap_init: At 3FFAE6E0 len 00001920 (6 KiB): DRAM[0m
[0;32mI (408) heap_init: At 3FFB50A8 len 0002AF58 (171 KiB): DRAM[0m
[0;32mI (413) heap_init: At 3FFE0440 len 00003AE0 (14 KiB): D/IRAM[0m
[0;32mI (418) heap_init: At 3FFE4350 len 0001BCB0 (111 KiB): D/IRAM[0m
[0;32mI (424) heap_init: At 40091174 len 0000EE8C (59 KiB): IRAM[0m
[0;32mI (431) spi_flash: detected chip: generic[0m
[0;32mI (433) spi_flash: flash io: dio[0m
[0;33mW (438) i2c: This driver is an old driver, please migrate your application code to adapt `driver/i2c_master.h`[0m
[0;32mI (446) main_task: Started on CPU0[0m
[0;32mI (456) main_task: Calling app_main()[0m
----- Initialising program -----
[0;32mI (456) M5_SYSTEM: Initializing SPIFFS[0m
[0;32mI (466) M5_SYSTEM: Mount /fonts to storage1 success[0m
[0;32mI (466) M5_SYSTEM: Partition size: total: 113201, used: 95631[0m
[0;32mI (466) M5_SYSTEM: I2C Relay inicializado[0m
Escaneando bus I2C...
¡Dispositivo encontrado en dirección: 0x48!
ets Jul 29 2019 12:21:46

rst:0x7 (TG0WDT_SYS_RESET),boot:0x13 (SPI_FAST_FLASH_BOOT)
configsip: 271414342, SPIWP:0xee
clk_drv:0x00,q_drv:0x00,d_drv:0x00,cs0_drv:0x00,hd_drv:0x00,wp_drv:0x00
mode:DIO, clock div:2
load:0x3fff0030,len:6380
ho 0 tail 12 room 4
load:0x40078000,len:15916
load:0x40080400,len:3860
entry 0x40080638
[0;32mI (59) boot: ESP-IDF v5.5.1 2nd stage bootloader[0m
[0;32mI (59) boot: compile time Apr  8 2026 15:35:52[0m
[0;32mI (59) boot: Multicore bootloader[0m
[0;32mI (61) boot: chip revision: v3.0[0m
[0;32mI (64) boot.esp32: SPI Speed      : 40MHz[0m
[0;32mI (68) boot.esp32: SPI Mode       : DIO[0m
[0;32mI (71) boot.esp32: SPI Flash Size : 8MB[0m
[0;33mW (75) boot.esp32: PRO CPU has been reset by WDT[0m
[0;33mW (79) boot.esp32: WDT rst info: PRO CPU PC=0x40082db4[0m
[0;33mW (84) boot.esp32: WDT rst info: APP CPU PC=0x40085622 (waiti mode)[0m
[0;32mI (90) boot: Enabling RNG early entropy source...[0m
[0;32mI (95) boot: Partition Table:[0m
[0;32mI (97) boot: ## Label            Usage          Type ST Offset   Length[0m
[0;32mI (103) boot:  0 nvs              WiFi data        01 02 00009000 00006000[0m
[0;32mI (110) boot:  1 phy_init         RF data          01 01 0000f000 00001000[0m
[0;32mI (117) boot:  2 factory          factory app      00 00 00010000 00100000[0m
[0;32mI (123) boot:  3 storage1         Unknown data     01 82 00110000 00020000[0m
[0;32mI (130) boot:  4 storage2         Unknown data     01 82 00130000 00050000[0m
[0;32mI (136) boot:  5 storage3         Unknown data     01 82 00180000 00080000[0m
[0;32mI (143) boot: End of partition table[0m
[0;32mI (147) esp_image: segment 0: paddr=00010020 vaddr=3f400020 size=13cf4h ( 81140) map[0m
[0;32mI (182) esp_image: segment 1: paddr=00023d1c vaddr=3ffb0000 size=027e0h ( 10208) load[0m
[0;32mI (186) esp_image: segment 2: paddr=00026504 vaddr=40080000 size=09b14h ( 39700) load[0m
[0;32mI (202) esp_image: segment 3: paddr=00030020 vaddr=400d0020 size=55bfch (351228) map[0m
[0;32mI (322) esp_image: segment 4: paddr=00085c24 vaddr=40089b14 size=07660h ( 30304) load[0m
[0;32mI (334) esp_image: segment 5: paddr=0008d28c vaddr=50000000 size=00020h (    32) load[0m
[0;32mI (342) boot: Loaded app from partition at offset 0x10000[0m
[0;32mI (342) boot: Disabling RNG early entropy source...[0m
[0;32mI (354) cpu_start: Multicore app[0m
[0;32mI (363) cpu_start: Pro cpu start user code[0m
[0;32mI (363) cpu_start: cpu freq: 160000000 Hz[0m
[0;32mI (363) app_init: Application information:[0m
[0;32mI (363) app_init: Project name:     read_voltage[0m
[0;32mI (367) app_init: App version:      c874d72-dirty[0m
[0;32mI (371) app_init: Compile time:     Apr  8 2026 19:18:13[0m
[0;32mI (376) app_init: ELF file SHA256:  f9c680f83...[0m
[0;32mI (381) app_init: ESP-IDF:          v5.5.1[0m
[0;32mI (385) efuse_init: Min chip rev:     v0.0[0m
[0;32mI (388) efuse_init: Max chip rev:     v3.99 [0m
[0;32mI (392) efuse_init: Chip rev:         v3.0[0m
[0;32mI (397) heap_init: Initializing. RAM available for dynamic allocation:[0m
[0;32mI (403) heap_init: At 3FFAE6E0 len 00001920 (6 KiB): DRAM[0m
[0;32mI (408) heap_init: At 3FFB50A8 len 0002AF58 (171 KiB): DRAM[0m
[0;32mI (413) heap_init: At 3FFE0440 len 00003AE0 (14 KiB): D/IRAM[0m
[0;32mI (418) heap_init: At 3FFE4350 len 0001BCB0 (111 KiB): D/IRAM[0m
[0;32mI (424) heap_init: At 40091174 len 0000EE8C (59 KiB): IRAM[0m
[0;32mI (431) spi_flash: detected chip: generic[0m
[0;32mI (433) spi_flash: flash io: dio[0m
[0;33mW (439) i2c: This driver is an old driver, please migrate your application code to adapt `driver/i2c_master.h`[0m
[0;32mI (446) main_task: Started on CPU0[0m
[0;32mI (456) main_task: Calling app_main()[0m
----- Initialising program -----
[0;32mI (456) M5_SYSTEM: Initializing SPIFFS[0m
[0;32mI (466) M5_SYSTEM: Mount /fonts to storage1 success[0m
[0;32mI (466) M5_SYSTEM: Partition size: total: 113201, used: 95631[0m
[0;32mI (466) M5_SYSTEM: I2C Relay inicializado[0m
Escaneando bus I2C...
¡Dispositivo encontrado en dirección: 0x48!
ets Jul 29 2019 12:21:46

rst:0x7 (TG0WDT_SYS_RESET),boot:0x13 (SPI_FAST_FLASH_BOOT)
configsip: 271414342, SPIWP:0xee
clk_drv:0x00,q_drv:0x00,d_drv:0x00,cs0_drv:0x00,hd_drv:0x00,wp_drv:0x00
mode:DIO, clock div:2
load:0x3fff0030,len:6380
ho 0 tail 12 room 4
load:0x40078000,len:15916
load:0x40080400,len:3860
entry 0x40080638
[0;32mI (59) boot: ESP-IDF v5.5.1 2nd stage bootloader[0m
[0;32mI (59) boot: compile time Apr  8 2026 15:35:52[0m
[0;32mI (59) boot: Multicore bootloader[0m
[0;32mI (61) boot: chip revision: v3.0[0m
[0;32mI (64) boot.esp32: SPI Speed      : 40MHz[0m
[0;32mI (68) boot.esp32: SPI Mode       : DIO[0m
[0;32mI (71) boot.esp32: SPI Flash Size : 8MB[0m
[0;33mW (75) boot.esp32: PRO CPU has been reset by WDT[0m
[0;33mW (79) boot.esp32: WDT rst info: PRO CPU PC=0x400852c2[0m
[0;33mW (84) boot.esp32: WDT rst info: APP CPU PC=0x40085622 (waiti mode)[0m
[0;32mI (90) boot: Enabling RNG early entropy source...[0m
[0;32mI (95) boot: Partition Table:[0m
[0;32mI (97) boot: ## Label            Usage          Type ST Offset   Length[0m
[0;32mI (103) boot:  0 nvs              WiFi data        01 02 00009000 00006000[0m
[0;32mI (110) boot:  1 phy_init         RF data          01 01 0000f000 00001000[0m
[0;32mI (117) boot:  2 factory          factory app      00 00 00010000 00100000[0m
[0;32mI (123) boot:  3 storage1         Unknown data     01 82 00110000 00020000[0m
[0;32mI (130) boot:  4 storage2         Unknown data     01 82 00130000 00050000[0m
[0;32mI (136) boot:  5 storage3         Unknown data     01 82 00180000 00080000[0m
[0;32mI (143) boot: End of partition table[0m
[0;32mI (147) esp_image: segment 0: paddr=00010020 vaddr=3f400020 size=13cf4h ( 81140) map[0m
[0;32mI (182) esp_image: segment 1: paddr=00023d1c vaddr=3ffb0000 size=027e0h ( 10208) load[0m
[0;32mI (186) esp_image: segment 2: paddr=00026504 vaddr=40080000 size=09b14h ( 39700) load[0m
[0;32mI (202) esp_image: segment 3: paddr=00030020 vaddr=400d0020 size=55bfch (351228) map[0m
[0;32mI (322) esp_image: segment 4: paddr=00085c24 vaddr=40089b14 size=07660h ( 30304) load[0m
[0;32mI (334) esp_image: segment 5: paddr=0008d28c vaddr=50000000 size=00020h (    32) load[0m
[0;32mI (342) boot: Loaded app from partition at offset 0x10000[0m
[0;32mI (342) boot: Disabling RNG early entropy source...[0m
[0;32mI (354) cpu_start: Multicore app[0m
[0;32mI (363) cpu_start: Pro cpu start user code[0m
[0;32mI (363) cpu_start: cpu freq: 160000000 Hz[0m
[0;32mI (363) app_init: Application information:[0m
[0;32mI (363) app_init: Project name:     read_voltage[0m
[0;32mI (367) app_init: App version:      c874d72-dirty[0m
[0;32mI (371) app_init: Compile time:     Apr  8 2026 19:18:13[0m
[0;32mI (376) app_init: ELF file SHA256:  f9c680f83...[0m
[0;32mI (381) app_init: ESP-IDF:          v5.5.1[0m
[0;32mI (385) efuse_init: Min chip rev:     v0.0[0m
[0;32mI (388) efuse_init: Max chip rev:     v3.99 [0m
[0;32mI (392) efuse_init: Chip rev:         v3.0[0m
[0;32mI (397) heap_init: Initializing. RAM available for dynamic allocation:[0m
[0;32mI (403) heap_init: At 3FFAE6E0 len 00001920 (6 KiB): DRAM[0m
[0;32mI (408) heap_init: At 3FFB50A8 len 0002AF58 (171 KiB): DRAM[0m
[0;32mI (413) heap_init: At 3FFE0440 len 00003AE0 (14 KiB): D/IRAM[0m
[0;32mI (418) heap_init: At 3FFE4350 len 0001BCB0 (111 KiB): D/IRAM[0m
[0;32mI (424) heap_init: At 40091174 len 0000EE8C (59 KiB): IRAM[0m
[0;32mI (431) spi_flash: detected chip: generic[0m
[0;32mI (433) spi_flash: flash io: dio[0m
[0;33mW (438) i2c: This driver is an old driver, please migrate your application code to adapt `driver/i2c_master.h`[0m
[0;32mI (446) main_task: Started on CPU0[0m
[0;32mI (456) main_task: Calling app_main()[0m
----- Initialising program -----
[0;32mI (456) M5_SYSTEM: Initializing SPIFFS[0m
[0;32mI (466) M5_SYSTEM: Mount /fonts to storage1 success[0m
[0;32mI (466) M5_SYSTEM: Partition size: total: 113201, used: 95631[0m
[0;32mI (466) M5_SYSTEM: I2C Relay inicializado[0m
Escaneando bus I2C...
¡Dispositivo encontrado en dirección: 0x48!
ets Jul 29 2019 12:21:46

rst:0x7 (TG0WDT_SYS_RESET),boot:0x13 (SPI_FAST_FLASH_BOOT)
configsip: 271414342, SPIWP:0xee
clk_drv:0x00,q_drv:0x00,d_drv:0x00,cs0_drv:0x00,hd_drv:0x00,wp_drv:0x00
mode:DIO, clock div:2
load:0x3fff0030,len:6380
ho 0 tail 12 room 4
load:0x40078000,len:15916
load:0x40080400,len:3860
entry 0x40080638
[0;32mI (59) boot: ESP-IDF v5.5.1 2nd stage bootloader[0m
[0;32mI (59) boot: compile time Apr  8 2026 15:35:52[0m
[0;32mI (59) boot: Multicore bootloader[0m
[0;32mI (61) boot: chip revision: v3.0[0m
[0;32mI (64) boot.esp32: SPI Speed      : 40MHz[0m
[0;32mI (68) boot.esp32: SPI Mode       : DIO[0m
[0;32mI (71) boot.esp32: SPI Flash Size : 8MB[0m
[0;33mW (75) boot.esp32: PRO CPU has been reset by WDT[0m
[0;33mW (79) boot.esp32: WDT rst info: PRO CPU PC=0x4008513c[0m
[0;33mW (84) boot.esp32: WDT rst info: APP CPU PC=0x40085622 (waiti mode)[0m
[0;32mI (90) boot: Enabling RNG early entropy source...[0m
[0;32mI (95) boot: Partition Table:[0m
[0;32mI (97) boot: ## Label            Usage          Type ST Offset   Length[0m
[0;32mI (103) boot:  0 nvs              WiFi data        01 02 00009000 00006000[0m
[0;32mI (110) boot:  1 phy_init         RF data          01 01 0000f000 00001000[0m
[0;32mI (117) boot:  2 factory          factory app      00 00 00010000 00100000[0m
[0;32mI (123) boot:  3 storage1         Unknown data     01 82 00110000 00020000[0m
[0;32mI (130) boot:  4 storage2         Unknown data     01 82 00130000 00050000[0m
[0;32mI (136) boot:  5 storage3         Unknown data     01 82 00180000 00080000[0m
[0;32mI (143) boot: End of partition table[0m
[0;32mI (147) esp_image: segment 0: paddr=00010020 vaddr=3f400020 size=13cf4h ( 81140) map[0m
[0;32mI (182) esp_image: segment 1: paddr=00023d1c vaddr=3ffb0000 size=027e0h ( 10208) load[0m
[0;32mI (186) esp_image: segment 2: paddr=00026504 vaddr=40080000 size=09b14h ( 39700) load[0m
[0;32mI (202) esp_image: segment 3: paddr=00030020 vaddr=400d0020 size=55bfch (351228) map[0m
[0;32mI (322) esp_image: segment 4: paddr=00085c24 vaddr=40089b14 size=07660h ( 30304) load[0m
[0;32mI (334) esp_image: segment 5: paddr=0008d28c vaddr=50000000 size=00020h (    32) load[0m
[0;32mI (342) boot: Loaded app from partition at offset 0x10000[0m
[0;32mI (342) boot: Disabling RNG early entropy source...[0m
[0;32mI (354) cpu_start: Multicore app[0m
[0;32mI (363) cpu_start: Pro cpu start user code[0m
[0;32mI (363) cpu_start: cpu freq: 160000000 Hz[0m
[0;32mI (363) app_init: Application information:[0m
[0;32mI (363) app_init: Project name:     read_voltage[0m
[0;32mI (367) app_init: App version:      c874d72-dirty[0m
[0;32mI (371) app_init: Compile time:     Apr  8 2026 19:18:13[0m
[0;32mI (376) app_init: ELF file SHA256:  f9c680f83...[0m
[0;32mI (381) app_init: ESP-IDF:          v5.5.1[0m
[0;32mI (385) efuse_init: Min chip rev:     v0.0[0m
[0;32mI (388) efuse_init: Max chip rev:     v3.99 [0m
[0;32mI (392) efuse_init: Chip rev:         v3.0[0m
[0;32mI (397) heap_init: Initializing. RAM available for dynamic allocation:[0m
[0;32mI (403) heap_init: At 3FFAE6E0 len 00001920 (6 KiB): DRAM[0m
[0;32mI (408) heap_init: At 3FFB50A8 len 0002AF58 (171 KiB): DRAM[0m
[0;32mI (413) heap_init: At 3FFE0440 len 00003AE0 (14 KiB): D/IRAM[0m
[0;32mI (418) heap_init: At 3FFE4350 len 0001BCB0 (111 KiB): D/IRAM[0m
[0;32mI (424) heap_init: At 40091174 len 0000EE8C (59 KiB): IRAM[0m
[0;32mI (431) spi_flash: detected chip: generic[0m
[0;32mI (433) spi_flash: flash io: dio[0m
[0;33mW (439) i2c: This driver is an old driver, please migrate your application code to adapt `driver/i2c_master.h`[0m
[0;32mI (446) main_task: Started on CPU0[0m
[0;32mI (456) main_task: Calling app_main()[0m
----- Initialising program -----
[0;32mI (456) M5_SYSTEM: Initializing SPIFFS[0m
[0;32mI (466) M5_SYSTEM: Mount /fonts to storage1 success[0m
[0;32mI (466) M5_SYSTEM: Partition size: total: 113201, used: 95631[0m
[0;32mI (466) M5_SYSTEM: I2C Relay inicializado[0m
Escaneando bus I2C...
¡Dispositivo encontrado en dirección: 0x48!
ets Jul 29 2019 12:21:46

rst:0x7 (TG0WDT_SYS_RESET),boot:0x13 (SPI_FAST_FLASH_BOOT)
configsip: 271414342, SPIWP:0xee
clk_drv:0x00,q_drv:0x00,d_drv:0x00,cs0_drv:0x00,hd_drv:0x00,wp_drv:0x00
mode:DIO, clock div:2
load:0x3fff0030,len:6380
ho 0 tail 12 room 4
load:0x40078000,len:15916
load:0x40080400,len:3860
entry 0x40080638
[0;32mI (59) boot: ESP-IDF v5.5.1 2nd stage bootloader[0m
[0;32mI (59) boot: compile time Apr  8 2026 15:35:52[0m
[0;32mI (59) boot: Multicore bootloader[0m
[0;32mI (61) boot: chip revision: v3.0[0m
[0;32mI (64) boot.esp32: SPI Speed      : 40MHz[0m
[0;32mI (68) boot.esp32: SPI Mode       : DIO[0m
[0;32mI (71) boot.esp32: SPI Flash Size : 8MB[0m
[0;33mW (75) boot.esp32: PRO CPU has been reset by WDT[0m
[0;33mW (79) boot.esp32: WDT rst info: PRO CPU PC=0x400852c2[0m
[0;33mW (84) boot.esp32: WDT rst info: APP CPU PC=0x40085622 (waiti mode)[0m
[0;32mI (90) boot: Enabling RNG early entropy source...[0m
[0;32mI (95) boot: Partition Table:[0m
[0;32mI (97) boot: ## Label            Usage          Type ST Offset   Length[0m
[0;32mI (103) boot:  0 nvs              WiFi data        01 02 00009000 00006000[0m
[0;32mI (110) boot:  1 phy_init         RF data          01 01 0000f000 00001000[0m
[0;32mI (117) boot:  2 factory          factory app      00 00 00010000 00100000[0m
[0;32mI (123) boot:  3 storage1         Unknown data     01 82 00110000 00020000[0m
[0;32mI (130) boot:  4 storage2         Unknown data     01 82 00130000 00050000[0m
[0;32mI (136) boot:  5 storage3         Unknown data     01 82 00180000 00080000[0m
[0;32mI (143) boot: End of partition table[0m
[0;32mI (147) esp_image: segment 0: paddr=00010020 vaddr=3f400020 size=13cf4h ( 81140) map[0m
[0;32mI (182) esp_image: segment 1: paddr=00023d1c vaddr=3ffb0000 size=027e0h ( 10208) load[0m
[0;32mI (186) esp_image: segment 2: paddr=00026504 vaddr=40080000 size=09b14h ( 39700) load[0m
[0;32mI (202) esp_image: segment 3: paddr=00030020 vaddr=400d0020 size=55bfch (351228) map[0m
[0;32mI (322) esp_image: segment 4: paddr=00085c24 vaddr=40089b14 size=07660h ( 30304) load[0m
[0;32mI (334) esp_image: segment 5: paddr=0008d28c vaddr=50000000 size=00020h (    32) load[0m
[0;32mI (342) boot: Loaded app from partition at offset 0x10000[0m
[0;32mI (342) boot: Disabling RNG early entropy source...[0m
[0;32mI (354) cpu_start: Multicore app[0m
[0;32mI (363) cpu_start: Pro cpu start user code[0m
[0;32mI (363) cpu_start: cpu freq: 160000000 Hz[0m
[0;32mI (363) app_init: Application information:[0m
[0;32mI (363) app_init: Project name:     read_voltage[0m
[0;32mI (367) app_init: App version:      c874d72-dirty[0m
[0;32mI (371) app_init: Compile time:     Apr  8 2026 19:18:13[0m
[0;32mI (376) app_init: ELF file SHA256:  f9c680f83...[0m
[0;32mI (381) app_init: ESP-IDF:          v5.5.1[0m
[0;32mI (385) efuse_init: Min chip rev:     v0.0[0m
[0;32mI (388) efuse_init: Max chip rev:     v3.99 [0m
[0;32mI (392) efuse_init: Chip rev:         v3.0[0m
[0;32mI (397) heap_init: Initializing. RAM available for dynamic allocation:[0m
[0;32mI (403) heap_init: At 3FFAE6E0 len 00001920 (6 KiB): DRAM[0m
[0;32mI (408) heap_init: At 3FFB50A8 len 0002AF58 (171 KiB): DRAM[0m
[0;32mI (413) heap_init: At 3FFE0440 len 00003AE0 (14 KiB): D/IRAM[0m
[0;32mI (418) heap_init: At 3FFE4350 len 0001BCB0 (111 KiB): D/IRAM[0m
[0;32mI (424) heap_init: At 40091174 len 0000EE8C (59 KiB): IRAM[0m
[0;32mI (431) spi_flash: detected chip: generic[0m
[0;32mI (433) spi_flash: flash io: dio[0m
[0;33mW (439) i2c: This driver is an old driver, please migrate your application code to adapt `driver/i2c_master.h`[0m
[0;32mI (446) main_task: Started on CPU0[0m
[0;32mI (456) main_task: Calling app_main()[0m
----- Initialising program -----
[0;32mI (456) M5_SYSTEM: Initializing SPIFFS[0m
[0;32mI (466) M5_SYSTEM: Mount /fonts to storage1 success[0m
[0;32mI (466) M5_SYSTEM: Partition size: total: 113201, used: 95631[0m
[0;32mI (466) M5_SYSTEM: I2C Relay inicializado[0m
Escaneando bus I2C...
¡Dispositivo encontrado en dirección: 0x48!
ets Jul 29 2019 12:21:46

rst:0x7 (TG0WDT_SYS_RESET),boot:0x13 (SPI_FAST_FLASH_BOOT)
configsip: 271414342, SPIWP:0xee
clk_drv:0x00,q_drv:0x00,d_drv:0x00,cs0_drv:0x00,hd_drv:0x00,wp_drv:0x00
mode:DIO, clock div:2
load:0x3fff0030,len:6380
ho 0 tail 12 room 4
load:0x40078000,len:15916
load:0x40080400,len:3860
entry 0x40080638
[0;32mI (59) boot: ESP-IDF v5.5.1 2nd stage bootloader[0m
[0;32mI (59) boot: compile time Apr  8 2026 15:35:52[0m
[0;32mI (59) boot: Multicore bootloader[0m
[0;32mI (61) boot: chip revision: v3.0[0m
[0;32mI (64) boot.esp32: SPI Speed      : 40MHz[0m
[0;32mI (68) boot.esp32: SPI Mode       : DIO[0m
[0;32mI (71) boot.esp32: SPI Flash Size : 8MB[0m
[0;33mW (75) boot.esp32: PRO CPU has been reset by WDT[0m
[0;33mW (79) boot.esp32: WDT rst info: PRO CPU PC=0x4008513c[0m
[0;33mW (84) boot.esp32: WDT rst info: APP CPU PC=0x40085622 (waiti mode)[0m
[0;32mI (90) boot: Enabling RNG early entropy source...[0m
[0;32mI (95) boot: Partition Table:[0m
[0;32mI (97) boot: ## Label            Usage          Type ST Offset   Length[0m
[0;32mI (103) boot:  0 nvs              WiFi data        01 02 00009000 00006000[0m
[0;32mI (110) boot:  1 phy_init         RF data          01 01 0000f000 00001000[0m
[0;32mI (117) boot:  2 factory          factory app      00 00 00010000 00100000[0m
[0;32mI (123) boot:  3 storage1         Unknown data     01 82 00110000 00020000[0m
[0;32mI (130) boot:  4 storage2         Unknown data     01 82 00130000 00050000[0m
[0;32mI (136) boot:  5 storage3         Unknown data     01 82 00180000 00080000[0m
[0;32mI (143) boot: End of partition table[0m
[0;32mI (147) esp_image: segment 0: paddr=00010020 vaddr=3f400020 size=13cf4h ( 81140) map[0m
[0;32mI (182) esp_image: segment 1: paddr=00023d1c vaddr=3ffb0000 size=027e0h ( 10208) load[0m
[0;32mI (186) esp_image: segment 2: paddr=00026504 vaddr=40080000 size=09b14h ( 39700) load[0m
[0;32mI (202) esp_image: segment 3: paddr=00030020 vaddr=400d0020 size=55bfch (351228) map[0m
[0;32mI (322) esp_image: segment 4: paddr=00085c24 vaddr=40089b14 size=07660h ( 30304) load[0m
[0;32mI (334) esp_image: segment 5: paddr=0008d28c vaddr=50000000 size=00020h (    32) load[0m
[0;32mI (342) boot: Loaded app from partition at offset 0x10000[0m
[0;32mI (342) boot: Disabling RNG early entropy source...[0m
[0;32mI (354) cpu_start: Multicore app[0m
[0;32mI (363) cpu_start: Pro cpu start user code[0m
[0;32mI (363) cpu_start: cpu freq: 160000000 Hz[0m
[0;32mI (363) app_init: Application information:[0m
[0;32mI (363) app_init: Project name:     read_voltage[0m
[0;32mI (367) app_init: App version:      c874d72-dirty[0m
[0;32mI (371) app_init: Compile time:     Apr  8 2026 19:18:13[0m
[0;32mI (376) app_init: ELF file SHA256:  f9c680f83...[0m
[0;32mI (381) app_init: ESP-IDF:          v5.5.1[0m
[0;32mI (385) efuse_init: Min chip rev:     v0.0[0m
[0;32mI (388) efuse_init: Max chip rev:     v3.99 [0m
[0;32mI (392) efuse_init: Chip rev:         v3.0[0m
[0;32mI (397) heap_init: Initializing. RAM available for dynamic allocation:[0m
[0;32mI (403) heap_init: At 3FFAE6E0 len 00001920 (6 KiB): DRAM[0m
[0;32mI (408) heap_init: At 3FFB50A8 len 0002AF58 (171 KiB): DRAM[0m
[0;32mI (413) heap_init: At 3FFE0440 len 00003AE0 (14 KiB): D/IRAM[0m
[0;32mI (418) heap_init: At 3FFE4350 len 0001BCB0 (111 KiB): D/IRAM[0m
[0;32mI (424) heap_init: At 40091174 len 0000EE8C (59 KiB): IRAM[0m
[0;32mI (431) spi_flash: detected chip: generic[0m
[0;32mI (433) spi_flash: flash io: dio[0m
[0;33mW (438) i2c: This driver is an old driver, please migrate your application code to adapt `driver/i2c_master.h`[0m
[0;32mI (446) main_task: Started on CPU0[0m
[0;32mI (456) main_task: Calling app_main()[0m
----- Initialising program -----
[0;32mI (456) M5_SYSTEM: Initializing SPIFFS[0m
[0;32mI (466) M5_SYSTEM: Mount /fonts to storage1 success[0m
[0;32mI (466) M5_SYSTEM: Partition size: total: 113201, used: 95631[0m
[0;32mI (466) M5_SYSTEM: I2C Relay inicializado[0m
Escaneando bus I2C...
¡Dispositivo encontrado en dirección: 0x48!
ets Jul 29 2019 12:21:46

rst:0x7 (TG0WDT_SYS_RESET),boot:0x13 (SPI_FAST_FLASH_BOOT)
configsip: 271414342, SPIWP:0xee
clk_drv:0x00,q_drv:0x00,d_drv:0x00,cs0_drv:0x00,hd_drv:0x00,wp_drv:0x00
mode:DIO, clock div:2
load:0x3fff0030,len:6380
ho 0 tail 12 room 4
load:0x40078000,len:15916
load:0x40080400,len:3860
entry 0x40080638
[0;32mI (59) boot: ESP-IDF v5.5.1 2nd stage bootloader[0m
[0;32mI (59) boot: compile time Apr  8 2026 15:35:52[0m
[0;32mI (59) boot: Multicore bootloader[0m
[0;32mI (61) boot: chip revision: v3.0[0m
[0;32mI (64) boot.esp32: SPI Speed      : 40MHz[0m
[0;32mI (68) boot.esp32: SPI Mode       : DIO[0m
[0;32mI (71) boot.esp32: SPI Flash Size : 8MB[0m
[0;33mW (75) boot.esp32: PRO CPU has been reset by WDT[0m
[0;33mW (79) boot.esp32: WDT rst info: PRO CPU PC=0x40082db4[0m
[0;33mW (84) boot.esp32: WDT rst info: APP CPU PC=0x40085622 (waiti mode)[0m
[0;32mI (90) boot: Enabling RNG early entropy source...[0m
[0;32mI (95) boot: Partition Table:[0m
[0;32mI (97) boot: ## Label            Usage          Type ST Offset   Length[0m
[0;32mI (103) boot:  0 nvs              WiFi data        01 02 00009000 00006000[0m
[0;32mI (110) boot:  1 phy_init         RF data          01 01 0000f000 00001000[0m
[0;32mI (117) boot:  2 factory          factory app      00 00 00010000 00100000[0m
[0;32mI (123) boot:  3 storage1         Unknown data     01 82 00110000 00020000[0m
[0;32mI (130) boot:  4 storage2         Unknown data     01 82 00130000 00050000[0m
[0;32mI (136) boot:  5 storage3         Unknown data     01 82 00180000 00080000[0m
[0;32mI (143) boot: End of partition table[0m
[0;32mI (147) esp_image: segment 0: paddr=00010020 vaddr=3f400020 size=13cf4h ( 81140) map[0m
[0;32mI (182) esp_image: segment 1: paddr=00023d1c vaddr=3ffb0000 size=027e0h ( 10208) load[0m
[0;32mI (186) esp_image: segment 2: paddr=00026504 vaddr=40080000 size=09b14h ( 39700) load[0m
[0;32mI (202) esp_image: segment 3: paddr=00030020 vaddr=400d0020 size=55bfch (351228) map[0m
[0;32mI (322) esp_image: segment 4: paddr=00085c24 vaddr=40089b14 size=07660h ( 30304) load[0m
[0;32mI (334) esp_image: segment 5: paddr=0008d28c vaddr=50000000 size=00020h (    32) load[0m
[0;32mI (342) boot: Loaded app from partition at offset 0x10000[0m
[0;32mI (342) boot: Disabling RNG early entropy source...[0m
[0;32mI (354) cpu_start: Multicore app[0m
[0;32mI (363) cpu_start: Pro cpu start user code[0m
[0;32mI (363) cpu_start: cpu freq: 160000000 Hz[0m
[0;32mI (363) app_init: Application information:[0m
[0;32mI (363) app_init: Project name:     read_voltage[0m
[0;32mI (367) app_init: App version:      c874d72-dirty[0m
[0;32mI (371) app_init: Compile time:     Apr  8 2026 19:18:13[0m
[0;32mI (376) app_init: ELF file SHA256:  f9c680f83...[0m
[0;32mI (381) app_init: ESP-IDF:          v5.5.1[0m
[0;32mI (385) efuse_init: Min chip rev:     v0.0[0m
[0;32mI (388) efuse_init: Max chip rev:     v3.99 [0m
[0;32mI (392) efuse_init: Chip rev:         v3.0[0m
[0;32mI (397) heap_init: Initializing. RAM available for dynamic allocation:[0m
[0;32mI (403) heap_init: At 3FFAE6E0 len 00001920 (6 KiB): DRAM[0m
[0;32mI (408) heap_init: At 3FFB50A8 len 0002AF58 (171 KiB): DRAM[0m
[0;32mI (413) heap_init: At 3FFE0440 len 00003AE0 (14 KiB): D/IRAM[0m
[0;32mI (418) heap_init: At 3FFE4350 len 0001BCB0 (111 KiB): D/IRAM[0m
[0;32mI (424) heap_init: At 40091174 len 0000EE8C (59 KiB): IRAM[0m
[0;32mI (431) spi_flash: detected chip: generic[0m
[0;32mI (433) spi_flash: flash io: dio[0m
[0;33mW (439) i2c: This driver is an old driver, please migrate your application code to adapt `driver/i2c_master.h`[0m
[0;32mI (446) main_task: Started on CPU0[0m
[0;32mI (456) main_task: Calling app_main()[0m
----- Initialising program -----
[0;32mI (456) M5_SYSTEM: Initializing SPIFFS[0m
[0;32mI (466) M5_SYSTEM: Mount /fonts to storage1 success[0m
[0;32mI (466) M5_SYSTEM: Partition size: total: 113201, used: 95631[0m
[0;32mI (466) M5_SYSTEM: I2C Relay inicializado[0m
Escaneando bus I2C...
¡Dispositivo encontrado en dirección: 0x48!
ets Jul 29 2019 12:21:46

rst:0x7 (TG0WDT_SYS_RESET),boot:0x13 (SPI_FAST_FLASH_BOOT)
configsip: 271414342, SPIWP:0xee
clk_drv:0x00,q_drv:0x00,d_drv:0x00,cs0_drv:0x00,hd_drv:0x00,wp_drv:0x00
mode:DIO, clock div:2
load:0x3fff0030,len:6380
ho 0 tail 12 room 4
load:0x40078000,len:15916
load:0x40080400,len:3860
entry 0x40080638
[0;32mI (59) boot: ESP-IDF v5.5.1 2nd stage bootloader[0m
[0;32mI (59) boot: compile time Apr  8 2026 15:35:52[0m
[0;32mI (59) boot: Multicore bootloader[0m
[0;32mI (61) boot: chip revision: v3.0[0m
[0;32mI (64) boot.esp32: SPI Speed      : 40MHz[0m
[0;32mI (68) boot.esp32: SPI Mode       : DIO[0m
[0;32mI (71) boot.esp32: SPI Flash Size : 8MB[0m
[0;33mW (75) boot.esp32: PRO CPU has been reset by WDT[0m
[0;33mW (79) boot.esp32: WDT rst info: PRO CPU PC=0x4008513f[0m
[0;33mW (84) boot.esp32: WDT rst info: APP CPU PC=0x40085622 (waiti mode)[0m
[0;32mI (90) boot: Enabling RNG early entropy source...[0m
[0;32mI (95) boot: Partition Table:[0m
[0;32mI (97) boot: ## Label            Usage          Type ST Offset   Length[0m
[0;32mI (103) boot:  0 nvs              WiFi data        01 02 00009000 00006000[0m
[0;32mI (110) boot:  1 phy_init         RF data          01 01 0000f000 00001000[0m
[0;32mI (117) boot:  2 factory          factory app      00 00 00010000 00100000[0m
[0;32mI (123) boot:  3 storage1         Unknown data     01 82 00110000 00020000[0m
[0;32mI (130) boot:  4 storage2         Unknown data     01 82 00130000 00050000[0m
[0;32mI (136) boot:  5 storage3         Unknown data     01 82 00180000 00080000[0m
[0;32mI (143) boot: End of partition table[0m
[0;32mI (147) esp_image: segment 0: paddr=00010020 vaddr=3f400020 size=13cf4h ( 81140) map[0m
[0;32mI (182) esp_image: segment 1: paddr=00023d1c vaddr=3ffb0000 size=027e0h ( 10208) load[0m
[0;32mI (186) esp_image: segment 2: paddr=00026504 vaddr=40080000 size=09b14h ( 39700) load[0m
[0;32mI (202) esp_image: segment 3: paddr=00030020 vaddr=400d0020 size=55bfch (351228) map[0m
[0;32mI (322) esp_image: segment 4: paddr=00085c24 vaddr=40089b14 size=07660h ( 30304) load[0m
[0;32mI (334) esp_image: segment 5: paddr=0008d28c vaddr=50000000 size=00020h (    32) load[0m
[0;32mI (342) boot: Loaded app from partition at offset 0x10000[0m
[0;32mI (342) boot: Disabling RNG early entropy source...[0m
[0;32mI (354) cpu_start: Multicore app[0m
[0;32mI (363) cpu_start: Pro cpu start user code[0m
[0;32mI (363) cpu_start: cpu freq: 160000000 Hz[0m
[0;32mI (363) app_init: Application information:[0m
[0;32mI (363) app_init: Project name:     read_voltage[0m
[0;32mI (367) app_init: App version:      c874d72-dirty[0m
[0;32mI (371) app_init: Compile time:     Apr  8 2026 19:18:13[0m
[0;32mI (376) app_init: ELF file SHA256:  f9c680f83...[0m
[0;32mI (381) app_init: ESP-IDF:          v5.5.1[0m
[0;32mI (385) efuse_init: Min chip rev:     v0.0[0m
[0;32mI (388) efuse_init: Max chip rev:     v3.99 [0m
[0;32mI (392) efuse_init: Chip rev:         v3.0[0m
[0;32mI (397) heap_init: Initializing. RAM available for dynamic allocation:[0m
[0;32mI (403) heap_init: At 3FFAE6E0 len 00001920 (6 KiB): DRAM[0m
[0;32mI (408) heap_init: At 3FFB50A8 len 0002AF58 (171 KiB): DRAM[0m
[0;32mI (413) heap_init: At 3FFE0440 len 00003AE0 (14 KiB): D/IRAM[0m
[0;32mI (418) heap_init: At 3FFE4350 len 0001BCB0 (111 KiB): D/IRAM[0m
[0;32mI (424) heap_init: At 40091174 len 0000EE8C (59 KiB): IRAM[0m
[0;32mI (431) spi_flash: detected chip: generic[0m
[0;32mI (433) spi_flash: flash io: dio[0m
[0;33mW (438) i2c: This driver is an old driver, please migrate your application code to adapt `driver/i2c_master.h`[0m
[0;32mI (446) main_task: Started on CPU0[0m
[0;32mI (456) main_task: Calling app_main()[0m
----- Initialising program -----
[0;32mI (456) M5_SYSTEM: Initializing SPIFFS[0m
[0;32mI (466) M5_SYSTEM: Mount /fonts to storage1 success[0m
[0;32mI (466) M5_SYSTEM: Partition size: total: 113201, used: 95631[0m
[0;32mI (466) M5_SYSTEM: I2C Relay inicializado[0m
Escaneando bus I2C...
¡Dispositivo encontrado en dirección: 0x48!
