Command: C:\Espressif\python_env\idf5.5_py3.11_env\Scripts\python.exe C:\Espressif\frameworks\esp-idf-v5.5.1\tools/idf_monitor.py -p COM4 -b 115200 --toolchain-prefix xtensa-esp32-elf- --target esp32 --revision 0 C:\Users\Jose\ESP32_Battery_Management_System\ESP32_Battery_Management_System\i2c_read_voltage\build\read_voltage.elf C:\Users\Jose\ESP32_Battery_Management_System\ESP32_Battery_Management_System\i2c_read_voltage\build\bootloader\bootloader.elf --force-color -m 'C:\Espressif\python_env\idf5.5_py3.11_env\Scripts\python.exe' 'C:\Espressif\frameworks\esp-idf-v5.5.1\tools\idf.py'
385�ets Jul 29 2019 12:21:46

rst:0x1 (POWERON_RESET),boot:0x13 (SPI_FAST_FLASH_BOOT)
configsip: 271414342, SPIWP:0xee
clk_drv:0x00,q_drv:0x00,d_drv:0x00,cs0_drv:0x00,hd_drv:0x00,wp_drv:0x00
mode:DIO, clock div:2
load:0x3fff0030,len:6380
ho 0 tail 12 room 4
load:0x40078000,len:15916
load:0x40080400,len:3860
entry 0x40080638
[0;32mI (30) boot: ESP-IDF v5.5.1 2nd stage bootloader[0m
[0;32mI (30) boot: compile time Apr  8 2026 15:35:52[0m
[0;32mI (30) boot: Multicore bootloader[0m
[0;32mI (31) boot: chip revision: v3.0[0m
[0;32mI (34) boot.esp32: SPI Speed      : 40MHz[0m
[0;32mI (38) boot.esp32: SPI Mode       : DIO[0m
[0;32mI (41) boot.esp32: SPI Flash Size : 8MB[0m
[0;32mI (45) boot: Enabling RNG early entropy source...[0m
[0;32mI (49) boot: Partition Table:[0m
[0;32mI (52) boot: ## Label            Usage          Type ST Offset   Length[0m
[0;32mI (58) boot:  0 nvs              WiFi data        01 02 00009000 00006000[0m
[0;32mI (65) boot:  1 phy_init         RF data          01 01 0000f000 00001000[0m
[0;32mI (71) boot:  2 factory          factory app      00 00 00010000 00100000[0m
[0;32mI (78) boot:  3 storage1         Unknown data     01 82 00110000 00020000[0m
[0;32mI (84) boot:  4 storage2         Unknown data     01 82 00130000 00050000[0m
[0;32mI (91) boot:  5 storage3         Unknown data     01 82 00180000 00080000[0m
[0;32mI (97) boot: End of partition table[0m
[0;32mI (101) esp_image: segment 0: paddr=00010020 vaddr=3f400020 size=13d34h ( 81204) map[0m
[0;32mI (136) esp_image: segment 1: paddr=00023d5c vaddr=3ffb0000 size=027e0h ( 10208) load[0m
[0;32mI (140) esp_image: segment 2: paddr=00026544 vaddr=40080000 size=09ad4h ( 39636) load[0m
[0;32mI (156) esp_image: segment 3: paddr=00030020 vaddr=400d0020 size=55d9ch (351644) map[0m
[0;32mI (276) esp_image: segment 4: paddr=00085dc4 vaddr=40089ad4 size=076a0h ( 30368) load[0m
[0;32mI (288) esp_image: segment 5: paddr=0008d46c vaddr=50000000 size=00020h (    32) load[0m
[0;32mI (297) boot: Loaded app from partition at offset 0x10000[0m
[0;32mI (297) boot: Disabling RNG early entropy source...[0m
[0;32mI (309) cpu_start: Multicore app[0m
[0;32mI (317) cpu_start: Pro cpu start user code[0m
[0;32mI (317) cpu_start: cpu freq: 160000000 Hz[0m
[0;32mI (317) app_init: Application information:[0m
[0;32mI (317) app_init: Project name:     read_voltage[0m
[0;32mI (321) app_init: App version:      c874d72-dirty[0m
[0;32mI (326) app_init: Compile time:     Apr  8 2026 19:18:13[0m
[0;32mI (331) app_init: ELF file SHA256:  586c46abe...[0m
[0;32mI (335) app_init: ESP-IDF:          v5.5.1[0m
[0;32mI (339) efuse_init: Min chip rev:     v0.0[0m
[0;32mI (343) efuse_init: Max chip rev:     v3.99 [0m
[0;32mI (347) efuse_init: Chip rev:         v3.0[0m
[0;32mI (351) heap_init: Initializing. RAM available for dynamic allocation:[0m
[0;32mI (357) heap_init: At 3FFAE6E0 len 00001920 (6 KiB): DRAM[0m
[0;32mI (362) heap_init: At 3FFB50A8 len 0002AF58 (171 KiB): DRAM[0m
[0;32mI (367) heap_init: At 3FFE0440 len 00003AE0 (14 KiB): D/IRAM[0m
[0;32mI (373) heap_init: At 3FFE4350 len 0001BCB0 (111 KiB): D/IRAM[0m
[0;32mI (378) heap_init: At 40091174 len 0000EE8C (59 KiB): IRAM[0m
[0;32mI (385) spi_flash: detected chip: generic[0m
[0;32mI (387) spi_flash: flash io: dio[0m
[0;33mW (393) i2c: This driver is an old driver, please migrate your application code to adapt `driver/i2c_master.h`[0m
[0;32mI (401) main_task: Started on CPU0[0m
[0;32mI (411) main_task: Calling app_main()[0m
----- Initialising program -----
[0;32mI (411) M5_SYSTEM: Initializing SPIFFS[0m
[0;32mI (421) M5_SYSTEM: Mount /fonts to storage1 success[0m
[0;32mI (421) M5_SYSTEM: Partition size: total: 113201, used: 95631[0m
[0;32mI (421) M5_SYSTEM: I2C Relay inicializado[0m
Escaneando bus I2C...
¡Dispositivo encontrado en dirección: 0x48!
[0;32mI (451) uart: queue free spaces: 20[0m
[0;32mI (451) M5_SYSTEM: Tarea TFT iniciada[0m
[0;32mI (461) main_task: Returned from app_main()[0m
Auto-read: 0.54V
AMP: -0.08A
[0;32mI (2451) ST7789: GPIO_CS=5[0m
[0;32mI (2451) ST7789: GPIO_DC=14[0m
[0;32mI (2451) ST7789: GPIO_RESET=12[0m
[0;32mI (2601) ST7789: GPIO_BL=-1[0m
[0;32mI (2601) ST7789: GPIO_MOSI=15[0m
[0;32mI (2601) ST7789: GPIO_SCLK=13[0m
[0;32mI (3301) ST7789: heap_caps_malloc success. Frame buffer is available.[0m
[0;32mI (3341) M5_SYSTEM: Pantalla actualizada: BAT: 0.54 V[0m
 AMP: -0.08 A

> Auto-read: 1.85V
AMP: -0.12A
[0;32mI (10581) M5_SYSTEM: Pantalla actualizada: BAT: 1.85 V[0m
 AMP: -0.12 A

Auto-read: 1.12V
AMP: -0.11A
[0;32mI (20611) M5_SYSTEM: Pantalla actualizada: BAT: 1.12 V[0m
 AMP: -0.11 A

Auto-read: 1.99V
AMP: -0.11A
[0;32mI (30651) M5_SYSTEM: Pantalla actualizada: BAT: 1.99 V[0m
 AMP: -0.11 A

Auto-read: 1.14V
AMP: -0.11A
[0;32mI (40691) M5_SYSTEM: Pantalla actualizada: BAT: 1.14 V[0m
 AMP: -0.11 A

Auto-read: 1.48V
AMP: -0.09A
[0;32mI (50731) M5_SYSTEM: Pantalla actualizada: BAT: 1.48 V[0m
 AMP: -0.09 A

Auto-read: 0.82V
AMP: -0.10A
[0;32mI (60771) M5_SYSTEM: Pantalla actualizada: BAT: 0.82 V[0m
 AMP: -0.10 A

Auto-read: 1.54V
AMP: 3.96A
[0;32mI (70811) M5_SYSTEM: Pantalla actualizada: BAT: 1.54 V[0m
 AMP: 3.96 A

Auto-read: 0.76V
AMP: 3.95A
[0;32mI (80861) M5_SYSTEM: Pantalla actualizada: BAT: 0.76 V[0m
 AMP: 3.95 A

Auto-read: 1.86V
AMP: 3.94A
[0;32mI (90891) M5_SYSTEM: Pantalla actualizada: BAT: 1.86 V[0m
 AMP: 3.94 A

Auto-read: 2.48V
AMP: 3.90A
[0;32mI (100931) M5_SYSTEM: Pantalla actualizada: BAT: 2.48 V[0m
 AMP: 3.90 A

Auto-read: 0.12V
AMP: 3.90A
[0;32mI (110971) M5_SYSTEM: Pantalla actualizada: BAT: 0.12 V[0m
 AMP: 3.90 A

Auto-read: 2.63V
AMP: 3.88A
[0;32mI (121011) M5_SYSTEM: Pantalla actualizada: BAT: 2.63 V[0m
 AMP: 3.88 A

Auto-read: 0.25V
AMP: 3.90A
[0;32mI (131051) M5_SYSTEM: Pantalla actualizada: BAT: 0.25 V[0m
 AMP: 3.90 A

Auto-read: 2.80V
AMP: 3.88A
[0;32mI (141091) M5_SYSTEM: Pantalla actualizada: BAT: 2.80 V[0m
 AMP: 3.88 A

Auto-read: 2.14V
AMP: 3.92A
[0;32mI (151131) M5_SYSTEM: Pantalla actualizada: BAT: 2.14 V[0m
 AMP: 3.92 A

Auto-read: 0.34V
AMP: 3.90A
[0;32mI (161171) M5_SYSTEM: Pantalla actualizada: BAT: 0.34 V[0m
 AMP: 3.90 A

Auto-read: 2.02V
AMP: 3.87A
[0;32mI (171211) M5_SYSTEM: Pantalla actualizada: BAT: 2.02 V[0m
 AMP: 3.87 A

Auto-read: 0.49V
AMP: 3.88A
[0;32mI (181251) M5_SYSTEM: Pantalla actualizada: BAT: 0.49 V[0m
 AMP: 3.88 A

Auto-read: 2.18V
AMP: 3.88A
[0;32mI (191291) M5_SYSTEM: Pantalla actualizada: BAT: 2.18 V[0m
 AMP: 3.88 A

Auto-read: 0.86V
AMP: 3.88A
[0;32mI (201331) M5_SYSTEM: Pantalla actualizada: BAT: 0.86 V[0m
 AMP: 3.88 A

Auto-read: 2.42V
AMP: 3.88A
[0;32mI (211371) M5_SYSTEM: Pantalla actualizada: BAT: 2.42 V[0m
 AMP: 3.88 A

Auto-read: 0.12V
AMP: 3.86A
[0;32mI (221411) M5_SYSTEM: Pantalla actualizada: BAT: 0.12 V[0m
 AMP: 3.86 A

Auto-read: 2.67V
AMP: 3.89A
[0;32mI (231451) M5_SYSTEM: Pantalla actualizada: BAT: 2.67 V[0m
 AMP: 3.89 A

Auto-read: 0.26V
AMP: 3.86A
[0;32mI (241491) M5_SYSTEM: Pantalla actualizada: BAT: 0.26 V[0m
 AMP: 3.86 A

Auto-read: 2.72V
AMP: 3.88A
[0;32mI (251531) M5_SYSTEM: Pantalla actualizada: BAT: 2.72 V[0m
 AMP: 3.88 A

Auto-read: 2.31V
AMP: 3.89A
[0;32mI (261571) M5_SYSTEM: Pantalla actualizada: BAT: 2.31 V[0m
 AMP: 3.89 A

Auto-read: 0.67V
AMP: 3.88A
[0;32mI (271611) M5_SYSTEM: Pantalla actualizada: BAT: 0.67 V[0m
 AMP: 3.88 A

Auto-read: 1.29V
AMP: 3.86A
[0;32mI (281651) M5_SYSTEM: Pantalla actualizada: BAT: 1.29 V[0m
 AMP: 3.86 A

Auto-read: 0.14V
AMP: 3.88A
[0;32mI (291691) M5_SYSTEM: Pantalla actualizada: BAT: 0.14 V[0m
 AMP: 3.88 A

Auto-read: 1.80V
AMP: 3.88A
[0;32mI (301731) M5_SYSTEM: Pantalla actualizada: BAT: 1.80 V[0m
 AMP: 3.88 A

Auto-read: 0.24V
AMP: 3.86A
[0;32mI (311771) M5_SYSTEM: Pantalla actualizada: BAT: 0.24 V[0m
 AMP: 3.86 A

Auto-read: 2.03V
AMP: 3.86A
[0;32mI (321811) M5_SYSTEM: Pantalla actualizada: BAT: 2.03 V[0m
 AMP: 3.86 A

Auto-read: 0.55V
AMP: 3.86A
[0;32mI (331851) M5_SYSTEM: Pantalla actualizada: BAT: 0.55 V[0m
 AMP: 3.86 A

Auto-read: 0.59V
AMP: 3.86A
[0;32mI (341891) M5_SYSTEM: Pantalla actualizada: BAT: 0.59 V[0m
 AMP: 3.86 A

Auto-read: 0.57V
AMP: 3.84A
[0;32mI (351931) M5_SYSTEM: Pantalla actualizada: BAT: 0.57 V[0m
 AMP: 3.84 A

Auto-read: 0.55V
AMP: 3.85A
[0;32mI (361971) M5_SYSTEM: Pantalla actualizada: BAT: 0.55 V[0m
 AMP: 3.85 A

Auto-read: 0.58V
AMP: 3.82A
[0;32mI (372011) M5_SYSTEM: Pantalla actualizada: BAT: 0.58 V[0m
 AMP: 3.82 A

Auto-read: 0.55V
AMP: 3.82A
[0;32mI (382051) M5_SYSTEM: Pantalla actualizada: BAT: 0.55 V[0m
 AMP: 3.82 A

Auto-read: 0.58V
AMP: 3.77A
[0;32mI (392091) M5_SYSTEM: Pantalla actualizada: BAT: 0.58 V[0m
 AMP: 3.77 A

Auto-read: 0.58V
AMP: 3.74A
[0;32mI (402131) M5_SYSTEM: Pantalla actualizada: BAT: 0.58 V[0m
 AMP: 3.74 A

Auto-read: 0.57V
AMP: 3.69A
[0;32mI (412171) M5_SYSTEM: Pantalla actualizada: BAT: 0.57 V[0m
 AMP: 3.69 A

Auto-read: 0.56V
AMP: 3.59A
[0;32mI (422211) M5_SYSTEM: Pantalla actualizada: BAT: 0.56 V[0m
 AMP: 3.59 A

Auto-read: 0.56V
AMP: 3.41A
[0;32mI (432251) M5_SYSTEM: Pantalla actualizada: BAT: 0.56 V[0m
 AMP: 3.41 A

Auto-read: 0.00V
AMP: -78.24A
[0;32mI (442301) M5_SYSTEM: Pantalla actualizada: BAT: 0.00 V[0m
 AMP: -78.24 A

Auto-read: 0.42V
AMP: -18.20A
[0;32mI (452331) M5_SYSTEM: Pantalla actualizada: BAT: 0.42 V[0m
 AMP: -18.20 A

Auto-read: -0.12V
AMP: -7.83A
[0;32mI (462381) M5_SYSTEM: Pantalla actualizada: BAT: -0.12 V[0m
 AMP: -7.83 A

Auto-read: -0.12V
AMP: -3.48A
[0;32mI (472411) M5_SYSTEM: Pantalla actualizada: BAT: -0.12 V[0m
 AMP: -3.48 A

Auto-read: -6.14V
AMP: -0.50A
[0;32mI (482461) M5_SYSTEM: Pantalla actualizada: BAT: -6.14 V[0m
 AMP: -0.50 A

Auto-read: -0.01V
AMP: 0.65A
[0;32mI (492501) M5_SYSTEM: Pantalla actualizada: BAT: -0.01 V[0m
 AMP: 0.65 A

Auto-read: -6.14V
AMP: 0.88A
[0;32mI (502531) M5_SYSTEM: Pantalla actualizada: BAT: -6.14 V[0m
 AMP: 0.88 A

Auto-read: -0.11V
AMP: -9.21A
[0;32mI (512571) M5_SYSTEM: Pantalla actualizada: BAT: -0.11 V[0m
 AMP: -9.21 A

Auto-read: -0.32V
AMP: -10.82A
[0;32mI (522611) M5_SYSTEM: Pantalla actualizada: BAT: -0.32 V[0m
 AMP: -10.82 A

Auto-read: -0.28V
AMP: -10.59A
[0;32mI (532651) M5_SYSTEM: Pantalla actualizada: BAT: -0.28 V[0m
 AMP: -10.59 A

Auto-read: -0.26V
AMP: -10.50A
[0;32mI (542701) M5_SYSTEM: Pantalla actualizada: BAT: -0.26 V[0m
 AMP: -10.50 A

Auto-read: -0.28V
AMP: -10.30A
[0;32mI (552731) M5_SYSTEM: Pantalla actualizada: BAT: -0.28 V[0m
 AMP: -10.30 A

Auto-read: -0.30V
AMP: -10.08A
[0;32mI (562771) M5_SYSTEM: Pantalla actualizada: BAT: -0.30 V[0m
 AMP: -10.08 A

Auto-read: -0.31V
AMP: -10.36A
[0;32mI (572811) M5_SYSTEM: Pantalla actualizada: BAT: -0.31 V[0m
 AMP: -10.36 A

Auto-read: -0.31V
AMP: -10.36A
[0;32mI (582851) M5_SYSTEM: Pantalla actualizada: BAT: -0.31 V[0m
 AMP: -10.36 A

Auto-read: -0.29V
AMP: -10.04A
[0;32mI (592891) M5_SYSTEM: Pantalla actualizada: BAT: -0.29 V[0m
 AMP: -10.04 A

