Command: C:\Espressif\python_env\idf5.5_py3.11_env\Scripts\python.exe C:\Espressif\frameworks\esp-idf-v5.5.1\tools/idf_monitor.py -p COM4 -b 115200 --toolchain-prefix xtensa-esp32-elf- --target esp32 --revision 0 C:\Users\Jose\ESP32_Battery_Management_System\ESP32_Battery_Management_System\i2c_read_voltage\build\read_voltage.elf C:\Users\Jose\ESP32_Battery_Management_System\ESP32_Battery_Management_System\i2c_read_voltage\build\bootloader\bootloader.elf --force-color -m 'C:\Espressif\python_env\idf5.5_py3.11_env\Scripts\python.exe' 'C:\Espressif\frameworks\esp-idf-v5.5.1\tools\idf.py'
ets Jul 29 2019 12:21:46

rst:0x1 (POWERON_RESET),boot:0x13 (SPI_FAST_FLASH_BOOT)
configsip: 271414342, SPIWP:0xee
clk_drv:0x00,q_drv:0x00,d_drv:0x00,cs0_drv:0x00,hd_drv:0x00,wp_drv:0x00
mode:DIO, clock div:2
load:0x3fff0030,len:6380
ho 0 tail 12 room 4
load:0x40078000,len:15916
load:0x40080400,len:3860
entry 0x40080638
[0;32mI (30) boot: ESP-IDF v5.5.1 2nd stage bootloader[0m
[0;32mI (30) boot: compile time Apr  8 2026 15:35:52[0m
[0;32mI (30) boot: Multicore bootloader[0m
[0;32mI (31) boot: chip revision: v3.0[0m
[0;32mI (34) boot.esp32: SPI Speed      : 40MHz[0m
[0;32mI (38) boot.esp32: SPI Mode       : DIO[0m
[0;32mI (41) boot.esp32: SPI Flash Size : 8MB[0m
[0;32mI (45) boot: Enabling RNG early entropy source...[0m
[0;32mI (49) boot: Partition Table:[0m
[0;32mI (52) boot: ## Label            Usage          Type ST Offset   Length[0m
[0;32mI (58) boot:  0 nvs              WiFi data        01 02 00009000 00006000[0m
[0;32mI (65) boot:  1 phy_init         RF data          01 01 0000f000 00001000[0m
[0;32mI (71) boot:  2 factory          factory app      00 00 00010000 00100000[0m
[0;32mI (78) boot:  3 storage1         Unknown data     01 82 00110000 00020000[0m
[0;32mI (84) boot:  4 storage2         Unknown data     01 82 00130000 00050000[0m
[0;32mI (91) boot:  5 storage3         Unknown data     01 82 00180000 00080000[0m
[0;32mI (97) boot: End of partition table[0m
[0;32mI (101) esp_image: segment 0: paddr=00010020 vaddr=3f400020 size=12bd0h ( 76752) map[0m
[0;32mI (135) esp_image: segment 1: paddr=00022bf8 vaddr=3ffb0000 size=02788h ( 10120) load[0m
[0;32mI (139) esp_image: segment 2: paddr=00025388 vaddr=40080000 size=0ac90h ( 44176) load[0m
[0;32mI (156) esp_image: segment 3: paddr=00030020 vaddr=400d0020 size=528b8h (338104) map[0m
[0;32mI (272) esp_image: segment 4: paddr=000828e0 vaddr=4008ac90 size=06030h ( 24624) load[0m
[0;32mI (282) esp_image: segment 5: paddr=00088918 vaddr=50000000 size=00020h (    32) load[0m
[0;32mI (290) boot: Loaded app from partition at offset 0x10000[0m
[0;32mI (290) boot: Disabling RNG early entropy source...[0m
[0;32mI (302) cpu_start: Multicore app[0m
[0;32mI (310) cpu_start: Pro cpu start user code[0m
[0;32mI (310) cpu_start: cpu freq: 160000000 Hz[0m
[0;32mI (310) app_init: Application information:[0m
[0;32mI (310) app_init: Project name:     read_voltage[0m
[0;32mI (315) app_init: App version:      f976686-dirty[0m
[0;32mI (319) app_init: Compile time:     Apr  8 2026 15:35:32[0m
[0;32mI (324) app_init: ELF file SHA256:  42baaef4c...[0m
[0;32mI (329) app_init: ESP-IDF:          v5.5.1[0m
[0;32mI (332) efuse_init: Min chip rev:     v0.0[0m
[0;32mI (336) efuse_init: Max chip rev:     v3.99 [0m
[0;32mI (340) efuse_init: Chip rev:         v3.0[0m
[0;32mI (344) heap_init: Initializing. RAM available for dynamic allocation:[0m
[0;32mI (351) heap_init: At 3FFAE6E0 len 00001920 (6 KiB): DRAM[0m
[0;32mI (355) heap_init: At 3FFB4FE8 len 0002B018 (172 KiB): DRAM[0m
[0;32mI (361) heap_init: At 3FFE0440 len 00003AE0 (14 KiB): D/IRAM[0m
[0;32mI (366) heap_init: At 3FFE4350 len 0001BCB0 (111 KiB): D/IRAM[0m
[0;32mI (372) heap_init: At 40090CC0 len 0000F340 (60 KiB): IRAM[0m
[0;32mI (378) spi_flash: detected chip: generic[0m
[0;32mI (381) spi_flash: flash io: dio[0m
[0;33mW (386) i2c: This driver is an old driver, please migrate your application code to adapt `driver/i2c_master.h`[0m
[0;32mI (394) main_task: Started on CPU0[0m
[0;32mI (404) main_task: Calling app_main()[0m
----- Initialising program -----
[0;32mI (404) M5_SYSTEM: Initializing SPIFFS[0m
[0;32mI (414) M5_SYSTEM: Mount /fonts to storage1 success[0m
[0;32mI (414) M5_SYSTEM: Partition size: total: 113201, used: 95631[0m
[0;32mI (414) M5_SYSTEM: I2C Relay inicializado[0m
Escaneando bus I2C...
¡Dispositivo encontrado en dirección: 0x48!
[0;32mI (444) M5_SYSTEM: Tarea TFT iniciada[0m
[0;32mI (444) main_task: Returned from app_main()[0m
[0;32mI (2444) ST7789: GPIO_CS=5[0m
[0;32mI (2444) ST7789: GPIO_DC=14[0m
[0;32mI (2444) ST7789: GPIO_RESET=12[0m
[0;32mI (2594) ST7789: GPIO_BL=-1[0m
[0;32mI (2594) ST7789: GPIO_MOSI=15[0m
[0;32mI (2594) ST7789: GPIO_SCLK=13[0m
[0;32mI (3294) ST7789: heap_caps_malloc success. Frame buffer is available.[0m
> voltage a1
[0;32mI (24324) M5_SYSTEM: Comando recibido (10 bytes): voltage a1[0m
Valor RAW: 27971
Bat: 5.244563V
[0;32mI (24394) M5_SYSTEM: Pantalla actualizada: Bat: 5.244563V[0m

> voltage a2
[0;32mI (28494) M5_SYSTEM: Comando recibido (10 bytes): voltage a2[0m
Valor RAW: 2970
V(A2): 0.556875V
[0;32mI (28544) M5_SYSTEM: Pantalla actualizada: V(A2): 0.556875V[0m

> [A[Bvolta           voltage a2 3
[0;32mI (39564) M5_SYSTEM: Comando recibido (10 bytes): voltage a3[0m
Valor RAW: 2937
V(A3): 0.550687V
[0;32mI (39614) M5_SYSTEM: Pantalla actualizada: V(A3): 0.550687V[0m

> voltage a2
[0;32mI (146384) M5_SYSTEM: Comando recibido (10 bytes): voltage a2[0m
Valor RAW: 5327
V(A2): 0.998812V
[0;32mI (146434) M5_SYSTEM: Pantalla actualizada: V(A2): 0.998812V[0m

> voltage a2
[0;32mI (169254) M5_SYSTEM: Comando recibido (10 bytes): voltage a2[0m
Valor RAW: 5327
V(A2): 0.998812V
[0;32mI (169304) M5_SYSTEM: Pantalla actualizada: V(A2): 0.998812V[0m

> voltage a2
[0;32mI (351994) M5_SYSTEM: Comando recibido (10 bytes): voltage a2[0m
Valor RAW: 5328
V(A2): 0.999000V
[0;32mI (352044) M5_SYSTEM: Pantalla actualizada: V(A2): 0.999000V[0m

> voltage a1
[0;32mI (359084) M5_SYSTEM: Comando recibido (10 bytes): voltage a1[0m
Valor RAW: 27975
Bat: 5.245313V
[0;32mI (359134) M5_SYSTEM: Pantalla actualizada: Bat: 5.245313V[0m

> voltage a2
[0;32mI (364764) M5_SYSTEM: Comando recibido (10 bytes): voltage a2[0m
Valor RAW: 5328
V(A2): 0.999000V
[0;32mI (364814) M5_SYSTEM: Pantalla actualizada: V(A2): 0.999000V[0m

> 