Command: C:\Espressif\python_env\idf5.5_py3.11_env\Scripts\python.exe C:\Espressif\frameworks\esp-idf-v5.5.1\tools/idf_monitor.py -p COM4 -b 115200 --toolchain-prefix xtensa-esp32-elf- --target esp32 --revision 0 C:\Users\Jose\ESP32_Battery_Management_System\ESP32_Battery_Management_System\i2c_read_voltage\build\read_voltage.elf C:\Users\Jose\ESP32_Battery_Management_System\ESP32_Battery_Management_System\i2c_read_voltage\build\bootloader\bootloader.elf --force-color -m 'C:\Espressif\python_env\idf5.5_py3.11_env\Scripts\python.exe' 'C:\Espressif\frameworks\esp-idf-v5.5.1\tools\idf.py'
tion code�ets Jul 29 2019 12:21:46

rst:0x1 (POWERON_RESET),boot:0x13 (SPI_FAST_FLASH_BOOT)
configsip: 271414342, SPIWP:0xee
clk_drv:0x00,q_drv:0x00,d_drv:0x00,cs0_drv:0x00,hd_drv:0x00,wp_drv:0x00
mode:DIO, clock div:2
load:0x3fff0030,len:6380
ho 0 tail 12 room 4
load:0x40078000,len:15916
load:0x40080400,len:3860
entry 0x40080638
[0;32mI (30) boot: ESP-IDF v5.5.1 2nd stage bootloader[0m
[0;32mI (30) boot: compile time Apr  8 2026 15:35:52[0m
[0;32mI (30) boot: Multicore bootloader[0m
[0;32mI (31) boot: chip revision: v3.0[0m
[0;32mI (34) boot.esp32: SPI Speed      : 40MHz[0m
[0;32mI (38) boot.esp32: SPI Mode       : DIO[0m
[0;32mI (41) boot.esp32: SPI Flash Size : 8MB[0m
[0;32mI (45) boot: Enabling RNG early entropy source...[0m
[0;32mI (49) boot: Partition Table:[0m
[0;32mI (52) boot: ## Label            Usage          Type ST Offset   Length[0m
[0;32mI (58) boot:  0 nvs              WiFi data        01 02 00009000 00006000[0m
[0;32mI (65) boot:  1 phy_init         RF data          01 01 0000f000 00001000[0m
[0;32mI (71) boot:  2 factory          factory app      00 00 00010000 00100000[0m
[0;32mI (78) boot:  3 storage1         Unknown data     01 82 00110000 00020000[0m
[0;32mI (84) boot:  4 storage2         Unknown data     01 82 00130000 00050000[0m
[0;32mI (91) boot:  5 storage3         Unknown data     01 82 00180000 00080000[0m
[0;32mI (97) boot: End of partition table[0m
[0;32mI (101) esp_image: segment 0: paddr=00010020 vaddr=3f400020 size=126b0h ( 75440) map[0m
[0;32mI (134) esp_image: segment 1: paddr=000226d8 vaddr=3ffb0000 size=02788h ( 10120) load[0m
[0;32mI (138) esp_image: segment 2: paddr=00024e68 vaddr=40080000 size=0b1b0h ( 45488) load[0m
[0;32mI (156) esp_image: segment 3: paddr=00030020 vaddr=400d0020 size=510b8h (331960) map[0m
[0;32mI (270) esp_image: segment 4: paddr=000810e0 vaddr=4008b1b0 size=05b10h ( 23312) load[0m
[0;32mI (279) esp_image: segment 5: paddr=00086bf8 vaddr=50000000 size=00020h (    32) load[0m
[0;32mI (287) boot: Loaded app from partition at offset 0x10000[0m
[0;32mI (288) boot: Disabling RNG early entropy source...[0m
[0;32mI (300) cpu_start: Multicore app[0m
[0;32mI (308) cpu_start: Pro cpu start user code[0m
[0;32mI (308) cpu_start: cpu freq: 160000000 Hz[0m
[0;32mI (308) app_init: Application information:[0m
[0;32mI (308) app_init: Project name:     read_voltage[0m
[0;32mI (313) app_init: App version:      f976686-dirty[0m
[0;32mI (317) app_init: Compile time:     Apr  8 2026 15:35:32[0m
[0;32mI (322) app_init: ELF file SHA256:  aa4b0711e...[0m
[0;32mI (326) app_init: ESP-IDF:          v5.5.1[0m
[0;32mI (330) efuse_init: Min chip rev:     v0.0[0m
[0;32mI (334) efuse_init: Max chip rev:     v3.99 [0m
[0;32mI (338) efuse_init: Chip rev:         v3.0[0m
[0;32mI (342) heap_init: Initializing. RAM available for dynamic allocation:[0m
[0;32mI (348) heap_init: At 3FFAE6E0 len 00001920 (6 KiB): DRAM[0m
[0;32mI (353) heap_init: At 3FFB4FD0 len 0002B030 (172 KiB): DRAM[0m
[0;32mI (359) heap_init: At 3FFE0440 len 00003AE0 (14 KiB): D/IRAM[0m
[0;32mI (364) heap_init: At 3FFE4350 len 0001BCB0 (111 KiB): D/IRAM[0m
[0;32mI (370) heap_init: At 40090CC0 len 0000F340 (60 KiB): IRAM[0m
[0;32mI (376) spi_flash: detected chip: generic[0m
[0;32mI (378) spi_flash: flash io: dio[0m
[0;33mW (384) i2c: This driver is an old driver, please migrate your application code to adapt `driver/i2c_master.h`[0m
[0;32mI (392) main_task: Started on CPU0[0m
[0;32mI (402) main_task: Calling app_main()[0m
----- Initialising program -----
[0;32mI (402) M5_SYSTEM: Initializing SPIFFS[0m
[0;32mI (412) M5_SYSTEM: Mount /fonts to storage1 success[0m
[0;32mI (412) M5_SYSTEM: Partition size: total: 113201, used: 95631[0m
[0;32mI (412) M5_SYSTEM: I2C Relay inicializado[0m
Escaneando bus I2C...
¡Dispositivo encontrado en dirección: 0x48!
[0;32mI (442) M5_SYSTEM: Tarea TFT iniciada[0m
[0;32mI (442) main_task: Returned from app_main()[0m
> I (2442) ST7789: GPIO_CS=5
[0;32mI (2442) ST7789: GPIO_DC=14[0m
[0;32mI (2442) ST7789: GPIO_RESET=12[0m
[0;32mI (2592) ST7789: GPIO_BL=-1[0m
[0;32mI (2592) ST7789: GPIO_MOSI=15[0m
[0;32mI (2592) ST7789: GPIO_SCLK=13[0m
[0;32mI (3292) ST7789: heap_caps_malloc success. Frame buffer is available.[0m
current
[0;32mI (10802) M5_SYSTEM: Comando recibido (7 bytes): current[0m
V_Sensor: 2.5845V | Amp: 0.0175014A
Current: 0.017501A
> I (10862) M5_SYSTEM: Pantalla actualizada: Current: 0.017501A

current
[0;32mI (17592) M5_SYSTEM: Comando recibido (7 bytes): current[0m
V_Sensor: 2.58469V | Amp: 0.0233576A
Current: 0.023358A
> I (17652) M5_SYSTEM: Pantalla actualizada: Current: 0.023358A

current
[0;32mI (21552) M5_SYSTEM: Comando recibido (7 bytes): current[0m
V_Sensor: 2.58337V | Amp: -0.0176579A
Current: -0.017658A
> I (21612) M5_SYSTEM: Pantalla actualizada: Current: -0.017658A

current
[0;32mI (25802) M5_SYSTEM: Comando recibido (7 bytes): current[0m
V_Sensor: 2.58431V | Amp: 0.0116378A
Current: 0.011638A
> I (25862) M5_SYSTEM: Pantalla actualizada: Current: 0.011638A

 