Command: C:\Espressif\python_env\idf5.5_py3.11_env\Scripts\python.exe C:\Espressif\frameworks\esp-idf-v5.5.1\tools/idf_monitor.py -p COM4 -b 115200 --toolchain-prefix xtensa-esp32-elf- --target esp32 --revision 0 C:\Users\Jose\ESP32_Battery_Management_System\i2c_read_voltage\build\read_voltage.elf C:\Users\Jose\ESP32_Battery_Management_System\i2c_read_voltage\build\bootloader\bootloader.elf --force-color -m 'C:\Espressif\python_env\idf5.5_py3.11_env\Scripts\python.exe' 'C:\Espressif\frameworks\esp-idf-v5.5.1\tools\idf.py' '-p' 'COM4'
�ѥ���
I�ets Jul 29 2019 12:21:46

rst:0x1 (POWERON_RESET),boot:0x13 (SPI_FAST_FLASH_BOOT)
configsip: 271414342, SPIWP:0xee
clk_drv:0x00,q_drv:0x00,d_drv:0x00,cs0_drv:0x00,hd_drv:0x00,wp_drv:0x00
mode:DIO, clock div:2
load:0x3fff0030,len:6380
ho 0 tail 12 room 4
load:0x40078000,len:15916
load:0x40080400,len:3860
entry 0x40080638
[0;32mI (30) boot: ESP-IDF v5.5.1 2nd stage bootloader[0m
[0;32mI (30) boot: compile time Feb 11 2026 18:30:52[0m
[0;32mI (30) boot: Multicore bootloader[0m
[0;32mI (31) boot: chip revision: v3.0[0m
[0;32mI (34) boot.esp32: SPI Speed      : 40MHz[0m
[0;32mI (38) boot.esp32: SPI Mode       : DIO[0m
[0;32mI (41) boot.esp32: SPI Flash Size : 8MB[0m
[0;32mI (45) boot: Enabling RNG early entropy source...[0m
[0;32mI (49) boot: Partition Table:[0m
[0;32mI (52) boot: ## Label            Usage          Type ST Offset   Length[0m
[0;32mI (58) boot:  0 nvs              WiFi data        01 02 00009000 00006000[0m
[0;32mI (65) boot:  1 phy_init         RF data          01 01 0000f000 00001000[0m
[0;32mI (71) boot:  2 factory          factory app      00 00 00010000 00100000[0m
[0;32mI (78) boot:  3 storage1         Unknown data     01 82 00110000 00020000[0m
[0;32mI (84) boot:  4 storage2         Unknown data     01 82 00130000 00050000[0m
[0;32mI (91) boot:  5 storage3         Unknown data     01 82 00180000 00080000[0m
[0;32mI (97) boot: End of partition table[0m
[0;32mI (101) esp_image: segment 0: paddr=00010020 vaddr=3f400020 size=12718h ( 75544) map[0m
[0;32mI (134) esp_image: segment 1: paddr=00022740 vaddr=3ffb0000 size=02788h ( 10120) load[0m
[0;32mI (138) esp_image: segment 2: paddr=00024ed0 vaddr=40080000 size=0b148h ( 45384) load[0m
[0;32mI (156) esp_image: segment 3: paddr=00030020 vaddr=400d0020 size=511c4h (332228) map[0m
[0;32mI (270) esp_image: segment 4: paddr=000811ec vaddr=4008b148 size=05b78h ( 23416) load[0m
[0;32mI (279) esp_image: segment 5: paddr=00086d6c vaddr=50000000 size=00020h (    32) load[0m
[0;32mI (288) boot: Loaded app from partition at offset 0x10000[0m
[0;32mI (288) boot: Disabling RNG early entropy source...[0m
[0;32mI (300) cpu_start: Multicore app[0m
[0;32mI (308) cpu_start: Pro cpu start user code[0m
[0;32mI (308) cpu_start: cpu freq: 160000000 Hz[0m
[0;32mI (309) app_init: Application information:[0m
[0;32mI (309) app_init: Project name:     read_voltage[0m
[0;32mI (313) app_init: App version:      1[0m
[0;32mI (316) app_init: Compile time:     Feb 11 2026 18:30:30[0m
[0;32mI (321) app_init: ELF file SHA256:  327253fbb...[0m
[0;32mI (326) app_init: ESP-IDF:          v5.5.1[0m
[0;32mI (329) efuse_init: Min chip rev:     v0.0[0m
[0;32mI (333) efuse_init: Max chip rev:     v3.99 [0m
[0;32mI (337) efuse_init: Chip rev:         v3.0[0m
[0;32mI (341) heap_init: Initializing. RAM available for dynamic allocation:[0m
[0;32mI (348) heap_init: At 3FFAE6E0 len 00001920 (6 KiB): DRAM[0m
[0;32mI (352) heap_init: At 3FFB4FD0 len 0002B030 (172 KiB): DRAM[0m
[0;32mI (358) heap_init: At 3FFE0440 len 00003AE0 (14 KiB): D/IRAM[0m
[0;32mI (363) heap_init: At 3FFE4350 len 0001BCB0 (111 KiB): D/IRAM[0m
[0;32mI (369) heap_init: At 40090CC0 len 0000F340 (60 KiB): IRAM[0m
[0;32mI (375) spi_flash: detected chip: generic[0m
[0;32mI (378) spi_flash: flash io: dio[0m
[0;33mW (383) i2c: This driver is an old driver, please migrate your application code to adapt `driver/i2c_master.h`[0m
[0;32mI (391) main_task: Started on CPU0[0m
[0;32mI (401) main_task: Calling app_main()[0m
----- Initialising program -----
[0;32mI (401) M5_SYSTEM: Initializing SPIFFS[0m
[0;32mI (411) M5_SYSTEM: Mount /fonts to storage1 success[0m
[0;32mI (411) M5_SYSTEM: Partition size: total: 113201, used: 95631[0m
[0;32mI (411) M5_SYSTEM: I2C Relay inicializado[0m
Escaneando bus I2C...
¡Dispositivo encontrado en dirección: 0x48!
[0;32mI (441) M5_SYSTEM: Tarea TFT iniciada[0m
[0;32mI (441) main_task: Returned from app_main()[0m
[0;32mI (2441) ST7789: GPIO_CS=5[0m
[0;32mI (2441) ST7789: GPIO_DC=14[0m
[0;32mI (2441) ST7789: GPIO_RESET=12[0m
[0;32mI (2591) ST7789: GPIO_BL=-1[0m
[0;32mI (2591) ST7789: GPIO_MOSI=15[0m
[0;32mI (2591) ST7789: GPIO_SCLK=13[0m
[0;32mI (3291) ST7789: heap_caps_malloc success. Frame buffer is available.[0m
[0;32mI (7341) M5_SYSTEM: Recibido 7 bytes: current[0m
V_Sensor: 0.5625V | Amp: -58.7121A
Current: -58.712120AI (7401) M5_SYSTEM: Pantalla actualizada: Current: -58.712120A
[0;32mI (13731) M5_SYSTEM: Recibido 7 bytes: voltage[0m
--- Datos Crudos ---
MSB (Byte 0): 107 (Hex: 0x6b)
LSB (Byte 1): 247 (Hex: 0xf7)
Valor RAW: 27639
Bat: 5.182312VI (13781) M5_SYSTEM: Pantalla actualizada: Bat: 5.182312V
[0;32mI (17391) M5_SYSTEM: Recibido 7 bytes: current[0m
V_Sensor: 0.565125V | Amp: -58.6326A
Current: -58.632576AI (17451) M5_SYSTEM: Pantalla actualizada: Current: -58.632576A
[0;32mI (249371) M5_SYSTEM: Recibido 7 bytes: current[0m
V_Sensor: 2.58225V | Amp: 2.49243A
Current: 2.492428AI (249431) M5_SYSTEM: Pantalla actualizada: Current: 2.492428A
[0;32mI (266661) M5_SYSTEM: Recibido 7 bytes: current[0m
V_Sensor: 2.58244V | Amp: 2.49811A
Current: 2.498106AI (266721) M5_SYSTEM: Pantalla actualizada: Current: 2.498106A
[0;32mI (667471) M5_SYSTEM: Recibido 7 bytes: current[0m
V_Sensor: 2.58375V | Amp: 2.53788A
Current: 2.537879AI (667531) M5_SYSTEM: Pantalla actualizada: Current: 2.537879A
[0;32mI (687611) M5_SYSTEM: Recibido 7 bytes: current[0m
V_Sensor: 0.562688V | Amp: -58.7064A
Current: -58.706440AI (687671) M5_SYSTEM: Pantalla actualizada: Current: -58.706440A
[0;32mI (838821) M5_SYSTEM: Recibido 7 bytes: current[0m
V_Sensor: 2.58506V | Amp: 2.57765A
Current: 2.577652AI (838881) M5_SYSTEM: Pantalla actualizada: Current: 2.577652A
[0;32mI (845091) M5_SYSTEM: Recibido 7 bytes: current[0m
V_Sensor: 2.58544V | Amp: 2.58902A
Current: 2.589016AI (845151) M5_SYSTEM: Pantalla actualizada: Current: 2.589016A
[0;32mI (848761) M5_SYSTEM: Recibido 7 bytes: current[0m
V_Sensor: 2.58544V | Amp: 2.58902A
Current: 2.589016AI (848821) M5_SYSTEM: Pantalla actualizada: Current: 2.589016A
[0;32mI (852611) M5_SYSTEM: Recibido 7 bytes: current[0m
V_Sensor: 2.58525V | Amp: 2.58334A
Current: 2.583338AI (852671) M5_SYSTEM: Pantalla actualizada: Current: 2.583338A
[0;32mI (859101) M5_SYSTEM: Recibido 7 bytes: current[0m
V_Sensor: 2.58469V | Amp: 2.56629A
Current: 2.566287AI (859161) M5_SYSTEM: Pantalla actualizada: Current: 2.566287A
[0;32mI (864481) M5_SYSTEM: Recibido 7 bytes: current[0m
V_Sensor: 2.58506V | Amp: 2.57765A
Current: 2.577652AI (864541) M5_SYSTEM: Pantalla actualizada: Current: 2.577652A
[0;32mI (868041) M5_SYSTEM: Recibido 7 bytes: current[0m
V_Sensor: 2.58506V | Amp: 2.57765A
Current: 2.577652AI (868101) M5_SYSTEM: Pantalla actualizada: Current: 2.577652A
[0;32mI (1025981) M5_SYSTEM: Recibido 7 bytes: current[0m
V_Sensor: 2.58469V | Amp: 2.56629A
Current: 2.566287AI (1026041) M5_SYSTEM: Pantalla actualizada: Current: 2.566287A
[0;32mI (1233601) M5_SYSTEM: Recibido 7 bytes: current[0m
V_Sensor: 2.58469V | Amp: 2.56629A
Current: 2.566287AI (1233661) M5_SYSTEM: Pantalla actualizada: Current: 2.566287A
[0;32mI (1272281) M5_SYSTEM: Recibido 7 bytes: current[0m
V_Sensor: 2.58394V | Amp: 2.54356A
Current: 2.543558AI (1272341) M5_SYSTEM: Pantalla actualizada: Current: 2.543558A
