Command: C:\Espressif\python_env\idf5.5_py3.11_env\Scripts\python.exe C:\Espressif\frameworks\esp-idf-v5.5.1\tools/idf_monitor.py -p COM4 -b 115200 --toolchain-prefix xtensa-esp32-elf- --target esp32 --revision 0 C:\Users\Jose\ESP32_Battery_Management_System\ESP32_Battery_Management_System\i2c_read_voltage\build\read_voltage.elf C:\Users\Jose\ESP32_Battery_Management_System\ESP32_Battery_Management_System\i2c_read_voltage\build\bootloader\bootloader.elf --force-color -m 'C:\Espressif\python_env\idf5.5_py3.11_env\Scripts\python.exe' 'C:\Espressif\frameworks\esp-idf-v5.5.1\tools\idf.py'
���-----�ets Jul 29 2019 12:21:46

rst:0x1 (POWERON_RESET),boot:0x13 (SPI_FAST_FLASH_BOOT)
configsip: 271414342, SPIWP:0xee
clk_drv:0x00,q_drv:0x00,d_drv:0x00,cs0_drv:0x00,hd_drv:0x00,wp_drv:0x00
mode:DIO, clock div:2
load:0x3fff0030,len:6380
ho 0 tail 12 room 4
load:0x40078000,len:15916
load:0x40080400,len:3860
entry 0x40080638
[0;32mI (30) boot: ESP-IDF v5.5.1 2nd stage bootloader[0m
[0;32mI (30) boot: compile time Apr  8 2026 15:35:52[0m
[0;32mI (30) boot: Multicore bootloader[0m
[0;32mI (31) boot: chip revision: v3.0[0m
[0;32mI (34) boot.esp32: SPI Speed      : 40MHz[0m
[0;32mI (38) boot.esp32: SPI Mode       : DIO[0m
[0;32mI (41) boot.esp32: SPI Flash Size : 8MB[0m
[0;32mI (45) boot: Enabling RNG early entropy source...[0m
[0;32mI (49) boot: Partition Table:[0m
[0;32mI (52) boot: ## Label            Usage          Type ST Offset   Length[0m
[0;32mI (58) boot:  0 nvs              WiFi data        01 02 00009000 00006000[0m
[0;32mI (65) boot:  1 phy_init         RF data          01 01 0000f000 00001000[0m
[0;32mI (71) boot:  2 factory          factory app      00 00 00010000 00100000[0m
[0;32mI (78) boot:  3 storage1         Unknown data     01 82 00110000 00020000[0m
[0;32mI (84) boot:  4 storage2         Unknown data     01 82 00130000 00050000[0m
[0;32mI (91) boot:  5 storage3         Unknown data     01 82 00180000 00080000[0m
[0;32mI (97) boot: End of partition table[0m
[0;32mI (101) esp_image: segment 0: paddr=00010020 vaddr=3f400020 size=126f8h ( 75512) map[0m
[0;32mI (134) esp_image: segment 1: paddr=00022720 vaddr=3ffb0000 size=02788h ( 10120) load[0m
[0;32mI (138) esp_image: segment 2: paddr=00024eb0 vaddr=40080000 size=0b168h ( 45416) load[0m
[0;32mI (156) esp_image: segment 3: paddr=00030020 vaddr=400d0020 size=51268h (332392) map[0m
[0;32mI (270) esp_image: segment 4: paddr=00081290 vaddr=4008b168 size=05b58h ( 23384) load[0m
[0;32mI (279) esp_image: segment 5: paddr=00086df0 vaddr=50000000 size=00020h (    32) load[0m
[0;32mI (288) boot: Loaded app from partition at offset 0x10000[0m
[0;32mI (288) boot: Disabling RNG early entropy source...[0m
[0;32mI (300) cpu_start: Multicore app[0m
[0;32mI (308) cpu_start: Pro cpu start user code[0m
[0;32mI (308) cpu_start: cpu freq: 160000000 Hz[0m
[0;32mI (308) app_init: Application information:[0m
[0;32mI (309) app_init: Project name:     read_voltage[0m
[0;32mI (313) app_init: App version:      f976686-dirty[0m
[0;32mI (317) app_init: Compile time:     Apr  8 2026 15:35:32[0m
[0;32mI (322) app_init: ELF file SHA256:  97dad0810...[0m
[0;32mI (327) app_init: ESP-IDF:          v5.5.1[0m
[0;32mI (330) efuse_init: Min chip rev:     v0.0[0m
[0;32mI (334) efuse_init: Max chip rev:     v3.99 [0m
[0;32mI (338) efuse_init: Chip rev:         v3.0[0m
[0;32mI (342) heap_init: Initializing. RAM available for dynamic allocation:[0m
[0;32mI (349) heap_init: At 3FFAE6E0 len 00001920 (6 KiB): DRAM[0m
[0;32mI (353) heap_init: At 3FFB4FD0 len 0002B030 (172 KiB): DRAM[0m
[0;32mI (359) heap_init: At 3FFE0440 len 00003AE0 (14 KiB): D/IRAM[0m
[0;32mI (364) heap_init: At 3FFE4350 len 0001BCB0 (111 KiB): D/IRAM[0m
[0;32mI (370) heap_init: At 40090CC0 len 0000F340 (60 KiB): IRAM[0m
[0;32mI (376) spi_flash: detected chip: generic[0m
[0;32mI (379) spi_flash: flash io: dio[0m
[0;33mW (384) i2c: This driver is an old driver, please migrate your application code to adapt `driver/i2c_master.h`[0m
[0;32mI (392) main_task: Started on CPU0[0m
[0;32mI (402) main_task: Calling app_main()[0m
----- Initialising program -----
[0;32mI (402) M5_SYSTEM: Initializing SPIFFS[0m
[0;32mI (412) M5_SYSTEM: Mount /fonts to storage1 success[0m
[0;32mI (412) M5_SYSTEM: Partition size: total: 113201, used: 95631[0m
[0;32mI (412) M5_SYSTEM: I2C Relay inicializado[0m
Escaneando bus I2C...
ets Jul 29 2019 12:21:46

rst:0x7 (TG0WDT_SYS_RESET),boot:0x13 (SPI_FAST_FLASH_BOOT)
configsip: 271414342, SPIWP:0xee
clk_drv:0x00,q_drv:0x00,d_drv:0x00,cs0_drv:0x00,hd_drv:0x00,wp_drv:0x00
mode:DIO, clock div:2
load:0x3fff0030,len:6380
ho 0 tail 12 room 4
load:0x40078000,len:15916
load:0x40080400,len:3860
entry 0x40080638
[0;32mI (59) boot: ESP-IDF v5.5.1 2nd stage bootloader[0m
[0;32mI (59) boot: compile time Apr  8 2026 15:35:52[0m
[0;32mI (59) boot: Multicore bootloader[0m
[0;32mI (61) boot: chip revision: v3.0[0m
[0;32mI (64) boot.esp32: SPI Speed      : 40MHz[0m
[0;32mI (68) boot.esp32: SPI Mode       : DIO[0m
[0;32mI (71) boot.esp32: SPI Flash Size : 8MB[0m
[0;33mW (75) boot.esp32: PRO CPU has been reset by WDT[0m
[0;33mW (79) boot.esp32: WDT rst info: PRO CPU PC=0x40084e18[0m
[0;33mW (84) boot.esp32: WDT rst info: APP CPU PC=0x4008538a (waiti mode)[0m
[0;32mI (90) boot: Enabling RNG early entropy source...[0m
[0;32mI (95) boot: Partition Table:[0m
[0;32mI (97) boot: ## Label            Usage          Type ST Offset   Length[0m
[0;32mI (103) boot:  0 nvs              WiFi data        01 02 00009000 00006000[0m
[0;32mI (110) boot:  1 phy_init         RF data          01 01 0000f000 00001000[0m
[0;32mI (117) boot:  2 factory          factory app      00 00 00010000 00100000[0m
[0;32mI (123) boot:  3 storage1         Unknown data     01 82 00110000 00020000[0m
[0;32mI (130) boot:  4 storage2         Unknown data     01 82 00130000 00050000[0m
[0;32mI (136) boot:  5 storage3         Unknown data     01 82 00180000 00080000[0m
[0;32mI (143) boot: End of partition table[0m
[0;32mI (147) esp_image: segment 0: paddr=00010020 vaddr=3f400020 size=126f8h ( 75512) map[0m
[0;32mI (180) esp_image: segment 1: paddr=00022720 vaddr=3ffb0000 size=02788h ( 10120) load[0m
[0;32mI (184) esp_image: segment 2: paddr=00024eb0 vaddr=40080000 size=0b168h ( 45416) load[0m
[0;32mI (202) esp_image: segment 3: paddr=00030020 vaddr=400d0020 size=51268h (332392) map[0m
[0;32mI (316) esp_image: segment 4: paddr=00081290 vaddr=4008b168 size=05b58h ( 23384) load[0m
[0;32mI (325) esp_image: segment 5: paddr=00086df0 vaddr=50000000 size=00020h (    32) load[0m
[0;32mI (333) boot: Loaded app from partition at offset 0x10000[0m
[0;32mI (334) boot: Disabling RNG early entropy source...[0m
[0;32mI (346) cpu_start: Multicore app[0m
[0;32mI (354) cpu_start: Pro cpu start user code[0m
[0;32mI (354) cpu_start: cpu freq: 160000000 Hz[0m
[0;32mI (354) app_init: Application information:[0m
[0;32mI (354) app_init: Project name:     read_voltage[0m
[0;32mI (359) app_init: App version:      f976686-dirty[0m
[0;32mI (363) app_init: Compile time:     Apr  8 2026 15:35:32[0m
[0;32mI (368) app_init: ELF file SHA256:  97dad0810...[0m
[0;32mI (372) app_init: ESP-IDF:          v5.5.1[0m
[0;32mI (376) efuse_init: Min chip rev:     v0.0[0m
[0;32mI (380) efuse_init: Max chip rev:     v3.99 [0m
[0;32mI (384) efuse_init: Chip rev:         v3.0[0m
[0;32mI (388) heap_init: Initializing. RAM available for dynamic allocation:[0m
[0;32mI (394) heap_init: At 3FFAE6E0 len 00001920 (6 KiB): DRAM[0m
[0;32mI (399) heap_init: At 3FFB4FD0 len 0002B030 (172 KiB): DRAM[0m
[0;32mI (404) heap_init: At 3FFE0440 len 00003AE0 (14 KiB): D/IRAM[0m
[0;32mI (410) heap_init: At 3FFE4350 len 0001BCB0 (111 KiB): D/IRAM[0m
[0;32mI (415) heap_init: At 40090CC0 len 0000F340 (60 KiB): IRAM[0m
[0;32mI (422) spi_flash: detected chip: generic[0m
[0;32mI (424) spi_flash: flash io: dio[0m
[0;33mW (430) i2c: This driver is an old driver, please migrate your application code to adapt `driver/i2c_master.h`[0m
[0;32mI (438) main_task: Started on CPU0[0m
[0;32mI (448) main_task: Calling app_main()[0m
----- Initialising program -----
[0;32mI (448) M5_SYSTEM: Initializing SPIFFS[0m
[0;32mI (458) M5_SYSTEM: Mount /fonts to storage1 success[0m
[0;32mI (458) M5_SYSTEM: Partition size: total: 113201, used: 95631[0m
[0;32mI (458) M5_SYSTEM: I2C Relay inicializado[0m
Escaneando bus I2C...
ets Jul 29 2019 12:21:46

rst:0x7 (TG0WDT_SYS_RESET),boot:0x13 (SPI_FAST_FLASH_BOOT)
configsip: 271414342, SPIWP:0xee
clk_drv:0x00,q_drv:0x00,d_drv:0x00,cs0_drv:0x00,hd_drv:0x00,wp_drv:0x00
mode:DIO, clock div:2
load:0x3fff0030,len:6380
ho 0 tail 12 room 4
load:0x40078000,len:15916
load:0x40080400,len:3860
entry 0x40080638
[0;32mI (59) boot: ESP-IDF v5.5.1 2nd stage bootloader[0m
[0;32mI (59) boot: compile time Apr  8 2026 15:35:52[0m
[0;32mI (59) boot: Multicore bootloader[0m
[0;32mI (61) boot: chip revision: v3.0[0m
[0;32mI (64) boot.esp32: SPI Speed      : 40MHz[0m
[0;32mI (68) boot.esp32: SPI Mode       : DIO[0m
[0;32mI (71) boot.esp32: SPI Flash Size : 8MB[0m
[0;33mW (75) boot.esp32: PRO CPU has been reset by WDT[0m
[0;33mW (79) boot.esp32: WDT rst info: PRO CPU PC=0x40084e12[0m
[0;33mW (84) boot.esp32: WDT rst info: APP CPU PC=0x4008538a (waiti mode)[0m
[0;32mI (90) boot: Enabling RNG early entropy source...[0m
[0;32mI (95) boot: Partition Table:[0m
[0;32mI (97) boot: ## Label            Usage          Type ST Offset   Length[0m
[0;32mI (103) boot:  0 nvs              WiFi data        01 02 00009000 00006000[0m
[0;32mI (110) boot:  1 phy_init         RF data          01 01 0000f000 00001000[0m
[0;32mI (117) boot:  2 factory          factory app      00 00 00010000 00100000[0m
[0;32mI (123) boot:  3 storage1         Unknown data     01 82 00110000 00020000[0m
[0;32mI (130) boot:  4 storage2         Unknown data     01 82 00130000 00050000[0m
[0;32mI (136) boot:  5 storage3         Unknown data     01 82 00180000 00080000[0m
[0;32mI (143) boot: End of partition table[0m
[0;32mI (147) esp_image: segment 0: paddr=00010020 vaddr=3f400020 size=126f8h ( 75512) map[0m
[0;32mI (180) esp_image: segment 1: paddr=00022720 vaddr=3ffb0000 size=02788h ( 10120) load[0m
[0;32mI (184) esp_image: segment 2: paddr=00024eb0 vaddr=40080000 size=0b168h ( 45416) load[0m
[0;32mI (202) esp_image: segment 3: paddr=00030020 vaddr=400d0020 size=51268h (332392) map[0m
[0;32mI (316) esp_image: segment 4: paddr=00081290 vaddr=4008b168 size=05b58h ( 23384) load[0m
[0;32mI (325) esp_image: segment 5: paddr=00086df0 vaddr=50000000 size=00020h (    32) load[0m
[0;32mI (333) boot: Loaded app from partition at offset 0x10000[0m
[0;32mI (334) boot: Disabling RNG early entropy source...[0m
[0;32mI (346) cpu_start: Multicore app[0m
[0;32mI (354) cpu_start: Pro cpu start user code[0m
[0;32mI (354) cpu_start: cpu freq: 160000000 Hz[0m
[0;32mI (354) app_init: Application information:[0m
[0;32mI (354) app_init: Project name:     read_voltage[0m
[0;32mI (359) app_init: App version:      f976686-dirty[0m
[0;32mI (363) app_init: Compile time:     Apr  8 2026 15:35:32[0m
[0;32mI (368) app_init: ELF file SHA256:  97dad0810...[0m
[0;32mI (372) app_init: ESP-IDF:          v5.5.1[0m
[0;32mI (376) efuse_init: Min chip rev:     v0.0[0m
[0;32mI (380) efuse_init: Max chip rev:     v3.99 [0m
[0;32mI (384) efuse_init: Chip rev:         v3.0[0m
[0;32mI (388) heap_init: Initializing. RAM available for dynamic allocation:[0m
[0;32mI (394) heap_init: At 3FFAE6E0 len 00001920 (6 KiB): DRAM[0m
[0;32mI (399) heap_init: At 3FFB4FD0 len 0002B030 (172 KiB): DRAM[0m
[0;32mI (404) heap_init: At 3FFE0440 len 00003AE0 (14 KiB): D/IRAM[0m
[0;32mI (410) heap_init: At 3FFE4350 len 0001BCB0 (111 KiB): D/IRAM[0m
[0;32mI (415) heap_init: At 40090CC0 len 0000F340 (60 KiB): IRAM[0m
[0;32mI (422) spi_flash: detected chip: generic[0m
[0;32mI (424) spi_flash: flash io: dio[0m
[0;33mW (430) i2c: This driver is an old driver, please migrate your application code to adapt `driver/i2c_master.h`[0m
[0;32mI (438) main_task: Started on CPU0[0m
[0;32mI (448) main_task: Calling app_main()[0m
----- Initialising program -----
[0;32mI (448) M5_SYSTEM: Initializing SPIFFS[0m
[0;32mI (458) M5_SYSTEM: Mount /fonts to storage1 success[0m
[0;32mI (458) M5_SYSTEM: Partition size: total: 113201, used: 95631[0m
[0;32mI (458) M5_SYSTEM: I2C Relay inicializado[0m
Escaneando bus I2C...
¡Dispositivo encontrado en dirección: 0x48!
[0;32mI (488) M5_SYSTEM: Tarea TFT iniciada[0m
[0;32mI (498) main_task: Returned from app_main()[0m
[0;32mI (2498) ST7789: GPIO_CS=5[0m
[0;32mI (2498) ST7789: GPIO_DC=14[0m
[0;32mI (2498) ST7789: GPIO_RESET=12[0m
[0;32mI (2648) ST7789: GPIO_BL=-1[0m
[0;32mI (2648) ST7789: GPIO_MOSI=15[0m
[0;32mI (2648) ST7789: GPIO_SCLK=13[0m
[0;32mI (3348) ST7789: heap_caps_malloc success. Frame buffer is available.[0m
> current
[0;32mI (15858) M5_SYSTEM: Comando recibido (7 bytes): current[0m
V_Sensor: 2.58525V | Amp: 0.0166676A
Current: 0.016668A
[0;32mI (15918) M5_SYSTEM: Pantalla actualizada: Current: 0.016668A[0m

> voltage
[0;32mI (20318) M5_SYSTEM: Comando recibido (7 bytes): voltage[0m
Valor RAW: 27658
Bat: 5.158217V
[0;32mI (20368) M5_SYSTEM: Pantalla actualizada: Bat: 5.158217V[0m

> current
[0;32mI (57878) M5_SYSTEM: Comando recibido (7 bytes): current[0m
V_Sensor: 2.58544V | Amp: 0.0223463A
Current: 0.022346A
[0;32mI (57938) M5_SYSTEM: Pantalla actualizada: Current: 0.022346A[0m

> current
[0;32mI (60898) M5_SYSTEM: Comando recibido (7 bytes): current[0m
V_Sensor: 2.58469V | Amp: -0.000382915A
Current: -0.000383A
[0;32mI (60958) M5_SYSTEM: Pantalla actualizada: Current: -0.000383A[0m

> current
[0;32mI (64028) M5_SYSTEM: Comando recibido (7 bytes): current[0m
V_Sensor: 2.58469V | Amp: -0.000382915A
Current: -0.000383A
[0;32mI (64088) M5_SYSTEM: Pantalla actualizada: Current: -0.000383A[0m

> cut rrent
[0;32mI (66848) M5_SYSTEM: Comando recibido (7 bytes): current[0m
V_Sensor: 2.58488V | Amp: 0.00530301A
Current: 0.005303A
[0;32mI (66908) M5_SYSTEM: Pantalla actualizada: Current: 0.005303A[0m

> current
[0;32mI (74938) M5_SYSTEM: Comando recibido (7 bytes): current[0m
V_Sensor: 2.58506V | Amp: 0.0109817A
Current: 0.010982A
[0;32mI (74998) M5_SYSTEM: Pantalla actualizada: Current: 0.010982A[0m

> current
[0;32mI (79908) M5_SYSTEM: Comando recibido (7 bytes): current[0m
V_Sensor: 2.58506V | Amp: 0.0109817A
Current: 0.010982A
[0;32mI (79968) M5_SYSTEM: Pantalla actualizada: Current: 0.010982A[0m

> current
[0;32mI (82238) M5_SYSTEM: Comando recibido (7 bytes): current[0m
V_Sensor: 2.586V | Amp: 0.0393896A
Current: 0.039390A
[0;32mI (82298) M5_SYSTEM: Pantalla actualizada: Current: 0.039390A[0m

> current
[0;32mI (84168) M5_SYSTEM: Comando recibido (7 bytes): current[0m
V_Sensor: 2.58506V | Amp: 0.0109817A
Current: 0.010982A
[0;32mI (84228) M5_SYSTEM: Pantalla actualizada: Current: 0.010982A[0m

> current
[0;32mI (86198) M5_SYSTEM: Comando recibido (7 bytes): current[0m
V_Sensor: 2.58506V | Amp: 0.0109817A
Current: 0.010982A
[0;32mI (86268) M5_SYSTEM: Pantalla actualizada: Current: 0.010982A[0m

> current
[0;32mI (88238) M5_SYSTEM: Comando recibido (7 bytes): current[0m
V_Sensor: 2.58525V | Amp: 0.0166676A
Current: 0.016668A
[0;32mI (88298) M5_SYSTEM: Pantalla actualizada: Current: 0.016668A[0m

> current
[0;32mI (90058) M5_SYSTEM: Comando recibido (7 bytes): current[0m
V_Sensor: 2.58488V | Amp: 0.00530301A
Current: 0.005303A
[0;32mI (90118) M5_SYSTEM: Pantalla actualizada: Current: 0.005303A[0m

> curretn  nt
[0;32mI (96438) M5_SYSTEM: Comando recibido (7 bytes): current[0m
V_Sensor: 2.58488V | Amp: 0.00530301A
Current: 0.005303A
[0;32mI (96508) M5_SYSTEM: Pantalla actualizada: Current: 0.005303A[0m

> current
[0;32mI (98578) M5_SYSTEM: Comando recibido (7 bytes): current[0m
V_Sensor: 2.58506V | Amp: 0.0109817A
Current: 0.010982A
[0;32mI (98638) M5_SYSTEM: Pantalla actualizada: Current: 0.010982A[0m

> current
[0;32mI (100608) M5_SYSTEM: Comando recibido (7 bytes): current[0m
V_Sensor: 2.58525V | Amp: 0.0166676A
Current: 0.016668A
[0;32mI (100668) M5_SYSTEM: Pantalla actualizada: Current: 0.016668A[0m

> current
[0;32mI (102738) M5_SYSTEM: Comando recibido (7 bytes): current[0m
V_Sensor: 2.58506V | Amp: 0.0109817A
Current: 0.010982A
[0;32mI (102798) M5_SYSTEM: Pantalla actualizada: Current: 0.010982A[0m

> current
[0;32mI (104578) M5_SYSTEM: Comando recibido (7 bytes): current[0m
V_Sensor: 2.58506V | Amp: 0.0109817A
Current: 0.010982A
[0;32mI (104638) M5_SYSTEM: Pantalla actualizada: Current: 0.010982A[0m

> current
[0;32mI (106518) M5_SYSTEM: Comando recibido (7 bytes): current[0m
V_Sensor: 2.58506V | Amp: 0.0109817A
Current: 0.010982A
[0;32mI (106578) M5_SYSTEM: Pantalla actualizada: Current: 0.010982A[0m

> current
[0;32mI (108948) M5_SYSTEM: Comando recibido (7 bytes): current[0m
V_Sensor: 2.58581V | Amp: 0.0337109A
Current: 0.033711A
[0;32mI (109008) M5_SYSTEM: Pantalla actualizada: Current: 0.033711A[0m

> current
[0;32mI (111278) M5_SYSTEM: Comando recibido (7 bytes): current[0m
V_Sensor: 2.58544V | Amp: 0.0223463A
Current: 0.022346A
[0;32mI (111338) M5_SYSTEM: Pantalla actualizada: Current: 0.022346A[0m

> current
[0;32mI (113208) M5_SYSTEM: Comando recibido (7 bytes): current[0m
V_Sensor: 2.58469V | Amp: -0.000382915A
Current: -0.000383A
[0;32mI (113268) M5_SYSTEM: Pantalla actualizada: Current: -0.000383A[0m

> current
[0;32mI (115948) M5_SYSTEM: Comando recibido (7 bytes): current[0m
V_Sensor: 2.58544V | Amp: 0.0223463A
Current: 0.022346A
[0;32mI (116008) M5_SYSTEM: Pantalla actualizada: Current: 0.022346A[0m

> current
[0;32mI (145178) M5_SYSTEM: Comando recibido (7 bytes): current[0m
V_Sensor: 0.558375V | Amp: -61.4038A
Current: -61.403793A
[0;32mI (145238) M5_SYSTEM: Pantalla actualizada: Current: -61.403793A[0m

> current
[0;32mI (195358) M5_SYSTEM: Comando recibido (7 bytes): current[0m
V_Sensor: 4.88156V | Amp: 69.6019A
Current: 69.601898A
[0;32mI (195418) M5_SYSTEM: Pantalla actualizada: Current: 69.601898A[0m

> current
[0;32mI (198598) M5_SYSTEM: Comando recibido (7 bytes): current[0m
V_Sensor: 4.88119V | Amp: 69.5905A
Current: 69.590523A
[0;32mI (198658) M5_SYSTEM: Pantalla actualizada: Current: 69.590523A[0m

>  � � � � � � � � � � � � � � � � � � � � � � � � � � � � � �ets Jul 29 2019 12:21:46

rst:0x1 (POWERON_RESET),boot:0x13 (SPI_FAST_FLASH_BOOT)
configsip: 271414342, SPIWP:0xee
clk_drv:0x00,q_drv:0x00,d_drv:0x00,cs0_drv:0x00,hd_drv:0x00,wp_drv:0x00
mode:DIO, clock div:2
load:0x3fff0030,len:6380
ho 0 tail 12 room 4
load:0x40078000,len:15916
load:0x40080400,len:3860
entry 0x40080638
[0;32mI (30) boot: ESP-IDF v5.5.1 2nd stage bootloader[0m
[0;32mI (30) boot: compile time Apr  8 2026 15:35:52[0m
[0;32mI (30) boot: Multicore bootloader[0m
[0;32mI (31) boot: chip revision: v3.0[0m
[0;32mI (34) boot.esp32: SPI Speed      : 40MHz[0m
[0;32mI (38) boot.esp32: SPI Mode       : DIO[0m
[0;32mI (41) boot.esp32: SPI Flash Size : 8MB[0m
[0;32mI (45) boot: Enabling RNG early entropy source...[0m
[0;32mI (49) boot: Partition Table:[0m
[0;32mI (52) boot: ## Label            Usage          Type ST Offset   Length[0m
[0;32mI (58) boot:  0 nvs              WiFi data        01 02 00009000 00006000[0m
[0;32mI (65) boot:  1 phy_init         RF data          01 01 0000f000 00001000[0m
[0;32mI (71) boot:  2 factory          factory app      00 00 00010000 00100000[0m
[0;32mI (78) boot:  3 storage1         Unknown data     01 82 00110000 00020000[0m
[0;32mI (84) boot:  4 storage2         Unknown data     01 82 00130000 00050000[0m
[0;32mI (91) boot:  5 storage3         Unknown data     01 82 00180000 00080000[0m
[0;32mI (97) boot: End of partition table[0m
[0;32mI (101) esp_image: segment 0: paddr=00010020 vaddr=3f400020 size=126f8h ( 75512) map[0m
[0;32mI (134) esp_image: segment 1: paddr=00022720 vaddr=3ffb0000 size=02788h ( 10120) load[0m
[0;32mI (138) esp_image: segment 2: paddr=00024eb0 vaddr=400   � � � � � �ets Jul 29 2019 12:21:46[0m

rst:0x1 (POWERON_RESET),boot:0x13 (SPI_FAST_FLASH_BOOT)
configsip: 271414342, SPIWP:0xee
clk_drv:0x00,q_drv:0x00,d_drv:0x00,cs0_drv:0x00,hd_drv:0x00,wp_drv:0x00
mode:DIO, clock div:2
load:0x3fff0030,len:6380
ho 0 tail 12 room 4
load:0x40078000,len:15916
load:0x40080400,len:3860
entry 0x40080638
[0;32mI (30) boot: ESP-IDF v5.5.1 2nd stage bootloader[0m
[0;32mI (30) boot: compile time Apr  8 2026 15:35:52[0m
[0;32mI (30) boot: Multicore bootloader[0m
[0;32mI (31) boot: chip revision: v3.0[0m
[0;32mI (34) boot.esp32: SPI Speed      : 40MHz[0m
[0;32mI (38) boot.esp32: SPI Mode       : DIO[0m
[0;32mI (41) boot.esp32: SPI Flash Size : 8MB[0m
[0;32mI (45) boot: Enabling RNG early entropy source...[0m
[0;32mI (49) boot: Partition Table:[0m
[0;32mI (52) boot: ## Label            Usage          Type ST Offset   Length[0m
[0;32mI (58) boot:  0 nvs              WiFi data        01 02 00009000 00006000[0m
[0;32mI (65) boot:  1 phy_init         RF data          01 01 0000f000 00001000[0m
[0;32mI (71) boot:  2 factory          factory app      00 00 00010000 00100000[0m
[0;32mI (78) boot:  3 storage1         Unknown data     01 82 00110000 00020000[0m
[0;32mI (84) boot:  4 storage2         Unknown data     01 82 00130000 00050000[0m
[0;32mI (91) boot:  5 storage3         Unknown data     01 82 00180000 00080000[0m
[0;32mI (97) boot: End of partition table[0m
[0;32mI (101) esp_image: segment 0: paddr=00010020 vaddr=3f400020 size=126f8h ( 75512) map[0m
[0;32mI (134) esp_image: segment 1: paddr=00022720 vaddr=3ffb0000 size=02788h ( 10120) load[0m
[0;32mI (138) esp_image: segment 2: paddr=00024eb0 vaddr=40080000 size=0b168h ( 45416) load[0m
[0;32mI (156) esp_image: segment 3: paddr=00030020 vaddr=400d0020 size=51268h (332392) map[0m
[0;32mI (270) esp_image: segment 4: paddr=00081290 vaddr=4008b168 size=05b58h ( 23384) load[0m
[0;32mI (279) esp_image: segment 5: paddr=00086df0 vaddr=50000000 size=00020h (    32) load[0m
[0;32mI (288) boot: Loaded app from partition at offset 0x10000[0m
[0;32mI (288) boot: Disabling RNG early entropy source...[0m
[0;32mI (300) cpu_start: Multicore app[0m
[0;32mI (308) cpu_start: Pro cpu start user code[0m
[0;32mI (308) cpu_start: cpu freq: 160000000 Hz[0m
[0;32mI (308) app_init: Application information:[0m
[0;32mI (309) app_init: Project name:     read_voltage[0m
[0;32mI (313) app_init: App version:      f976686-dirty[0m
[0;32mI (317) app_init: Compile time:     Apr  8 2026 15:35:32[0m
[0;32mI (322) app_init: ELF file SHA256:  97dad0810...[0m
[0;32mI (327) app_init: ESP-IDF:          v5.5.1[0m
[0;32mI (330) efuse_init: Min chip rev:     v0.0[0m
[0;32mI (334) efuse_init: Max chip rev:     v3.99 [0m
[0;32mI (338) efuse_init: Chip rev:         v3.0[0m
[0;32mI (342) heap_init: Initializing. RAM available for dynamic allocation:[0m
[0;32mI (349) heap_init: At 3FFAE6E0 len 00001920 (6 KiB): DRAM[0m
[0;32mI (353) heap_init: At 3FFB4FD0 len 0002B030 (172 KiB): DRAM[0m
[0;32mI (359) heap_init: At 3FFE0440 len 00003AE0 (14 KiB): D/IRAM[0m
[0;32mI (364) heap_init: At 3FFE4350 len 0001BCB0 (111 KiB): D/IRAM[0m
[0;32mI (370) heap_init: At 40090CC0 len 0000F340 (60 KiB): IRAM[0m
[0;32mI (376) spi_flash: detected chip: generic[0m
[0;32mI (379) spi_flash: flash io: dio[0m
[0;33mW (384) i2c: This driver is an old driver, please migrate your application code to adapt `driver/i2c_master.h`[0m
[0;32mI (392) main_task: Started on CPU0[0m
[0;32mI (402) main_task: Calling app_main()[0m
----- Initialising program -----
[0;32mI (402) M5_SYSTEM: Initializing SPIFFS[0m
[0;32mI (412) M5_SYSTEM: Mount /fonts to storage1 success[0m
[0;32mI (412) M5_SYSTEM: Partition size: total: 113201, used: 95631[0m
[0;32mI (412) M5_SYSTEM: I2C Relay inicializado[0m
Escaneando bus I2C...
  � � � � � �ets Jul 29 2019 12:21:46

rst:0x1 (POWERON_RESET),boot:0x13 (SPI_FAST_FLASH_BOOT)
configsip: 271414342, SPIWP:0xee
clk_drv:0x00,q_drv:0x00,d_drv:0x00,cs0_drv:0x00,hd_drv:0x00,wp_drv:0x00
mode:DIO, clock div:2
load:0x3fff0030,len:6380
ho 0 tail 12 room 4
load:0x40078000,len:15916
load:0x40080400,len:3860
entry 0x40080638
[0;32mI (30) boot: ESP-IDF v5.5.1 2nd stage bootloader[0m
[0;32mI (30) boot: compile time Apr  8 2026 15:35:52[0m
[0;32mI (30) boot: Multicore bootloader[0m
[0;32mI (31) boot: chip revision: v3.0[0m
[0;32mI (34) boot.esp32: SPI Speed      : 40MHz[0m
[0;32mI (38) boot.esp32: SPI Mode       : DIO[0m
[0;32mI (41) boot.esp32: SPI Flash Size : 8MB[0m
[0;32mI (45) boot: Enabling RNG early entropy source...[0m
[0;32mI (49) boot: Partition Table:[0m
[0;32mI (52) boot: ## Label            Usage          Type ST Offset   Length[0m
[0;32mI (58) boot:  0 nvs              WiFi data        01 02 00009000 00006000[0m
[0;32mI (65) boot:  1 phy_init         RF data          01 01 0000f000 00001000[0m
[0;32mI (71) boot:  2 factory          factory app      00 00 00010000 00100000[0m
[0;32mI (78) boot:  3 storage1         Unknown data     01 82 00110000 00020000[0m
[0;32mI (84) boot:  4 storage2         Unknown data     01 82 00130000 00050000[0m
[0;32mI (91) boot:  5 storage3         Unknown data     01 82 00180000 00080000[0m
[0;32mI (97) boot: End of partition table[0m
[0;32mI (101) esp_image: segment 0: paddr=00010020 vaddr=3f400020 size=126f8h ( 75512) map[0m
[0;32mI (134) esp_image: segment 1: paddr=00022720 vaddr=3ffb0000 size=02788h ( 10120) load[0m
[0;32mI (138) esp_image: segment 2: paddr=00024eb0 vaddr=40080000 size=0b168h ( 45416) load[0m
[0;32mI (156) esp_image: segment 3: paddr=00030020 vaddr=400d0020 size=51268h (332392) map[0m
[0;32mI (270) esp_image: segment 4: paddr=00081290 vaddr=4008b168 size=05b58h ( 23384) load[0m
[0;32mI (279) esp_image: segment 5: paddr=00086df0 vaddr=50000000 size=00020h (    32) load[0m
[0;32mI (288) boot: Loaded app from partition at offset 0x10000[0m
[0;32mI (288) boot: Disabling RNG early entropy source...[0m
[0;32mI (300) cpu_start: Multicore app[0m
[0;32mI (308) cpu_start: Pro cpu start user code[0m
[0;32mI (308) cpu_start: cpu freq: 160000000 Hz[0m
[0;32mI (308) app_init: Application information:[0m
[0;32mI (309) app_init: Project name:     read_voltage[0m
[0;32mI (313) app_init: App version:      f976686-dirty[0m
[0;32mI (317) app_init: Compile time:     Apr  8 2026 15:35:32[0m
[0;32mI (322) app_init: ELF file SHA256:  97dad0810...[0m
[0;32mI (327) app_init: ESP-IDF:          v5.5.1[0m
[0;32mI (330) efuse_init: Min chip rev:     v0.0[0m
[0;32mI (334) efuse_init: Max chip rev:     v3.99 [0m
[0;32mI (338) efuse_init: Chip rev:         v3.0[0m
[0;32mI (342) heap_init: Initializing. RAM available for dynamic allocation:[0m
[0;32mI (349) heap_init: At 3FFAE6E0 len 00001920 (6 KiB): DRAM[0m
[0;32mI (353) heap_init: At 3FFB4FD0 len 0002B030 (172 KiB): DRAM[0m
[0;32mI (359) heap_init: At 3FFE0440 len 00003AE0 (14 KiB): D/IRAM[0m
[0;32mI (364) heap_init: At 3FFE4350 len 0001BCB0 (111 KiB): D/IRAM[0m
[0;32mI (370) heap_init: At 40090CC0 len 0000F340 (60 KiB): IRAM[0m
[0;32mI (376) spi_flash: detected chip: generic[0m
[0;32mI (379) spi_flash: flash io: dio[0m
[0;33mW (384) i2c: This driver is an old driver, please migrate your application code to adapt `driver/i2c_master.h`[0m
[0;32mI (392) main_task: Started on CPU0[0m
[0;32mI (402) main_task: Calling app_main()[0m
----- Initialising program -----
[0;32mI (402) M5_SYSTEM: Initializing SPIFFS[0m
[0;32mI (412) M5_SYSTEM: Mount /fonts to storage1 success[0m
[0;32mI (412) M5_SYSTEM: Partition size: total: 113201, used: 95631[0m
[0;32mI (412) M5_SYSTEM: I2C Relay inicializado[0m
Escaneando bus I2C...
  � � � � � �  ets Jul 29 2019 12:21:46

rst:0x1 (POWERON_RESET),boot:0x13 (SPI_FAST_FLASH_BOOT)
configsip: 271414342, SPIWP:0xee
clk_drv:0x00,q_drv:0x00,d_drv:0x00,cs0_drv:0x00,hd_drv:0x00,wp_drv:0x00
mode:DIO, clock div:2
load:0x3fff0030,len:6380
ho 0 tail 12 room 4
load:0x40078000,len:15916
load:0x40080400,len:3860
entry 0x40080638
[0;32mI (30) boot: ESP-IDF v5.5.1 2nd stage bootloader[0m
[0;32mI (30) boot: compile time Apr  8 2026 15:35:52[0m
[0;32mI (30) boot: Multicore bootloader[0m
[0;32mI (31) boot: chip revision: v3.0[0m
[0;32mI (34) boot.esp32: SPI Speed      : 40MHz[0m
[0;32mI (38) boot.esp32: SPI Mode       : DIO[0m
[0;32mI (41) boot.esp32: SPI Flash Size : 8MB[0m
[0;32mI (45) boot: Enabling RNG early entropy source...[0m
[0;32mI (49) boot: Partition Table:[0m
[0;32mI (52) boot: ## Label            Usage          Type ST Offset   Length[0m
[0;32mI (58) boot:  0 nvs              WiFi data        01 02 00009000 00006000[0m
[0;32mI (65) boot:  1 phy_init         RF data          01 01 0000f000 00001000[0m
[0;32mI (71) boot:  2 factory          factory app      00 00 00010000 00100000[0m
[0;32mI (78) boot:  3 storage1         Unknown data     01 82 00110000 00020000[0m
[0;32mI (84) boot:  4 storage2         Unknown data     01 82 00130000 00050000[0m
[0;32mI (91) boot:  5 storage3         Unknown data     01 82 00180000 00080000[0m
[0;32mI (97) boot: End of partition table[0m
[0;32mI (101) esp_image: segment 0: paddr=00010020 vaddr=3f400020 size=126f8h ( 75512) map[0m
[0;32mI (134) esp_image: segment 1: paddr=00022720 vaddr=3ffb0000 size=02788h ( 10120) load[0m
[0;32mI (138) esp_image: segment 2: paddr=00024eb0 vaddr=40080000 size=0b168h ( 45416) load[0m
[0;32mI (156) esp_image: segment 3: paddr=00030020 vaddr=400d0020 size=51268h (332392) map[0m
[0;32mI (270) esp_image: segment 4: paddr=00081290 vaddr=4008b168 size=05b58h ( 23384) load[0m
[0;32mI (279) esp_image: segment 5: paddr=00086df0 vaddr=50000000 size=00020h (    32) load[0m
[0;32mI (288) boot: Loaded app from partition at offset 0x10000[0m
[0;32mI (288) boot: Disabling RNG early entropy source...[0m
[0;32mI (300) cpu_start: Multicore app[0m
[0;32mI (308) cpu_start: Pro cpu start user code[0m
[0;32mI (308) cpu_start: cpu freq: 160000000 Hz[0m
[0;32mI (308) app_init: Application information:[0m
[0;32mI (309) app_init: Project name:     read_voltage[0m
[0;32mI (313) app_init: App version:      f976686-dirty[0m
[0;32mI (317) app_init: Compile time:     Apr  8 2026 15:35:32[0m
[0;32mI (322) app_init: ELF file SHA256:  97dad0810...[0m
[0;32mI (327) app_init: ESP-IDF:          v5.5.1[0m
[0;32mI (330) efuse_init: Min chip rev:     v0.0[0m
[0;32mI (334) efuse_init: Max chip rev:     v3.99 [0m
[0;32mI (338) efuse_init: Chip rev:         v3.0[0m
[0;32mI (342) heap_init: Initializing. RAM available for dynamic allocation:[0m
[0;32mI (349) heap_init: At 3FFAE6E0 len 00001920 (6 KiB): DRAM[0m
[0;32mI (353) heap_init: At 3FFB4FD0 len 0002B030 (172 KiB): DRAM[0m
[0;32mI (359) heap_init: At 3FFE0440 len 00003AE0 (14 KiB): D/IRAM[0m
[0;32mI (364) heap_init: At 3FFE4350 len 0001BCB0 (111 KiB): D/IRAM[0m
[0;32mI (370) heap_init: At 40090CC0 len 0000F340 (60 KiB): IRAM[0m
[0;32mI (376) spi_flash: detected chip: generic[0m
[0;32mI (379) spi_flash: flash io: dio[0m
[0;33mW (384) i2c: This driver is an old driver, please migrate your application code to adapt `driver/i2c_master.h`[0m
[0;32mI (392) main_task: Started on CPU0[0m
[0;32mI (402) main_task: Calling app_main()[0m
----- Initialising program -----
[0;32mI (402) M5_SYSTEM: Initializing SPIFFS[0m
[0;32mI (412) M5_SYSTEM: Mount /fonts to storage1 success[0m
[0;32mI (412) M5_SYSTEM: Partition size: total: 113201, used: 95631[0m
[0;32mI (412) M5_SYSTEM: I2C Relay inicializado[0m
Escaneando bus I2C...
  � � �ets Jul 29 2019 12:21:46

ets Jul 29 2019 12:21:46

rst:0x1 (POWERON_RESET),boot:0x13 (SPI_FAST_FLASH_BOOT)
configsip: 271414342, SPIWP:0xee
clk_drv:0x00,q_drv:0  �ets Jul 29 2019 12:21:46

rst:0x1 (POWERON_RESET),boot:0x13 (SPI_FAST_FLASH_BOOT)
configsip: 271414342, SPIWP:0xee
clk_drv:0x00,q_drv:0x00,d_drv:0x00,cs0_drv:0x00,hd_drv:0x00,wp_drv:0x00
mode:DIO, clock div:2
load:0x3fff0030,len:6380
ho 0 tail 12 room 4
load:0x40078000,len:15916
load:0x40080400,len:3860
entry 0x40080638
[0;32mI (30) boot: ESP-IDF v5.5.1 2nd stage bootloader[0m
[0;32mI (30) boot: compile time Apr  8 2026 15:35:52[0m
[0;32mI (30) boot: Multicore bootloader[0m
[0;32mI (31) boot: chip revision: v3.0[0m
[0;32mI (34) boot.esp32: SPI Speed      : 40MHz[0m
[0;32mI (38) boot.esp32: SPI Mode       : DIO[0m
[0;32mI (41) boot.esp32: SPI Flash Size : 8MB[0m
[0;32mI (45) boot: Enabling RNG early entropy source...[0m
[0;32mI (49) boot: Partition Table:[0m
[0;32mI (52) boot: ## Label            Usage          Type ST Offset   Length[0m
[0;32mI (58) boot:  0 nvs              WiFi data        01 02 00009000 00006000[0m
[0;32mI (65) boot:  1 phy_init         RF data          01 01 0000f000 00001000[0m
[0;32mI (71) boot:  2 factory          factory app      00 00 00010000 00100000[0m
[0;32mI (78) boot:  3 storage1         Unknown data     01 82 00110000 00020000[0m
[0;32mI (84) boot:  4 storage2         Unknown data     01 82 00130000 00050000[0m
[0;32mI (91) boot:  5 storage3         Unknown data     01 82 00180000 00080000[0m
[0;32mI (97) boot: End of partition table[0m
[0;32mI (101) esp_image: segment 0: paddr=00010020 vaddr=3f400020 size=126f8h ( 75512) map[0m
[0;32mI (134) esp_image: segment 1: paddr=00022720 vaddr=3ffb0000 788h ( 101 � �ets Jul 29 2019 12:21:46[0m

rst:0x1 (POWERON_RESET),boot:0x13 (SPI_FAST_FLASH_BOOT)
configsip: 271414342, SPIWP:0xee
clk_drv:0x00,q_drv:0x00,d_drv:0x00,cs0_drv:0x00,hd_drv:0x00,wp_drv:0x00
mode:DIO, clock div:2
load:0x3fff0030,len:6380
ho 0 tail 12 room 4
load:0x40078000,len:15916
load:0x40080400,len:3860
entry 0x40080638
[0;32mI (30) boot: ESP-IDF v5.5.1 2nd stage bootloader[0m
[0;32mI (30) boot: compile time Apr  8 2026 15:35:52[0m
[0;32mI (30) boot: Multicore bootloader[0m
[0;32mI (31) boot: chip revision: v3.0[0m
[0;32mI (34) boot.esp32: SPI Speed      : 40MHz[0m
[0;32mI (38) boot.esp32: SPI Mode       : DIO[0m
[0;32mI (41) boot.esp32: SPI Flash Size : 8MB[0m
[0;32mI (45) boot: Enabling RNG early entropy source...[0m
[0;32mI (49) boot: Partition Table:[0m
[0;32mI (52) boot: ## Label            Usage          Type ST Offset   Length[0m
[0;32mI (58) boot:  0 nvs              WiFi data        01 02 00009000 00006000[0m
[0;32mI (65) boot:  1 phy_init         RF data          01 01 0000f000 00001000[0m
[0;32mI (71) boot:  2 factory          factory app      00 00 00010000 00100000[0m
[0;32mI (78) boot:  3 storage1         Unknown data     01 82 00110000 00020000[0m
[0;32mI (84) boot:  4 storage2         Unknown data     01 82 00130000 00050000[0m
[0;32mI (91) boot:  5 storage3         Unknown data     01 82 00180000 00080000[0m
[0;32mI (97) boot: End of partition table[0m
[0;32mI (101) esp_image: segment 0: paddr=00010020 vaddr=3f400020 size=126f8h ( 75512) map[0m
[0;32mI (134) esp_image: segment 1: paddr=00022720 vaddr=3ffb0000 size=02788h ( 10120) load[0m
[0;32mI (138) esp_image: segment 2: paddr=00024eb0 vaddr=40080000 size=0b168h ( 45416) load[0m
[0;32mI (156) esp_image: segment 3: paddr=00030020 vaddr=400d0020 size=51268h (332392) map[0m
[0;32mI (270) esp_image: segment 4: paddr=00081290 vaddr=4008b168 size=05b58h ( 23384) load[0m
[0;32mI (279) esp_image: segment 5: paddr=00086df0 vaddr=50000000 size=00020h (    32) load[0m
[0;32mI (288) boot: Loaded app from partition at offset 0x10000[0m
[0;32mI (288) boot: Disabling RNG early entropy source...[0m
[0;32mI (300) cpu_start: Multicore app[0m
[0;32mI (308) cpu_start: Pro cpu start user code[0m
[0;32mI (308) cpu_start: cpu freq: 160000000 Hz[0m
[0;32mI (308) app_init: Application information:[0m
[0;32mI (309) app_init: Project name:     read_voltage[0m
[0;32mI (313) app_init: App version:      f976686-dirty[0m
[0;32mI (317) app_init: Compile time:     Apr  8 2026 15:35:32[0m
[0;32mI (322) app_init: ELF file SHA256:  97dad0810...[0m
[0;32mI (327) app_init: ESP-IDF:          v5.5.1[0m
[0;32mI (330) efuse_init: Min chip rev:     v0.0[0m
[0;32mI (334) efuse_init: Max chip rev:     v3.99 [0m
[0;32mI (338) efuse_init: Chip rev:         v3.0[0m
[0;32mI (342) heap_init: Initializing. RAM available for dynamic allocation:[0m
[0;32mI (349) heap_init: At 3FFAE6E0 len 00001920 (6 KiB): DRAM[0m
[0;32mI (353) heap_init: At 3FFB4FD0 len 0002B030 (172 KiB): DRAM[0m
[0;32mI (359) heap_init: At 3FFE0440 len 00003AE0 (14 KiB): D/IRAM[0m
[0;32mI (364) heap_init: At 3FFE4350 len 0001BCB0 (111 KiB): D/IRAM[0m
[0;32mI (370) heap_init: At 40090CC0 len 0000F340 (60 KiB): IRAM[0m
[0;32mI (376) spi_flash: detected chip: generic[0m
[0;32mI (379) spi_flash: flash io: dio[0m
[0;33mW (384) i2c: This driver is an old driver, please migrate your application code to adapt `driver/i2c_master.h`[0m
[0;32mI (392) main_task: Started on CPU0[0m
[0;32mI (402) main_task: Calling app_main()[0m
----- Initialising program -----
[0;32mI (402) M5_SYSTEM: Initializing SPIFFS[0m
[0;32mI (412) M5_SYSTEM: Mount /fonts to storage1 success[0m
[0;32mI (412) M5_SYSTEM: Partition size: total: 113201, used: 95631[0m
[0;32mI (412) M5_SYSTEM: I2C Relay inicializado[0m
Escaneando bus I2C...
ets Jul 29 2019 12:21:46

rst:0x7 (TG0WDT_SYS_RESET),boot:0x13 (SPI_FAST_FLASH_BOOT)
configsip: 271414342, SPIWP:0xee
clk_drv:0x00,q_drv:0x00,d_drv:0x00,cs0_drv:0x00,hd_drv:0x00,wp_drv:0x00
mode:DIO, clock div:2
load:0x3fff0030,len:6380
ho 0 tail 12 room 4
load:0x40078000,len:15916
load:0x40080400,len:3860
entry 0x40080638
[0;32mI (59) boot: ESP-IDF v5.5.1 2nd stage bootloader[0m
[0;32mI (59) boot: compile time Apr  8 2026 15:35:52[0m
[0;32mI (59) boot: Multicore bootloader[0m
[0;32mI (61) boot: chip revision: v3.0[0m
[0;32mI (64) boot.esp32: SPI Speed      : 40MHz[0m
[0;32mI (68) boot.esp32: SPI Mode       : DIO[0m
[0;32mI (71) boot.esp32: SPI Flash Size : 8MB[0m
[0;33mW (75) boot.esp32: PRO CPU has been reset by WDT[0m
[0;33mW (79) boot.esp32: WDT rst info: PRO CPU PC=0x40084e18[0m
[0;33mW (84) boot.esp32: WDT rst info: APP CPU PC=0x4008538a (waiti mode)[0m
[0;32mI (90) boot: Enabling RNG early entropy source...[0m
[0;32mI (95) boot: Partition Table:[0m
[0;32mI (97) boot: ## Label            Usage          Type ST Offset   Length[0m
[0;32mI (103) boot:  0 nvs              WiFi data        01 02 00009000 00006000[0m
[0;32mI (110) boot:  1 phy_init         RF data          01 01 0000f000 00001000[0m
[0;32mI (117) boot:  2 factory          factory app      00 00 00010000 00100000[0m
[0;32mI (123) boot:  3 storage1         Unknown data     01 82 00110000 00020000[0m
[0;32mI (130) boot:  4 storage2         Unknown data     01 82 00130000 00050000[0m
[0;32mI (136) boot:  5 storage3         Unknown data     01 82 00180000 00080000[0m
[0;32mI (143) boot: End of partition table[0m
[0;32mI (147) esp_image: segment 0: paddr=00010020 vaddr=3f400020 size=126f8h ( 75512) map[0m
[0;32mI (180) esp_image: segment 1: paddr=00022720 vaddr=3ffb0000 size=02788h ( 10120) load[0m
[0;32mI (184) esp_image: segment 2: paddr=00024eb0 vaddr=40080000 size=0b168h ( 45416) load[0m
[0;32mI (202) esp_image: segment 3: paddr=00030020 vaddr=400d0020 size=51268h (332392) map[0m
[0;32mI (316) esp_image: segment 4: paddr=00081290 vaddr=4008b168 size=05b58h ( 23384) load[0m
[0;32mI (325) esp_image: segment 5: paddr=00086df0 vaddr=50000000 size=00020h (    32) load[0m
[0;32mI (333) boot: Loaded app from partition at offset 0x10000[0m
[0;32mI (334) boot: Disabling RNG early entropy source...[0m
[0;32mI (346) cpu_start: Multicore app[0m
[0;32mI (354) cpu_start: Pro cpu start user code[0m
[0;32mI (354) cpu_start: cpu freq: 160000000 Hz[0m
[0;32mI (354) app_init: Application information:[0m
[0;32mI (354) app_init: Project name:     read_voltage[0m
[0;32mI (359) app_init: App version:      f976686-dirty[0m
[0;32mI (363) app_init: Compile time:     Apr  8 2026 15:35:32[0m
[0;32mI (368) app_init: ELF file SHA256:  97dad0810...[0m
[0;32mI (372) app_init: ESP-IDF:          v5.5.1[0m
[0;32mI (376) efuse_init: Min chip rev:     v0.0[0m
[0;32mI (380) efuse_init: Max chip rev:     v3.99 [0m
[0;32mI (384) efuse_init: Chip rev:         v3.0[0m
[0;32mI (388) heap_init: Initializing. RAM available for dynamic allocation:[0m
[0;32mI (394) heap_init: At 3FFAE6E0 len 00001920 (6 KiB): DRAM[0m
[0;32mI (399) heap_init: At 3FFB4FD0 len 0002B030 (172 KiB): DRAM[0m
[0;32mI (404) heap_init: At 3FFE0440 len 00003AE0 (14 KiB): D/IRAM[0m
[0;32mI (410) heap_init: At 3FFE4350 len 0001BCB0 (111 KiB): D/IRAM[0m
[0;32mI (415) heap_init: At 40090CC0 len 0000F340 (60 KiB): IRAM[0m
[0;32mI (422) spi_flash: detected chip: generic[0m
[0;32mI (424) spi_flash: flash io: dio[0m
[0;33mW (430) i2c: This driver is an old driver, please migrate your application code to adapt `driver/i2c_master.h`[0m
[0;32mI (438) main_task: Started on CPU0[0m
[0;32mI (448) main_task: Calling app_main()[0m
----- Initialising program -----
[0;32mI (448) M5_SYSTEM: Initializing SPIFFS[0m
[0;32mI (458) M5_SYSTEM: Mount /fonts to storage1 success[0m
[0;32mI (458) M5_SYSTEM: Partition size: total: 113201, used: 95631[0m
[0;32mI (458) M5_SYSTEM: I2C Relay inicializado[0m
Escaneando bus I2C...
ets Jul 29 2019 12:21:46

rst:0x7 (TG0WDT_SYS_RESET),boot:0x13 (SPI_FAST_FLASH_BOOT)
configsip: 271414342, SPIWP:0xee
clk_drv:0x00,q_drv:0x00,d_drv:0x00,cs0_drv:0x00,hd_drv:0x00,wp_drv:0x00
mode:DIO, clock div:2
load:0x3fff0030,len:6380
ho 0 tail 12 room 4
load:0x40078000,len:15916
load:0x40080400,len:3860
entry 0x40080638
[0;32mI (59) boot: ESP-IDF v5.5.1 2nd stage bootloader[0m
[0;32mI (59) boot: compile time Apr  8 2026 15:35:52[0m
[0;32mI (59) boot: Multicore bootloader[0m
[0;32mI (61) boot: chip revision: v3.0[0m
[0;32mI (64) boot.esp32: SPI Speed      : 40MHz[0m
[0;32mI (68) boot.esp32: SPI Mode       : DIO[0m
[0;32mI (71) boot.esp32: SPI Flash Size : 8MB[0m
[0;33mW (75) boot.esp32: PRO CPU has been reset by WDT[0m
[0;33mW (79) boot.esp32: WDT rst info: PRO CPU PC=0x40084e00[0m
[0;33mW (84) boot.esp32: WDT rst info: APP CPU PC=0x4008538a (waiti mode)[0m
[0;32mI (90) boot: Enabling RNG early entropy source...[0m
[0;32mI (95) boot: Partition Table:[0m
[0;32mI (97) boot: ## Label            Usage          Type ST Offset   Length[0m
[0;32mI (103) boot:  0 nvs              WiFi data        01 02 00009000 00006000[0m
[0;32mI (110) boot:  1 phy_init         RF data          01 01 0000f000 00001000[0m
[0;32mI (117) boot:  2 factory          factory app      00 00 00010000 00100000[0m
[0;32mI (123) boot:  3 storage1         Unknown data     01 82 00110000 00020000[0m
[0;32mI (130) boot:  4 storage2         Unknown data     01 82 00130000 00050000[0m
[0;32mI (136) boot:  5 storage3         Unknown data     01 82 00180000 00080000[0m
[0;32mI (143) boot: End of partition table[0m
[0;32mI (147) esp_image: segment 0: paddr=00010020 vaddr=3f400020 size=126f8h ( 75512) map[0m
[0;32mI (180) esp_image: segment 1: paddr=00022720 vaddr=3ffb0000 size=02788h ( 10120) load[0m
[0;32mI (184) esp_image: segment 2: paddr=00024eb0 vaddr=40080000 size=0b168h ( 45416) load[0m
[0;32mI (202) esp_image: segment 3: paddr=00030020 vaddr=400d0020 size=51268h (332392) map[0m
[0;32mI (316) esp_image: segment 4: paddr=00081290 vaddr=4008b168 size=05b58h ( 23384) load[0m
[0;32mI (325) esp_image: segment 5: paddr=00086df0 vaddr=50000000 size=00020h (    32) load[0m
[0;32mI (333) boot: Loaded app from partition at offset 0x10000[0m
[0;32mI (334) boot: Disabling RNG early entropy source...[0m
[0;32mI (346) cpu_start: Multicore app[0m
[0;32mI (354) cpu_start: Pro cpu start user code[0m
[0;32mI (354) cpu_start: cpu freq: 160000000 Hz[0m
[0;32mI (354) app_init: Application information:[0m
[0;32mI (354) app_init: Project name:     read_voltage[0m
[0;32mI (359) app_init: App version:      f976686-dirty[0m
[0;32mI (363) app_init: Compile time:     Apr  8 2026 15:35:32[0m
[0;32mI (368) app_init: ELF file SHA256:  97dad0810...[0m
[0;32mI (372) app_init: ESP-IDF:          v5.5.1[0m
[0;32mI (376) efuse_init: Min chip rev:     v0.0[0m
[0;32mI (380) efuse_init: Max chip rev:     v3.99 [0m
[0;32mI (384) efuse_init: Chip rev:         v3.0[0m
[0;32mI (388) heap_init: Initializing. RAM available for dynamic allocation:[0m
[0;32mI (394) heap_init: At 3FFAE6E0 len 00001920 (6 KiB): DRAM[0m
[0;32mI (399) heap_init: At 3FFB4FD0 len 0002B030 (172 KiB): DRAM[0m
[0;32mI (404) heap_init: At 3FFE0440 len 00003AE0 (14 KiB): D/IRAM[0m
[0;32mI (410) heap_init: At 3FFE4350 len 0001BCB0 (111 KiB): D/IRAM[0m
[0;32mI (415) heap_init: At 40090CC0 len 0000F340 (60 KiB): IRAM[0m
[0;32mI (422) spi_flash: detected chip: generic[0m
[0;32mI (424) spi_flash: flash io: dio[0m
[0;33mW (430) i2c: This driver is an old driver, please migrate your application code to adapt `driver/i2c_master.h`[0m
[0;32mI (438) main_task: Started on CPU0[0m
[0;32mI (448) main_task: Calling app_main()[0m
----- Initialising program -----
[0;32mI (448) M5_SYSTEM: Initializing SPIFFS[0m
[0;32mI (458) M5_SYSTEM: Mount /fonts to storage1 success[0m
[0;32mI (458) M5_SYSTEM: Partition size: total: 113201, used: 95631[0m
[0;32mI (458) M5_SYSTEM: I2C Relay inicializado[0m
Escaneando bus I2C...
ets Jul 29 2019 12:21:46

rst:0x7 (TG0WDT_SYS_RESET),boot:0x13 (SPI_FAST_FLASH_BOOT)
configsip: 271414342, SPIWP:0xee
clk_drv:0x00,q_drv:0x00,d_drv:0x00,cs0_drv:0x00,hd_drv:0x00,wp_drv:0x00
mode:DIO, clock div:2
load:0x3fff0030,len:6380
ho 0 tail 12 room 4
load:0x40078000,len:15916
load:0x40080400,len:3860
entry 0x40080638
[0;32mI (59) boot: ESP-IDF v5.5.1 2nd stage bootloader[0m
[0;32mI (59) boot: compile time Apr  8 2026 15:35:52[0m
[0;32mI (59) boot: Multicore bootloader[0m
[0;32mI (61) boot: chip revision: v3.0[0m
[0;32mI (64) boot.esp32: SPI Speed      : 40MHz[0m
[0;32mI (68) boot.esp32: SPI Mode       : DIO[0m
[0;32mI (71) boot.esp32: SPI Flash Size : 8MB[0m
[0;33mW (75) boot.esp32: PRO CPU has been reset by WDT[0m
[0;33mW (79) boot.esp32: WDT rst info: PRO CPU PC=0x40084e0e[0m
[0;33mW (84) boot.esp32: WDT rst info: APP CPU PC=0x4008538a (waiti mode)[0m
[0;32mI (90) boot: Enabling RNG early entropy source...[0m
[0;32mI (95) boot: Partition Table:[0m
[0;32mI (97) boot: ## Label            Usage          Type ST Offset   Length[0m
[0;32mI (103) boot:  0 nvs              WiFi data        01 02 00009000 00006000[0m
[0;32mI (110) boot:  1 phy_init         RF data          01 01 0000f000 00001000[0m
[0;32mI (117) boot:  2 factory          factory app      00 00 00010000 00100000[0m
[0;32mI (123) boot:  3 storage1         Unknown data     01 82 00110000 00020000[0m
[0;32mI (130) boot:  4 storage2         Unknown data     01 82 00130000 00050000[0m
[0;32mI (136) boot:  5 storage3         Unknown data     01 82 00180000 00080000[0m
[0;32mI (143) boot: End of partition table[0m
[0;32mI (147) esp_image: segment 0: paddr=00010020 vaddr=3f400020 size=126f8h ( 75512) map[0m
[0;32mI (180) esp_image: segment 1: paddr=00022720 vaddr=3ffb0000 size=02788h ( 10120) load[0m
[0;32mI (184) esp_image: segment 2: paddr=00024eb0 vaddr=40080000 size=0b168h ( 45416) load[0m
[0;32mI (202) esp_image: segment 3: paddr=00030020 vaddr=400d0020 size=51268h (332392) map[0m
[0;32mI (316) esp_image: segment 4: paddr=00081290 vaddr=4008b168 size=05b58h ( 23384) load[0m
[0;32mI (325) esp_image: segment 5: paddr=00086df0 vaddr=50000000 size=00020h (    32) load[0m
[0;32mI (333) boot: Loaded app from partition at offset 0x10000[0m
[0;32mI (334) boot: Disabling RNG early entropy source...[0m
[0;32mI (346) cpu_start: Multicore app[0m
[0;32mI (354) cpu_start: Pro cpu start user code[0m
[0;32mI (354) cpu_start: cpu freq: 160000000 Hz[0m
[0;32mI (354) app_init: Application information:[0m
[0;32mI (354) app_init: Project name:     read_voltage[0m
[0;32mI (359) app_init: App version:      f976686-dirty[0m
[0;32mI (363) app_init: Compile time:     Apr  8 2026 15:35:32[0m
[0;32mI (368) app_init: ELF file SHA256:  97dad0810...[0m
[0;32mI (372) app_init: ESP-IDF:          v5.5.1[0m
[0;32mI (376) efuse_init: Min chip rev:     v0.0[0m
[0;32mI (380) efuse_init: Max chip rev:     v3.99 [0m
[0;32mI (384) efuse_init: Chip rev:         v3.0[0m
[0;32mI (388) heap_init: Initializing. RAM available for dynamic allocation:[0m
[0;32mI (394) heap_init: At 3FFAE6E0 len 00001920 (6 KiB): DRAM[0m
[0;32mI (399) heap_init: At 3FFB4FD0 len 0002B030 (172 KiB): DRAM[0m
[0;32mI (404) heap_init: At 3FFE0440 len 00003AE0 (14 KiB): D/IRAM[0m
[0;32mI (410) heap_init: At 3FFE4350 len 0001BCB0 (111 KiB): D/IRAM[0m
[0;32mI (415) heap_init: At 40090CC0 len 0000F340 (60 KiB): IRAM[0m
[0;32mI (422) spi_flash: detected chip: generic[0m
[0;32mI (424) spi_flash: flash io: dio[0m
[0;33mW (430) i2c: This driver is an old driver, please migrate your application code to adapt `driver/i2c_master.h`[0m
[0;32mI (438) main_task: Started on CPU0[0m
[0;32mI (448) main_task: Calling app_main()[0m
----- Initialising program -----
[0;32mI (448) M5_SYSTEM: Initializing SPIFFS[0m
[0;32mI (458) M5_SYSTEM: Mount /fonts to storage1 success[0m
[0;32mI (458) M5_SYSTEM: Partition size: total: 113201, used: 95631[0m
[0;32mI (458) M5_SYSTEM: I2C Relay inicializado[0m
Escaneando bus I2C...
¡Dispositivo encontrado en dirección: 0x48!
[0;32mI (488) M5_SYSTEM: Tarea TFT iniciada[0m
[0;32mI (498) main_task: Returned from app_main()[0m
[0;32mI (2498) ST7789: GPIO_CS=5[0m
[0;32mI (2498) ST7789: GPIO_DC=14[0m
[0;32mI (2498) ST7789: GPIO_RESET=12[0m
[0;32mI (2648) ST7789: GPIO_BL=-1[0m
[0;32mI (2648) ST7789: GPIO_MOSI=15[0m
[0;32mI (2648) ST7789: GPIO_SCLK=13[0m
[0;32mI (3348) ST7789: heap_caps_malloc success. Frame buffer is available.[0m
> current
[0;32mI (7828) M5_SYSTEM: Comando recibido (7 bytes): current[0m
V_Sensor: 2.58413V | Amp: -0.0174262A
Current: -0.017426A
[0;32mI (7888) M5_SYSTEM: Pantalla actualizada: Current: -0.017426A[0m

> current
[0;32mI (11268) M5_SYSTEM: Comando recibido (7 bytes): current[0m
V_Sensor: 2.58356V | Amp: -0.0344695A
Current: -0.034470A
[0;32mI (11328) M5_SYSTEM: Pantalla actualizada: Current: -0.034470A[0m

> current
[0;32mI (13908) M5_SYSTEM: Comando recibido (7 bytes): current[0m
V_Sensor: 2.58356V | Amp: -0.0344695A
Current: -0.034470A
[0;32mI (13968) M5_SYSTEM: Pantalla actualizada: Current: -0.034470A[0m

> current
[0;32mI (16348) M5_SYSTEM: Comando recibido (7 bytes): current[0m
V_Sensor: 2.58394V | Amp: -0.0231122A
Current: -0.023112A
[0;32mI (16408) M5_SYSTEM: Pantalla actualizada: Current: -0.023112A[0m

> current
[0;32mI (18278) M5_SYSTEM: Comando recibido (7 bytes): current[0m
V_Sensor: 2.58356V | Amp: -0.0344695A
Current: -0.034470A
[0;32mI (18338) M5_SYSTEM: Pantalla actualizada: Current: -0.034470A[0m

> current
[0;32mI (20108) M5_SYSTEM: Comando recibido (7 bytes): current[0m
V_Sensor: 2.58356V | Amp: -0.0344695A
Current: -0.034470A
[0;32mI (20168) M5_SYSTEM: Pantalla actualizada: Current: -0.034470A[0m

> curretn
[0;32mI (22548) M5_SYSTEM: Comando recibido (7 bytes): curretn[0m
Comando no reconocido
> cue rret nt
[0;32mI (26798) M5_SYSTEM: Comando recibido (7 bytes): current[0m
V_Sensor: 2.58413V | Amp: -0.0174262A
Current: -0.017426A
[0;32mI (26858) M5_SYSTEM: Pantalla actualizada: Current: -0.017426A[0m

> current
[0;32mI (29438) M5_SYSTEM: Comando recibido (7 bytes): current[0m
V_Sensor: 2.58394V | Amp: -0.0231122A
Current: -0.023112A
[0;32mI (29498) M5_SYSTEM: Pantalla actualizada: Current: -0.023112A[0m

> current
[0;32mI (31568) M5_SYSTEM: Comando recibido (7 bytes): current[0m
V_Sensor: 2.58319V | Amp: -0.0458342A
Current: -0.045834A
[0;32mI (31628) M5_SYSTEM: Pantalla actualizada: Current: -0.045834A[0m

> curretn  nt
[0;32mI (35028) M5_SYSTEM: Comando recibido (7 bytes): current[0m
V_Sensor: 2.58431V | Amp: -0.0117475A
Current: -0.011748A
[0;32mI (35088) M5_SYSTEM: Pantalla actualizada: Current: -0.011748A[0m

> current
[0;32mI (38078) M5_SYSTEM: Comando recibido (7 bytes): current[0m
V_Sensor: 2.58431V | Amp: -0.0117475A
Current: -0.011748A
[0;32mI (38138) M5_SYSTEM: Pantalla actualizada: Current: -0.011748A[0m

> current
[0;32mI (41018) M5_SYSTEM: Comando recibido (7 bytes): current[0m
V_Sensor: 2.58337V | Amp: -0.0401555A
Current: -0.040155A
[0;32mI (41078) M5_SYSTEM: Pantalla actualizada: Current: -0.040155A[0m

> current
[0;32mI (45178) M5_SYSTEM: Comando recibido (7 bytes): current[0m
V_Sensor: 2.58356V | Amp: -0.0344695A
Current: -0.034470A
[0;32mI (45238) M5_SYSTEM: Pantalla actualizada: Current: -0.034470A[0m

> current
[0;32mI (56308) M5_SYSTEM: Comando recibido (7 bytes): current[0m
V_Sensor: 2.58413V | Amp: -0.0174262A
Current: -0.017426A
[0;32mI (56368) M5_SYSTEM: Pantalla actualizada: Current: -0.017426A[0m

> current
[0;32mI (73818) M5_SYSTEM: Comando recibido (7 bytes): current[0m
V_Sensor: 2.5845V | Amp: -0.00606161A
Current: -0.006062A
[0;32mI (73878) M5_SYSTEM: Pantalla actualizada: Current: -0.006062A[0m

>  �ets Jul 29 2019 12:21:46

rst:0x1 (POWERON_RESET),boot:0x13 (SPI_FAST_FLASH_BOOT)
configsip: 271414342, SPIWP:0xee
clk_drv:0x00,q_drv:0x00,d_drv:0x00,cs0_drv:0x00,hd_drv:0x00,wp_drv:0x00
mode:DIO, clock div:2
load:0x3fff0030,len:6380
ho 0 tail 12 room 4
load:0x40078000,len:15916
load:0x40080400,len:3860
entry 0x40080638
[0;32mI (30) boot: ESP-IDF v5.5.1 2nd stage bootloader[0m
[0;32mI (30) boot: compile time Apr  8 2026 15:35:52[0m
[0;32mI (30) boot: Multicore bootloader[0m
[0;32mI (31) boot: chip revision: v3.0[0m
[0;32mI (34) boot.esp32: SPI Speed      : 40MHz[0m
[0;32mI (38) boot.esp32: SPI Mode       : DIO[0m
[0;32mI (41) boot.esp32: SPI Flash Size : 8MB[0m
[0;32mI (45) boot: Enabling RNG early entropy source...[0m
[0;32mI (49) boot: Partition Table:[0m
[0;32mI (52) boot: ## Label            Usage          Type ST Offset   Length[0m
[0;32mI (58) boot:  0 nvs              WiFi data        01 02 00009000 00006000[0m
[0;32mI (65) boot:  1 phy_init         RF data          01 01 0000f000 00001000[0m
[0;32mI (71) boot:  2 factory          factory app      00 00 00010000 00100000[0m
[0;32mI (78) boot:  3 storage1         Unknown data     01 82 00110000 00020000[0m
[0;32mI (84) boot:  4 storage2         Unknown data     01 82 00130000 00050000[0m
[0;32mI (91) boot:  5 storage3         Unknown data     01 82 00180000 00080000[0m
[0;32mI (97) boot: End of partition table[0m
[0;32mI (101) esp_image: segment 0: paddr=00010020 vaddr=3f400020 size=126f8h ( 75512) map[0m
[0;32mI (134) esp_image: segment 1: paddr=00022720 vaddr=3ffb0000 size=02788h ( 10120) load[0m
[0;32mI (138) esp_image: segment 2: paddr=00024eb0 vaddr=40080000 size=0b168h ( 45416) load[0m
[0;32mI (156) esp_image: segment 3: paddr=00030020 vaddr=400d0020 size=51268h (332392) map[0m
[0;32mI (270) esp_image: segment 4: paddr=00081290 vaddr=4008b168 size=05b58h ( 23384) load[0m
[0;32mI (279) esp_image: segment 5: paddr=00086df0 vaddr=50000000 size=00020h (    32) load[0m
[0;32mI (288) boot: Loaded app from partition at offset 0x10000[0m
[0;32mI (288) boot: Disabling RNG early entropy source...[0m
[0;32mI (300) cpu_start: Multicore app[0m
[0;32mI (308) cpu_start: Pro cpu start user code[0m
[0;32mI (308) cpu_start: cpu freq: 160000000 Hz[0m
[0;32mI (308) app_init: Application information:[0m
[0;32mI (309) app_init: Project name:     read_voltage[0m
[0;32mI (313) app_init: App version:      f976686-dirty[0m
[0;32mI (317) app_init: Compile time:     Apr  8 2026 15:35:32[0m
[0;32mI (322) app_init: ELF file SHA256:  97dad0810...[0m
[0;32mI (327) app_init: ESP-IDF:          v5.5.1[0m
[0;32mI (330) efuse_init: Min chip rev:     v0.0[0m
[0;32mI (334) efuse_init: Max chip rev:     v3.99 [0m
[0;32mI (338) efuse_init: Chip rev:         v3.0[0m
[0;32mI (342) heap_init: Initializing. RAM available for dynamic allocation:[0m
[0;32mI (349) heap_init: At 3FFAE6E0 len 00001920 (6 KiB): DRAM[0m
[0;32mI (353) heap_init: At 3FFB4FD0 len 0002B030 (172 KiB): DRAM[0m
[0;32mI (359) heap_init: At 3FFE0440 len 00003AE0 (14 KiB): D/IRAM[0m
[0;32mI (364) heap_init: At 3FFE4350 len 0001BCB0 (111 KiB): D/IRAM[0m
[0;32mI (370) heap_init: At 40090CC0 len 0000F340 (60 KiB): IRAM[0m
[0;32mI (376) spi_flash: detected chip: generic[0m
[0;32mI (379) spi_flash: flash io: dio[0m
[0;33mW (384) i2c: This driver is an old driver, please migrate your application code to adapt `driver/i2c_master.h`[0m
[0;32mI (392) main_task: Started on CPU0[0m
[0;32mI (402) main_task: Calling app_main()[0m
----- Initialising program -----
[0;32mI (402) M5_SYSTEM: Initializing SPIFFS[0m
[0;32mI (412) M5_SYSTEM: Mount /fonts to storage1 success[0m
[0;32mI (412) M5_SYSTEM: Partition size: total: 113201, used: 95631[0m
[0;32mI (412) M5_SYSTEM: I2C Relay inicializado[0m
Escaneando bus I2C...
 ets Jul 29 2019 12:21:46

rst:0x1 (POWERON_RESET),boot:0x13 (SPI_FAST_FLASH_BOOT)
configsip: 271414342, SPIWP:0xee
clk_drv:0x00,q_drv:0x00,d_drv:0x00,cs0_drv:0x00,hd_drv:0x00,wp_drv:0x00
mode:DIO, clock div:2
load:0x3fff0030,len:6380
ho 0 tail 12 room 4
load:0x40078000,len:15916
load:0x40080400,len:3860
entry 0x40080638
[0;32mI (30) boot: ESP-IDF v5.5.1 2nd stage bootloader[0m
[0;32mI (30) boot: compile time Apr  8 2026 15:35:52[0m
[0;32mI (30) boot: Multicore bootloader[0m
[0;32mI (31) boot: chip revision: v3.0[0m
[0;32mI (34) boot.esp32: SPI Speed      : 40MHz[0m
[0;32mI (38) boot.esp32: SPI Mode       : DIO[0m
[0;32mI (41) boot.esp32: SPI Flash Size : 8MB[0m
[0;32mI (45) boot: Enabling RNG early entropy source...[0m
[0;32mI (49) boot: Partition Table:[0m
[0;32mI (52) boot: ## Label            Usage          Type ST Offset   Length[0m
[0;32mI (58) boot:  0 nvs              WiFi data        01 02 00009000 00006000[0m
[0;32mI (65) boot:  1 phy_init         RF data          01 01 0000f000 00001000[0m
[0;32mI (71) boot:  2 factory          factory app      00 00 00010000 00100000[0m
[0;32mI (78) boot:  3 storage1         Unknown data     01 82 00110000 00020000[0m
[0;32mI (84) boot:  4 storage2         Unknown data     01 82 00130000 00050000[0m
[0;32mI (91) boot:  5 storage3         Unknown data     01 82 00180000 00080000[0m
[0;32mI (97) boot: End of partition table[0m
[0;32mI (101) esp_image: segment 0: paddr=00010020 vaddr=3f400020 size=126f8h ( 75512) map[0m
[0;32mI (134) esp_image: segment 1: paddr=00022720 vaddr=3ffb0000 size=02788h ( 10120) load[0m
[0;32mI (138) esp_image: segment 2: paddr=00024eb0 vaddr=40080000 size=0b168h ( 45416) load[0m
[0;32mI (156) esp_image: segment 3: paddr=00030020 vaddr=400d0020 size=51268h (332392) map[0m
[0;32mI (270) esp_image: segment 4: paddr=00081290 vaddr=4008b168 size=05b58h ( 23384) load[0m
[0;32mI (279) esp_image: segment 5: paddr=00086df0 vaddr=50000000 size=00020h (    32) load[0m
[0;32mI (288) boot: Loaded app from partition at offset 0x10000[0m
[0;32mI (288) boot: Disabling RNG early entropy source...[0m
[0;32mI (300) cpu_start: Multicore app[0m
[0;32mI (308) cpu_start: Pro cpu start user code[0m
[0;32mI (308) cpu_start: cpu freq: 160000000 Hz[0m
[0;32mI (308) app_init: Application information:[0m
[0;32mI (309) app_init: Project name:     read_voltage[0m
[0;32mI (313) app_init: App version:      f976686-dirty[0m
[0;32mI (317) app_init: Compile time:     Apr  8 2026 15:35:32[0m
[0;32mI (322) app_init: ELF file SHA256:  97dad0810...[0m
[0;32mI (327) app_init: ESP-IDF:          v5.5.1[0m
[0;32mI (330) efuse_init: Min chip rev:     v0.0[0m
[0;32mI (334) efuse_init: Max chip rev:     v3.99 [0m
[0;32mI (338) efuse_init: Chip rev:         v3.0[0m
[0;32mI (342) heap_init: Initializing. RAM available for dynamic allocation:[0m
[0;32mI (349) heap_init: At 3FFAE6E0 len 00001920 (6 KiB): DRAM[0m
[0;32mI (353) heap_init: At 3FFB4FD0 len 0002B030 (172 KiB): DRAM[0m
[0;32mI (359) heap_init: At 3FFE0440 len 00003AE0 (14 KiB): D/IRAM[0m
[0;32mI (364) heap_init: At 3FFE4350 len 0001BCB0 (111 KiB): D/IRAM[0m
[0;32mI (370) heap_init: At 40090CC0 len 0000F340 (60 KiB): IRAM[0m
[0;32mI (376) spi_flash: detected chip: generic[0m
[0;32mI (379) spi_flash: flash io: dio[0m
[0;33mW (384) i2c: This driver is an old driver, please migrate your application code to adapt `driver/i2c_master.h`[0m
[0;32mI (392) main_task: Started on CPU0[0m
[0;32mI (402) main_task: Calling app_main()[0m
----- Initialising program -----
[0;32mI (402) M5_SYSTEM: Initializing SPIFFS[0m
[0;32mI (412) M5_SYSTEM: Mount /fonts to storage1 success[0m
[0;32mI (412) M5_SYSTEM: Partition size: total: 113201, used: 95631[0m
[0;32mI (412) M5_SYSTEM: I2C Relay inicializado[0m
Escaneando bus I2C...
ets Jul 29 2019 12:21:46

rst:0x7 (TG0WDT_SYS_RESET),boot:0x13 (SPI_FAST_FLASH_BOOT)
configsip: 271414342, SPIWP:0xee
clk_drv:0x00,q_drv:0x00,d_drv:0x00,cs0_drv:0x00,hd_drv:0x00,wp_drv:0x00
mode:DIO, clock div:2
load:0x3fff0030,len:6380
ho 0 tail 12 room 4
load:0x40078000,len:15916
load:0x40080400,len:3860
entry 0x40080638
[0;32mI (59) boot: ESP-IDF v5.5.1 2nd stage bootloader[0m
[0;32mI (59) boot: compile time Apr  8 2026 15:35:52[0m
[0;32mI (59) boot: Multicore bootloader[0m
[0;32mI (61) boot: chip revision: v3.0[0m
[0;32mI (64) boot.esp32: SPI Speed      : 40MHz[0m
[0;32mI (68) boot.esp32: SPI Mode       : DIO[0m
[0;32mI (71) boot.esp32: SPI Flash Size : 8MB[0m
[0;33mW (75) boot.esp32: PRO CPU has been reset by WDT[0m
[0;33mW (79) boot.esp32: WDT rst info: PRO CPU PC=0x40084e0a[0m
[0;33mW (84) boot.esp32: WDT rst info: APP CPU PC=0x4008538a (waiti mode)[0m
[0;32mI (90) boot: Enabling RNG early entropy source...[0m
[0;32mI (95) boot: Partition Table:[0m
[0;32mI (97) boot: ## Label            Usage          Type ST Offset   Length[0m
[0;32mI (103) boot:  0 nvs              WiFi data        01 02 00009000 00006000[0m
[0;32mI (110) boot:  1 phy_init         RF data          01 01 0000f000 00001000[0m
[0;32mI (117) boot:  2 factory          factory app      00 00 00010000 00100000[0m
[0;32mI (123) boot:  3 storage1         Unknown data     01 82 00110000 00020000[0m
[0;32mI (130) boot:  4 storage2         Unknown data     01 82 00130000 00050000[0m
[0;32mI (136) boot:  5 storage3         Unknown data     01 82 00180000 00080000[0m
[0;32mI (143) boot: End of partition table[0m
[0;32mI (147) esp_image: segment 0: paddr=00010020 vaddr=3f400020 size=126f8h ( 75512) map[0m
[0;32mI (180) esp_image: segment 1: paddr=00022720 vaddr=3ffb0000 size=02788h ( 10120) load[0m
[0;32mI (184) esp_image: segment 2: paddr=00024eb0 vaddr=40080000 size=0b168h ( 45416) load[0m
[0;32mI (202) esp_image: segment 3: paddr=00030020 vaddr=400d0020 size=51268h (332392) map[0m
[0;32mI (316) esp_image: segment 4: paddr=00081290 vaddr=4008b168 size=05b58h ( 23384) load[0m
[0;32mI (325) esp_image: segment 5: paddr=00086df0 vaddr=50000000 size=00020h (    32) load[0m
[0;32mI (333) boot: Loaded app from partition at offset 0x10000[0m
[0;32mI (334) boot: Disabling RNG early entropy source...[0m
[0;32mI (346) cpu_start: Multicore app[0m
[0;32mI (354) cpu_start: Pro cpu start user code[0m
[0;32mI (354) cpu_start: cpu freq: 160000000 Hz[0m
[0;32mI (354) app_init: Application information:[0m
[0;32mI (354) app_init: Project name:     read_voltage[0m
[0;32mI (359) app_init: App version:      f976686-dirty[0m
[0;32mI (363) app_init: Compile time:     Apr  8 2026 15:35:32[0m
[0;32mI (368) app_init: ELF file SHA256:  97dad0810...[0m
[0;32mI (372) app_init: ESP-IDF:          v5.5.1[0m
[0;32mI (376) efuse_init: Min chip rev:     v0.0[0m
[0;32mI (380) efuse_init: Max chip rev:     v3.99 [0m
[0;32mI (384) efuse_init: Chip rev:         v3.0[0m
[0;32mI (388) heap_init: Initializing. RAM available for dynamic allocation:[0m
[0;32mI (394) heap_init: At 3FFAE6E0 len 00001920 (6 KiB): DRAM[0m
[0;32mI (399) heap_init: At 3FFB4FD0 len 0002B030 (172 KiB): DRAM[0m
[0;32mI (404) heap_init: At 3FFE0440 len 00003AE0 (14 KiB): D/IRAM[0m
[0;32mI (410) heap_init: At 3FFE4350 len 0001BCB0 (111 KiB): D/IRAM[0m
[0;32mI (415) heap_init: At 40090CC0 len 0000F340 (60 KiB): IRAM[0m
[0;32mI (422) spi_flash: detected chip: generic[0m
[0;32mI (424) spi_flash: flash io: dio[0m
[0;33mW (430) i2c: This driver is an old driver, please migrate your application code to adapt `driver/i2c_master.h`[0m
[0;32mI (438) main_task: Started on CPU0[0m
[0;32mI (448) main_task: Calling app_main()[0m
----- Initialising program -----
[0;32mI (448) M5_SYSTEM: Initializing SPIFFS[0m
[0;32mI (458) M5_SYSTEM: Mount /fonts to storage1 success[0m
[0;32mI (458) M5_SYSTEM: Partition size: total: 113201, used: 95631[0m
[0;32mI (458) M5_SYSTEM: I2C Relay inicializado[0m
Escaneando bus I2C...
ets Jul 29 2019 12:21:46

rst:0x7 (TG0WDT_SYS_RESET),boot:0x13 (SPI_FAST_FLASH_BOOT)
configsip: 271414342, SPIWP:0xee
clk_drv:0x00,q_drv:0x00,d_drv:0x00,cs0_drv:0x00,hd_drv:0x00,wp_drv:0x00
mode:DIO, clock div:2
load:0x3fff0030,len:6380
ho 0 tail 12 room 4
load:0x40078000,len:15916
load:0x40080400,len:3860
entry 0x40080638
[0;32mI (59) boot: ESP-IDF v5.5.1 2nd stage bootloader[0m
[0;32mI (59) boot: compile time Apr  8 2026 15:35:52[0m
[0;32mI (59) boot: Multicore bootloader[0m
[0;32mI (61) boot: chip revision: v3.0[0m
[0;32mI (64) boot.esp32: SPI Speed      : 40MHz[0m
[0;32mI (68) boot.esp32: SPI Mode       : DIO[0m
[0;32mI (71) boot.esp32: SPI Flash Size : 8MB[0m
[0;33mW (75) boot.esp32: PRO CPU has been reset by WDT[0m
[0;33mW (79) boot.esp32: WDT rst info: PRO CPU PC=0x40084e05[0m
[0;33mW (84) boot.esp32: WDT rst info: APP CPU PC=0x4008538a (waiti mode)[0m
[0;32mI (90) boot: Enabling RNG early entropy source...[0m
[0;32mI (95) boot: Partition Table:[0m
[0;32mI (97) boot: ## Label            Usage          Type ST Offset   Length[0m
[0;32mI (103) boot:  0 nvs              WiFi data        01 02 00009000 00006000[0m
[0;32mI (110) boot:  1 phy_init         RF data          01 01 0000f000 00001000[0m
[0;32mI (117) boot:  2 factory          factory app      00 00 00010000 00100000[0m
[0;32mI (123) boot:  3 storage1         Unknown data     01 82 00110000 00020000[0m
[0;32mI (130) boot:  4 storage2         Unknown data     01 82 00130000 00050000[0m
[0;32mI (136) boot:  5 storage3         Unknown data     01 82 00180000 00080000[0m
[0;32mI (143) boot: End of partition table[0m
[0;32mI (147) esp_image: segment 0: paddr=00010020 vaddr=3f400020 size=126f8h ( 75512) map[0m
[0;32mI (180) esp_image: segment 1: paddr=00022720 vaddr=3ffb0000 size=02788h ( 10120) load[0m
[0;32mI (184) esp_image: segment 2: paddr=00024eb0 vaddr=40080000 size=0b168h ( 45416) load[0m
[0;32mI (202) esp_image: segment 3: paddr=00030020 vaddr=400d0020 size=51268h (332392) map[0m
[0;32mI (316) esp_image: segment 4: paddr=00081290 vaddr=4008b168 size=05b58h ( 23384) load[0m
[0;32mI (325) esp_image: segment 5: paddr=00086df0 vaddr=50000000 size=00020h (    32) load[0m
[0;32mI (333) boot: Loaded app from partition at offset 0x10000[0m
[0;32mI (334) boot: Disabling RNG early entropy source...[0m
[0;32mI (346) cpu_start: Multicore app[0m
[0;32mI (354) cpu_start: Pro cpu start user code[0m
[0;32mI (354) cpu_start: cpu freq: 160000000 Hz[0m
[0;32mI (354) app_init: Application information:[0m
[0;32mI (354) app_init: Project name:     read_voltage[0m
[0;32mI (359) app_init: App version:      f976686-dirty[0m
[0;32mI (363) app_init: Compile time:     Apr  8 2026 15:35:32[0m
[0;32mI (368) app_init: ELF file SHA256:  97dad0810...[0m
[0;32mI (372) app_init: ESP-IDF:          v5.5.1[0m
[0;32mI (376) efuse_init: Min chip rev:     v0.0[0m
[0;32mI (380) efuse_init: Max chip rev:     v3.99 [0m
[0;32mI (384) efuse_init: Chip rev:         v3.0[0m
[0;32mI (388) heap_init: Initializing. RAM available for dynamic allocation:[0m
[0;32mI (394) heap_init: At 3FFAE6E0 len 00001920 (6 KiB): DRAM[0m
[0;32mI (399) heap_init: At 3FFB4FD0 len 0002B030 (172 KiB): DRAM[0m
[0;32mI (404) heap_init: At 3FFE0440 len 00003AE0 (14 KiB): D/IRAM[0m
[0;32mI (410) heap_init: At 3FFE4350 len 0001BCB0 (111 KiB): D/IRAM[0m
[0;32mI (415) heap_init: At 40090CC0 len 0000F340 (60 KiB): IRAM[0m
[0;32mI (422) spi_flash: detected chip: generic[0m
[0;32mI (424) spi_flash: flash io: dio[0m
[0;33mW (430) i2c: This driver is an old driver, please migrate your application code to adapt `driver/i2c_master.h`[0m
[0;32mI (438) main_task: Started on CPU0[0m
[0;32mI (448) main_task: Calling app_main()[0m
----- Initialising program -----
[0;32mI (448) M5_SYSTEM: Initializing SPIFFS[0m
[0;32mI (458) M5_SYSTEM: Mount /fonts to storage1 success[0m
[0;32mI (458) M5_SYSTEM: Partition size: total: 113201, used: 95631[0m
[0;32mI (458) M5_SYSTEM: I2C Relay inicializado[0m
Escaneando bus I2C...
ets Jul 29 2019 12:21:46

rst:0x7 (TG0WDT_SYS_RESET),boot:0x13 (SPI_FAST_FLASH_BOOT)
configsip: 271414342, SPIWP:0xee
clk_drv:0x00,q_drv:0x00,d_drv:0x00,cs0_drv:0x00,hd_drv:0x00,wp_drv:0x00
mode:DIO, clock div:2
load:0x3fff0030,len:6380
ho 0 tail 12 room 4
load:0x40078000,len:15916
load:0x40080400,len:3860
entry 0x40080638
[0;32mI (59) boot: ESP-IDF v5.5.1 2nd stage bootloader[0m
[0;32mI (59) boot: compile time Apr  8 2026 15:35:52[0m
[0;32mI (59) boot: Multicore bootloader[0m
[0;32mI (61) boot: chip revision: v3.0[0m
[0;32mI (64) boot.esp32: SPI Speed      : 40MHz[0m
[0;32mI (68) boot.esp32: SPI Mode       : DIO[0m
[0;32mI (71) boot.esp32: SPI Flash Size : 8MB[0m
[0;33mW (75) boot.esp32: PRO CPU has been reset by WDT[0m
[0;33mW (79) boot.esp32: WDT rst info: PRO CPU PC=0x40084e0c[0m
[0;33mW (84) boot.esp32: WDT rst info: APP CPU PC=0x4008538a (waiti mode)[0m
[0;32mI (90) boot: Enabling RNG early entropy source...[0m
[0;32mI (95) boot: Partition Table:[0m
[0;32mI (97) boot: ## Label            Usage          Type ST Offset   Length[0m
[0;32mI (103) boot:  0 nvs              WiFi data        01 02 00009000 00006000[0m
[0;32mI (110) boot:  1 phy_init         RF data          01 01 0000f000 00001000[0m
[0;32mI (117) boot:  2 factory          factory app      00 00 00010000 00100000[0m
[0;32mI (123) boot:  3 storage1         Unknown data     01 82 00110000 00020000[0m
[0;32mI (130) boot:  4 storage2         Unknown data     01 82 00130000 00050000[0m
[0;32mI (136) boot:  5 storage3         Unknown data     01 82 00180000 00080000[0m
[0;32mI (143) boot: End of partition table[0m
[0;32mI (147) esp_image: segment 0: paddr=00010020 vaddr=3f400020 size=126f8h ( 75512) map[0m
[0;32mI (180) esp_image: segment 1: paddr=00022720 vaddr=3ffb0000 size=02788h ( 10120) load[0m
[0;32mI (184) esp_image: segment 2: paddr=00024eb0 vaddr=40080000 size=0b168h ( 45416) load[0m
[0;32mI (202) esp_image: segment 3: paddr=00030020 vaddr=400d0020 size=51268h (332392) map[0m
[0;32mI (316) esp_image: segment 4: paddr=00081290 vaddr=4008b168 size=05b58h ( 23384) load[0m
[0;32mI (325) esp_image: segment 5: paddr=00086df0 vaddr=50000000 size=00020h (    32) load[0m
[0;32mI (333) boot: Loaded app from partition at offset 0x10000[0m
[0;32mI (334) boot: Disabling RNG early entropy source...[0m
[0;32mI (346) cpu_start: Multicore app[0m
[0;32mI (354) cpu_start: Pro cpu start user code[0m
[0;32mI (354) cpu_start: cpu freq: 160000000 Hz[0m
[0;32mI (354) app_init: Application information:[0m
[0;32mI (354) app_init: Project name:     read_voltage[0m
[0;32mI (359) app_init: App version:      f976686-dirty[0m
[0;32mI (363) app_init: Compile time:     Apr  8 2026 15:35:32[0m
[0;32mI (368) app_init: ELF file SHA256:  97dad0810...[0m
[0;32mI (372) app_init: ESP-IDF:          v5.5.1[0m
[0;32mI (376) efuse_init: Min chip rev:     v0.0[0m
[0;32mI (380) efuse_init: Max chip rev:     v3.99 [0m
[0;32mI (384) efuse_init: Chip rev:         v3.0[0m
[0;32mI (388) heap_init: Initializing. RAM available for dynamic allocation:[0m
[0;32mI (394) heap_init: At 3FFAE6E0 len 00001920 (6 KiB): DRAM[0m
[0;32mI (399) heap_init: At 3FFB4FD0 len 0002B030 (172 KiB): DRAM[0m
[0;32mI (404) heap_init: At 3FFE0440 len 00003AE0 (14 KiB): D/IRAM[0m
[0;32mI (410) heap_init: At 3FFE4350 len 0001BCB0 (111 KiB): D/IRAM[0m
[0;32mI (415) heap_init: At 40090CC0 len 0000F340 (60 KiB): IRAM[0m
[0;32mI (422) spi_flash: detected chip: generic[0m
[0;32mI (424) spi_flash: flash io: dio[0m
[0;33mW (430) i2c: This driver is an old driver, please migrate your application code to adapt `driver/i2c_master.h`[0m
[0;32mI (438) main_task: Started on CPU0[0m
[0;32mI (448) main_task: Calling app_main()[0m
----- Initialising program -----
[0;32mI (448) M5_SYSTEM: Initializing SPIFFS[0m
[0;32mI (458) M5_SYSTEM: Mount /fonts to storage1 success[0m
[0;32mI (458) M5_SYSTEM: Partition size: total: 113201, used: 95631[0m
[0;32mI (458) M5_SYSTEM: I2C Relay inicializado[0m
Escaneando bus I2C...
ets Jul 29 2019 12:21:46

rst:0x7 (TG0WDT_SYS_RESET),boot:0x13 (SPI_FAST_FLASH_BOOT)
configsip: 271414342, SPIWP:0xee
clk_drv:0x00,q_drv:0x00,d_drv:0x00,cs0_drv:0x00,hd_drv:0x00,wp_drv:0x00
mode:DIO, clock div:2
load:0x3fff0030,len:6380
ho 0 tail 12 room 4
load:0x40078000,len:15916
load:0x40080400,len:3860
entry 0x40080638
[0;32mI (59) boot: ESP-IDF v5.5.1 2nd stage bootloader[0m
[0;32mI (59) boot: compile time Apr  8 2026 15:35:52[0m
[0;32mI (59) boot: Multicore bootloader[0m
[0;32mI (61) boot: chip revision: v3.0[0m
[0;32mI (64) boot.esp32: SPI Speed      : 40MHz[0m
[0;32mI (68) boot.esp32: SPI Mode       : DIO[0m
[0;32mI (71) boot.esp32: SPI Flash Size : 8MB[0m
[0;33mW (75) boot.esp32: PRO CPU has been reset by WDT[0m
[0;33mW (79) boot.esp32: WDT rst info: PRO CPU PC=0x40084e18[0m
[0;33mW (84) boot.esp32: WDT rst info: APP CPU PC=0x4008538a (waiti mode)[0m
[0;32mI (90) boot: Enabling RNG early entropy source...[0m
[0;32mI (95) boot: Partition Table:[0m
[0;32mI (97) boot: ## Label            Usage          Type ST Offset   Length[0m
[0;32mI (103) boot:  0 nvs              WiFi data        01 02 00009000 00006000[0m
[0;32mI (110) boot:  1 phy_init         RF data          01 01 0000f000 00001000[0m
[0;32mI (117) boot:  2 factory          factory app      00 00 00010000 00100000[0m
[0;32mI (123) boot:  3 storage1         Unknown data     01 82 00110000 00020000[0m
[0;32mI (130) boot:  4 storage2         Unknown data     01 82 00130000 00050000[0m
[0;32mI (136) boot:  5 storage3         Unknown data     01 82 00180000 00080000[0m
[0;32mI (143) boot: End of partition table[0m
[0;32mI (147) esp_image: segment 0: paddr=00010020 vaddr=3f400020 size=126f8h ( 75512) map[0m
[0;32mI (180) esp_image: segment 1: paddr=00022720 vaddr=3ffb0000 size=02788h ( 10120) load[0m
[0;32mI (184) esp_image: segment 2: paddr=00024eb0 vaddr=40080000 size=0b168h ( 45416) load[0m
[0;32mI (202) esp_image: segment 3: paddr=00030020 vaddr=400d0020 size=51268h (332392) map[0m
[0;32mI (316) esp_image: segment 4: paddr=00081290 vaddr=4008b168 size=05b58h ( 23384) load[0m
[0;32mI (325) esp_image: segment 5: paddr=00086df0 vaddr=50000000 size=00020h (    32) load[0m
[0;32mI (333) boot: Loaded app from partition at offset 0x10000[0m
[0;32mI (334) boot: Disabling RNG early entropy source...[0m
[0;32mI (346) cpu_start: Multicore app[0m
[0;32mI (354) cpu_start: Pro cpu start user code[0m
[0;32mI (354) cpu_start: cpu freq: 160000000 Hz[0m
[0;32mI (354) app_init: Application information:[0m
[0;32mI (354) app_init: Project name:     read_voltage[0m
[0;32mI (359) app_init: App version:      f976686-dirty[0m
[0;32mI (363) app_init: Compile time:     Apr  8 2026 15:35:32[0m
[0;32mI (368) app_init: ELF file SHA256:  97dad0810...[0m
[0;32mI (372) app_init: ESP-IDF:          v5.5.1[0m
[0;32mI (376) efuse_init: Min chip rev:     v0.0[0m
[0;32mI (380) efuse_init: Max chip rev:     v3.99 [0m
[0;32mI (384) efuse_init: Chip rev:         v3.0[0m
[0;32mI (388) heap_init: Initializing. RAM available for dynamic allocation:[0m
[0;32mI (394) heap_init: At 3FFAE6E0 len 00001920 (6 KiB): DRAM[0m
[0;32mI (399) heap_init: At 3FFB4FD0 len 0002B030 (172 KiB): DRAM[0m
[0;32mI (404) heap_init: At 3FFE0440 len 00003AE0 (14 KiB): D/IRAM[0m
[0;32mI (410) heap_init: At 3FFE4350 len 0001BCB0 (111 KiB): D/IRAM[0m
[0;32mI (415) heap_init: At 40090CC0 len 0000F340 (60 KiB): IRAM[0m
[0;32mI (422) spi_flash: detected chip: generic[0m
[0;32mI (424) spi_flash: flash io: dio[0m
[0;33mW (430) i2c: This driver is an old driver, please migrate your application code to adapt `driver/i2c_master.h`[0m
[0;32mI (438) main_task: Started on CPU0[0m
[0;32mI (448) main_task: Calling app_main()[0m
----- Initialising program -----
[0;32mI (448) M5_SYSTEM: Initializing SPIFFS[0m
[0;32mI (458) M5_SYSTEM: Mount /fonts to storage1 success[0m
[0;32mI (458) M5_SYSTEM: Partition size: total: 113201, used: 95631[0m
[0;32mI (458) M5_SYSTEM: I2C Relay inicializado[0m
Escaneando bus I2C...
¡Dispositivo encontrado en dirección: 0x48!
[0;32mI (488) M5_SYSTEM: Tarea TFT iniciada[0m
[0;32mI (498) main_task: Returned from app_main()[0m
[0;32mI (2498) ST7789: GPIO_CS=5[0m
[0;32mI (2498) ST7789: GPIO_DC=14[0m
[0;32mI (2498) ST7789: GPIO_RESET=12[0m
[0;32mI (2648) ST7789: GPIO_BL=-1[0m
[0;32mI (2648) ST7789: GPIO_MOSI=15[0m
[0;32mI (2648) ST7789: GPIO_SCLK=13[0m
[0;32mI (3348) ST7789: heap_caps_malloc success. Frame buffer is available.[0m
> current
[0;32mI (38338) M5_SYSTEM: Comando recibido (7 bytes): current[0m
V_Sensor: 1.87969V | Amp: -21.364A
Current: -21.364017A
[0;32mI (38398) M5_SYSTEM: Pantalla actualizada: Current: -21.364017A[0m

> current
[0;32mI (41888) M5_SYSTEM: Comando recibido (7 bytes): current[0m
V_Sensor: 2.56238V | Amp: -0.676516A
Current: -0.676516A
[0;32mI (41948) M5_SYSTEM: Pantalla actualizada: Current: -0.676516A[0m

> current
[0;32mI (44428) M5_SYSTEM: Comando recibido (7 bytes): current[0m
V_Sensor: 2.58206V | Amp: -0.079928A
Current: -0.079928A
[0;32mI (44488) M5_SYSTEM: Pantalla actualizada: Current: -0.079928A[0m

> current
[0;32mI (46788) M5_SYSTEM: Comando recibido (7 bytes): current[0m
V_Sensor: 2.20669V | Amp: -11.4549A
Current: -11.454929A
[0;32mI (46848) M5_SYSTEM: Pantalla actualizada: Current: -11.454929A[0m

> current
[0;32mI (49118) M5_SYSTEM: Comando recibido (7 bytes): current[0m
V_Sensor: 2.49056V | Amp: -2.85266A
Current: -2.852657A
[0;32mI (49188) M5_SYSTEM: Pantalla actualizada: Current: -2.852657A[0m

> current
[0;32mI (51148) M5_SYSTEM: Comando recibido (7 bytes): current[0m
V_Sensor: 2.48081V | Amp: -3.14811A
Current: -3.148108A
[0;32mI (51218) M5_SYSTEM: Pantalla actualizada: Current: -3.148108A[0m

> current
[0;32mI (52978) M5_SYSTEM: Comando recibido (7 bytes): current[0m
V_Sensor: 2.58262V | Amp: -0.0628847A
Current: -0.062885A
[0;32mI (53038) M5_SYSTEM: Pantalla actualizada: Current: -0.062885A[0m

> current
[0;32mI (55118) M5_SYSTEM: Comando recibido (7 bytes): current[0m
V_Sensor: 2.583V | Amp: -0.0515201A
Current: -0.051520A
[0;32mI (55178) M5_SYSTEM: Pantalla actualizada: Current: -0.051520A[0m

> current
[0;32mI (57248) M5_SYSTEM: Comando recibido (7 bytes): current[0m
V_Sensor: 2.58225V | Amp: -0.0742421A
Current: -0.074242A
[0;32mI (57308) M5_SYSTEM: Pantalla actualizada: Current: -0.074242A[0m

> currne  ent
[0;32mI (60208) M5_SYSTEM: Comando recibido (7 bytes): current[0m
V_Sensor: 2.583V | Amp: -0.0515201A
Current: -0.051520A
[0;32mI (60268) M5_SYSTEM: Pantalla actualizada: Current: -0.051520A[0m

> current
[0;32mI (63038) M5_SYSTEM: Comando recibido (7 bytes): current[0m
V_Sensor: 2.58206V | Amp: -0.079928A
Current: -0.079928A
[0;32mI (63098) M5_SYSTEM: Pantalla actualizada: Current: -0.079928A[0m

> current
[0;32mI (66908) M5_SYSTEM: Comando recibido (7 bytes): current[0m
V_Sensor: 2.58262V | Amp: -0.0628847A
Current: -0.062885A
[0;32mI (66968) M5_SYSTEM: Pantalla actualizada: Current: -0.062885A[0m

> c current
[0;32mI (91188) M5_SYSTEM: Comando recibido (7 bytes): current[0m
V_Sensor: 2.58244V | Amp: -0.0685634A
Current: -0.068563A
[0;32mI (91248) M5_SYSTEM: Pantalla actualizada: Current: -0.068563A[0m

> current
[0;32mI (93628) M5_SYSTEM: Comando recibido (7 bytes): current[0m
V_Sensor: 2.58188V | Amp: -0.0856067A
Current: -0.085607A
[0;32mI (93688) M5_SYSTEM: Pantalla actualizada: Current: -0.085607A[0m

> current
[0;32mI (95558) M5_SYSTEM: Comando recibido (7 bytes): current[0m
V_Sensor: 2.57831V | Amp: -0.19356A
Current: -0.193560A
[0;32mI (95628) M5_SYSTEM: Pantalla actualizada: Current: -0.193560A[0m

> current
[0;32mI (107088) M5_SYSTEM: Comando recibido (7 bytes): current[0m
V_Sensor: 2.47988V | Amp: -3.17652A
Current: -3.176516A
[0;32mI (107148) M5_SYSTEM: Pantalla actualizada: Current: -3.176516A[0m

> current
[0;32mI (109628) M5_SYSTEM: Comando recibido (7 bytes): current[0m
V_Sensor: 2.50875V | Amp: -2.30152A
Current: -2.301520A
[0;32mI (109688) M5_SYSTEM: Pantalla actualizada: Current: -2.301520A[0m

> voltage
[0;32mI (215088) M5_SYSTEM: Comando recibido (7 bytes): voltage[0m
Valor RAW: 27797
Bat: 5.184140V
[0;32mI (215138) M5_SYSTEM: Pantalla actualizada: Bat: 5.184140V[0m

> volatge
[0;32mI (219548) M5_SYSTEM: Comando recibido (7 bytes): volatge[0m
Comando no reconocido
> voltage
[0;32mI (222508) M5_SYSTEM: Comando recibido (7 bytes): voltage[0m
Valor RAW: 27791
Bat: 5.183022V
[0;32mI (222558) M5_SYSTEM: Pantalla actualizada: Bat: 5.183022V[0m

> voltage
[0;32mI (225548) M5_SYSTEM: Comando recibido (7 bytes): voltage[0m
Valor RAW: 27795
Bat: 5.183767V
[0;32mI (225598) M5_SYSTEM: Pantalla actualizada: Bat: 5.183767V[0m

> current
[0;32mI (313748) M5_SYSTEM: Comando recibido (7 bytes): current[0m
V_Sensor: 4.8825V | Amp: 69.6303A
Current: 69.630302A
[0;32mI (313808) M5_SYSTEM: Pantalla actualizada: Current: 69.630302A[0m

> current
[0;32mI (316188) M5_SYSTEM: Comando recibido (7 bytes): current[0m
V_Sensor: 4.88156V | Amp: 69.6019A
Current: 69.601898A
[0;32mI (316248) M5_SYSTEM: Pantalla actualizada: Current: 69.601898A[0m

> current
[0;32mI (318008) M5_SYSTEM: Comando recibido (7 bytes): current[0m
V_Sensor: 4.88269V | Amp: 69.636A
Current: 69.635986A
[0;32mI (318068) M5_SYSTEM: Pantalla actualizada: Current: 69.635986A[0m

> current
[0;32mI (356248) M5_SYSTEM: Comando recibido (7 bytes): current[0m
V_Sensor: 2.58V | Amp: -0.14243A
Current: -0.142430A
[0;32mI (356308) M5_SYSTEM: Pantalla actualizada: Current: -0.142430A[0m

> current
[0;32mI (359298) M5_SYSTEM: Comando recibido (7 bytes): current[0m
V_Sensor: 2.58V | Amp: -0.14243A
Current: -0.142430A
[0;32mI (359358) M5_SYSTEM: Pantalla actualizada: Current: -0.142430A[0m

> current
[0;32mI (458758) M5_SYSTEM: Comando recibido (7 bytes): current[0m
V_Sensor: 2.58206V | Amp: -0.079928A
Current: -0.079928A
[0;32mI (458818) M5_SYSTEM: Pantalla actualizada: Current: -0.079928A[0m

> current
[0;32mI (462308) M5_SYSTEM: Comando recibido (7 bytes): current[0m
V_Sensor: 2.58225V | Amp: -0.0742421A
Current: -0.074242A
[0;32mI (462368) M5_SYSTEM: Pantalla actualizada: Current: -0.074242A[0m

> 