Command: C:\Espressif\python_env\idf5.5_py3.11_env\Scripts\python.exe C:\Espressif\frameworks\esp-idf-v5.5.1\tools/idf_monitor.py -p COM4 -b 115200 --toolchain-prefix xtensa-esp32-elf- --target esp32 --revision 0 C:\Users\Jose\ESP32_Battery_Management_System\ESP32_Battery_Management_System\bms_test\build\read_voltage.elf C:\Users\Jose\ESP32_Battery_Management_System\ESP32_Battery_Management_System\bms_test\build\bootloader\bootloader.elf --force-color -m 'C:\Espressif\python_env\idf5.5_py3.11_env\Scripts\python.exe' 'C:\Espressif\frameworks\esp-idf-v5.5.1\tools\idf.py' '-p' 'COM4'
ets Jul 29 2019 12:21:46

rst:0x1 (POWERON_RESET),boot:0x13 (SPI_FAST_FLASH_BOOT)
configsip: 271414342, SPIWP:0xee
clk_drv:0x00,q_drv:0x00,d_drv:0x00,cs0_drv:0x00,hd_drv:0x00,wp_drv:0x00
mode:DIO, clock div:2
load:0x3fff0030,len:6380
ho 0 tail 12 room 4
load:0x40078000,len:15916
load:0x40080400,len:3860
entry 0x40080638
[0;32mI (30) boot: ESP-IDF v5.5.1 2nd stage bootloader[0m
[0;32mI (30) boot: compile time Apr 15 2026 16:51:04[0m
[0;32mI (30) boot: Multicore bootloader[0m
[0;32mI (31) boot: chip revision: v3.0[0m
[0;32mI (34) boot.esp32: SPI Speed      : 40MHz[0m
[0;32mI (38) boot.esp32: SPI Mode       : DIO[0m
[0;32mI (41) boot.esp32: SPI Flash Size : 8MB[0m
[0;32mI (45) boot: Enabling RNG early entropy source...[0m
[0;32mI (49) boot: Partition Table:[0m
[0;32mI (52) boot: ## Label            Usage          Type ST Offset   Length[0m
[0;32mI (58) boot:  0 nvs              WiFi data        01 02 00009000 00006000[0m
[0;32mI (65) boot:  1 phy_init         RF data          01 01 0000f000 00001000[0m
[0;32mI (71) boot:  2 factory          factory app      00 00 00010000 00100000[0m
[0;32mI (78) boot:  3 storage1         Unknown data     01 82 00110000 00020000[0m
[0;32mI (84) boot:  4 storage2         Unknown data     01 82 00130000 00050000[0m
[0;32mI (91) boot:  5 storage3         Unknown data     01 82 00180000 00080000[0m
[0;32mI (97) boot: End of partition table[0m
[0;32mI (101) esp_image: segment 0: paddr=00010020 vaddr=3f400020 size=14188h ( 82312) map[0m
[0;32mI (136) esp_image: segment 1: paddr=000241b0 vaddr=3ffb0000 size=02798h ( 10136) load[0m
[0;32mI (140) esp_image: segment 2: paddr=00026950 vaddr=40080000 size=096c8h ( 38600) load[0m
[0;32mI (156) esp_image: segment 3: paddr=00030020 vaddr=400d0020 size=561b8h (352696) map[0m
[0;32mI (276) esp_image: segment 4: paddr=000861e0 vaddr=400896c8 size=07600h ( 30208) load[0m
[0;32mI (289) esp_image: segment 5: paddr=0008d7e8 vaddr=50000000 size=00020h (    32) load[0m
[0;32mI (297) boot: Loaded app from partition at offset 0x10000[0m
[0;32mI (297) boot: Disabling RNG early entropy source...[0m
[0;32mI (309) cpu_start: Multicore app[0m
[0;32mI (317) cpu_start: Pro cpu start user code[0m
[0;32mI (317) cpu_start: cpu freq: 160000000 Hz[0m
[0;32mI (317) app_init: Application information:[0m
[0;32mI (317) app_init: Project name:     read_voltage[0m
[0;32mI (322) app_init: App version:      bbb5339-dirty[0m
[0;32mI (326) app_init: Compile time:     Apr 15 2026 20:02:49[0m
[0;32mI (331) app_init: ELF file SHA256:  b533fc3cf...[0m
[0;32mI (336) app_init: ESP-IDF:          v5.5.1[0m
[0;32mI (339) efuse_init: Min chip rev:     v0.0[0m
[0;32mI (343) efuse_init: Max chip rev:     v3.99 [0m
[0;32mI (347) efuse_init: Chip rev:         v3.0[0m
[0;32mI (351) heap_init: Initializing. RAM available for dynamic allocation:[0m
[0;32mI (357) heap_init: At 3FFAE6E0 len 00001920 (6 KiB): DRAM[0m
[0;32mI (362) heap_init: At 3FFB5068 len 0002AF98 (171 KiB): DRAM[0m
[0;32mI (368) heap_init: At 3FFE0440 len 00003AE0 (14 KiB): D/IRAM[0m
[0;32mI (373) heap_init: At 3FFE4350 len 0001BCB0 (111 KiB): D/IRAM[0m
[0;32mI (379) heap_init: At 40090CC8 len 0000F338 (60 KiB): IRAM[0m
[0;32mI (385) spi_flash: detected chip: generic[0m
[0;32mI (387) spi_flash: flash io: dio[0m
[0;33mW (393) i2c: This driver is an old driver, please migrate your application code to adapt `driver/i2c_master.h`[0m
[0;32mI (401) main_task: Started on CPU0[0m
[0;32mI (411) main_task: Calling app_main()[0m
----- Initialising program -----
[0;32mI (411) M5_SYSTEM: Initializing SPIFFS[0m
[0;32mI (421) M5_SYSTEM: Mount /fonts to storage1 success[0m
[0;32mI (421) M5_SYSTEM: Partition size: total: 113201, used: 95631[0m
[0;32mI (421) M5_SYSTEM: I2C Relay inicializado[0m
Escaneando bus I2C...
¡Dispositivo encontrado en dirección: 0x48!
[0;32mI (451) servo_contrI (451) uart: queue free spaces: 20[0m
[0;32mI (451) M5_SYSTEM: Tarea TFT iniciada[0m
[0;32mI (461) main_task: Returned from app_main()[0m

Auto-read:
VOLT: 0.59V | AMP: 32.39A
[0;32mI (2461) ST7789: GPIO_CS=5[0m
[0;32mI (2461) ST7789: GPIO_DC=14[0m
[0;32mI (2461) ST7789: GPIO_RESET=12[0m
[0;32mI (2611) ST7789: GPIO_BL=-1[0m
[0;32mI (2611) ST7789: GPIO_MOSI=15[0m
[0;32mI (2611) ST7789: GPIO_SCLK=13[0m
[0;32mI (3311) ST7789: heap_caps_malloc success. Frame buffer is available.[0m
[0;32mI (3351) M5_SYSTEM: Pantalla actualizada: BAT: 0.59 V | AMP: 32.39 A[0m

> 
Auto-read:
VOLT: 0.59V | AMP: 32.52A
[0;32mI (10581) M5_SYSTEM: Pantalla actualizada: BAT: 0.59 V | AMP: 32.52 A[0m

voltage a1
Auto-read:
VOLT: 0.57V | AMP: 32.38A
[0;32mI (20631) M5_SYSTEM: Pantalla actualizada: BAT: 0.57 V | AMP: 32.38 A[0m


[0;32mI (20781) M5_SYSTEM: Command received: VOLTAGE A1[0m
Bat: 18.359467V
[0;32mI (20831) M5_SYSTEM: Pantalla actualizada: Bat: 18.359467V[0m

> voltage a1
[0;32mI (24861) M5_SYSTEM: Command received: VOLTAGE A1[0m
Bat: 18.328375V
[0;32mI (24911) M5_SYSTEM: Pantalla actualizada: Bat: 18.328375V[0m

> 
Auto-read:
VOLT: 0.59V | AMP: 32.31A
[0;32mI (30681) M5_SYSTEM: Pantalla actualizada: BAT: 0.59 V | AMP: 32.31 A[0m

voltage a
Auto-read:
VOLT: 0.57V | AMP: 32.29A
[0;32mI (40731) M5_SYSTEM: Pantalla actualizada: BAT: 0.57 V | AMP: 32.29 A[0m

1
[0;32mI (41111) M5_SYSTEM: Command received: VOLTAGE A1[0m
Bat: 18.342506V
[0;32mI (41161) M5_SYSTEM: Pantalla actualizada: Bat: 18.342506V[0m

> b voltage a2
[0;32mI (45191) M5_SYSTEM: Command received: VOLTAGE A2[0m
V(A2): 0.591937V
[0;32mI (45241) M5_SYSTEM: Pantalla actualizada: V(A2): 0.591937V[0m

> voltage a3
[0;32mI (47941) M5_SYSTEM: Command received: VOLTAGE A3[0m
V(A3): 0.000750V
[0;32mI (47991) M5_SYSTEM: Pantalla actualizada: V(A3): 0.000750V[0m

> 
Auto-read:
VOLT: 0.57V | AMP: 32.53A
[0;32mI (50781) M5_SYSTEM: Pantalla actualizada: BAT: 0.57 V | AMP: 32.53 A[0m


Auto-read:
VOLT: 0.59V | AMP: 32.30A
[0;32mI (60831) M5_SYSTEM: Pantalla actualizada: BAT: 0.59 V | AMP: 32.30 A[0m

voltage a1
[0;32mI (68441) M5_SYSTEM: Command received: VOLTAGE A1[0m
Bat: 18.336853V
[0;32mI (68491) M5_SYSTEM: Pantalla actualizada: Bat: 18.336853V[0m

> 
Auto-read:
VOLT: 0.57V | AMP: 32.32A
[0;32mI (70881) M5_SYSTEM: Pantalla actualizada: BAT: 0.57 V | AMP: 32.32 A[0m


Auto-read:
VOLT: 0.59V | AMP: 32.43A
[0;32mI (80931) M5_SYSTEM: Pantalla actualizada: BAT: 0.59 V | AMP: 32.43 A[0m


Auto-read:
VOLT: 0.57V | AMP: 32.41A
[0;32mI (90981) M5_SYSTEM: Pantalla actualizada: BAT: 0.57 V | AMP: 32.41 A[0m


Auto-read:
VOLT: 0.57V | AMP: 32.40A
[0;32mI (101031) M5_SYSTEM: Pantalla actualizada: BAT: 0.57 V | AMP: 32.40 A[0m


Auto-read:
VOLT: 0.59V | AMP: 32.26A
[0;32mI (111081) M5_SYSTEM: Pantalla actualizada: BAT: 0.59 V | AMP: 32.26 A[0m


Auto-read:
VOLT: 0.58V | AMP: 32.44A
[0;32mI (121131) M5_SYSTEM: Pantalla actualizada: BAT: 0.58 V | AMP: 32.44 A[0m


Auto-read:
VOLT: 0.59V | AMP: 32.30A
[0;32mI (131181) M5_SYSTEM: Pantalla actualizada: BAT: 0.59 V | AMP: 32.30 A[0m


Auto-read:
VOLT: 0.57V | AMP: 32.45A
[0;32mI (141231) M5_SYSTEM: Pantalla actualizada: BAT: 0.57 V | AMP: 32.45 A[0m


Auto-read:
VOLT: 0.58V | AMP: 32.46A
[0;32mI (151281) M5_SYSTEM: Pantalla actualizada: BAT: 0.58 V | AMP: 32.46 A[0m


Auto-read:
VOLT: -0.00V | AMP: 32.47A
[0;32mI (161331) M5_SYSTEM: Pantalla actualizada: BAT: -0.00 V | AMP: 32.47 A[0m

voltage a1
[0;32mI (167461) M5_SYSTEM: Command received: VOLTAGE A1[0m
Bat: 18.354755V
[0;32mI (167511) M5_SYSTEM: Pantalla actualizada: Bat: 18.354755V[0m

> voltage a2
[0;32mI (170451) M5_SYSTEM: Command received: VOLTAGE A2[0m
V(A2): 0.000188V
[0;32mI (170501) M5_SYSTEM: Pantalla actualizada: V(A2): 0.000188V[0m

Auto-read:
VOLT: 0.00V | AMP: 32.48A
[0;32mI (171381) M5_SYSTEM: Pantalla actualizada: BAT: 0.00 V | AMP: 32.48 A[0m


> vo, ltage a3
[0;32mI (175541) M5_SYSTEM: Command received: VOLTAGE A3[0m
V(A3): 0.000938V
[0;32mI (175591) M5_SYSTEM: Pantalla actualizada: V(A3): 0.000938V[0m

> 
Auto-read:
VOLT: 0.00V | AMP: 32.49A
[0;32mI (181431) M5_SYSTEM: Pantalla actualizada: BAT: 0.00 V | AMP: 32.49 A[0m

voltage a
Auto-read:
VOLT: -0.33V | AMP: -70.60A
2I (191481) M5_SYSTEM: Pantalla actualizada: BAT: -0.33 V | AMP: -70.60 A


[0;32mI (191681) M5_SYSTEM: Command received: VOLTAGE A2[0m
V(A2): -0.334500V
[0;32mI (191731) M5_SYSTEM: Pantalla actualizada: V(A2): -0.334500V[0m

> voltage a2
[0;32mI (196151) M5_SYSTEM: Command received: VOLTAGE A2[0m
V(A2): -0.334688V
[0;32mI (196201) M5_SYSTEM: Pantalla actualizada: V(A2): -0.334688V[0m

> voltage
Auto-read:
VOLT: -0.33V | AMP: -70.49A
[0;32mI (201531) M5_SYSTEM: Pantalla actualizada: BAT: -0.33 V | AMP: -70.49 A[0m

