Command: C:\Espressif\python_env\idf5.5_py3.11_env\Scripts\python.exe C:\Espressif\frameworks\esp-idf-v5.5.1\tools/idf_monitor.py -p COM4 -b 115200 --toolchain-prefix xtensa-esp32-elf- --target esp32 --revision 0 C:\Users\Jose\ESP32_Battery_Management_System\ESP32_Battery_Management_System\wifi_test\build\read_voltage.elf C:\Users\Jose\ESP32_Battery_Management_System\ESP32_Battery_Management_System\wifi_test\build\bootloader\bootloader.elf --force-color -m 'C:\Espressif\python_env\idf5.5_py3.11_env\Scripts\python.exe' 'C:\Espressif\frameworks\esp-idf-v5.5.1\tools\idf.py' '-p' 'COM4'
<00020h (    3�ets Jul 29 2019 12:21:46

rst:0x1 (POWERON_RESET),boot:0x13 (SPI_FAST_FLASH_BOOT)
configsip: 271414342, SPIWP:0xee
clk_drv:0x00,q_drv:0x00,d_drv:0x00,cs0_drv:0x00,hd_drv:0x00,wp_drv:0x00
mode:DIO, clock div:2
load:0x3fff0030,len:6380
ho 0 tail 12 room 4
load:0x40078000,len:15916
load:0x40080400,len:3860
entry 0x40080638
[0;32mI (30) boot: ESP-IDF v5.5.1 2nd stage bootloader[0m
[0;32mI (30) boot: compile time Apr 22 2026 15:54:39[0m
[0;32mI (30) boot: Multicore bootloader[0m
[0;32mI (31) boot: chip revision: v3.0[0m
[0;32mI (34) boot.esp32: SPI Speed      : 40MHz[0m
[0;32mI (38) boot.esp32: SPI Mode       : DIO[0m
[0;32mI (41) boot.esp32: SPI Flash Size : 8MB[0m
[0;32mI (45) boot: Enabling RNG early entropy source...[0m
[0;32mI (49) boot: Partition Table:[0m
[0;32mI (52) boot: ## Label            Usage          Type ST Offset   Length[0m
[0;32mI (58) boot:  0 nvs              WiFi data        01 02 00009000 00006000[0m
[0;32mI (65) boot:  1 phy_init         RF data          01 01 0000f000 00001000[0m
[0;32mI (71) boot:  2 factory          factory app      00 00 00010000 00100000[0m
[0;32mI (78) boot:  3 storage1         Unknown data     01 82 00110000 00020000[0m
[0;32mI (84) boot:  4 storage2         Unknown data     01 82 00130000 00050000[0m
[0;32mI (91) boot:  5 storage3         Unknown data     01 82 00180000 00080000[0m
[0;32mI (97) boot: End of partition table[0m
[0;32mI (101) esp_image: segment 0: paddr=00010020 vaddr=3f400020 size=1de50h (122448) map[0m
[0;32mI (150) esp_image: segment 1: paddr=0002de78 vaddr=3ffb0000 size=021a0h (  8608) load[0m
[0;32mI (154) esp_image: segment 2: paddr=00030020 vaddr=400d0020 size=9f614h (652820) map[0m
[0;32mI (377) esp_image: segment 3: paddr=000cf63c vaddr=3ffb21a0 size=01d4ch (  7500) load[0m
[0;32mI (380) esp_image: segment 4: paddr=000d1390 vaddr=40080000 size=17e0ch ( 97804) load[0m
[0;32mI (419) esp_image: segment 5: paddr=000e91a4 vaddr=50000000 size=00020h (    32) load[0m
[0;32mI (431) boot: Loaded app from partition at offset 0x10000[0m
[0;32mI (431) boot: Disabling RNG early entropy source...[0m
[0;32mI (441) cpu_start: Multicore app[0m
[0;32mI (450) cpu_start: Pro cpu start user code[0m
[0;32mI (450) cpu_start: cpu freq: 160000000 Hz[0m
[0;32mI (450) app_init: Application information:[0m
[0;32mI (450) app_init: Project name:     read_voltage[0m
[0;32mI (454) app_init: App version:      bb08344-dirty[0m
[0;32mI (459) app_init: Compile time:     Apr 22 2026 15:54:25[0m
[0;32mI (464) app_init: ELF file SHA256:  409e16c70...[0m
[0;32mI (468) app_init: ESP-IDF:          v5.5.1[0m
[0;32mI (472) efuse_init: Min chip rev:     v0.0[0m
[0;32mI (476) efuse_init: Max chip rev:     v3.99 [0m
[0;32mI (480) efuse_init: Chip rev:         v3.0[0m
[0;32mI (484) heap_init: Initializing. RAM available for dynamic allocation:[0m
[0;32mI (490) heap_init: At 3FFAE6E0 len 00001920 (6 KiB): DRAM[0m
[0;32mI (495) heap_init: At 3FFB85B0 len 00027A50 (158 KiB): DRAM[0m
[0;32mI (500) heap_init: At 3FFE0440 len 00003AE0 (14 KiB): D/IRAM[0m
[0;32mI (506) heap_init: At 3FFE4350 len 0001BCB0 (111 KiB): D/IRAM[0m
[0;32mI (511) heap_init: At 40097E0C len 000081F4 (32 KiB): IRAM[0m
[0;32mI (518) spi_flash: detected chip: generic[0m
[0;32mI (520) spi_flash: flash io: dio[0m
[0;32mI (524) main_task: Started on CPU0[0m
[0;32mI (534) main_task: Calling app_main()[0m
[0;32mI (564) wifi:wifi driver task: 3ffc0714, prio:23, stack:6656, core=0[0m
[0;32mI (574) wifi:wifi firmware version: 14da9b7[0m
[0;32mI (574) wifi:wifi certification version: v7.0[0m
[0;32mI (574) wifi:config NVS flash: enabled[0m
[0;32mI (574) wifi:config nano formatting: disabled[0m
[0;32mI (584) wifi:Init data frame dynamic rx buffer num: 32[0m
[0;32mI (584) wifi:Init static rx mgmt buffer num: 5[0m
[0;32mI (584) wifi:Init management short buffer num: 32[0m
[0;32mI (594) wifi:Init dynamic tx buffer num: 32[0m
[0;32mI (594) wifi:Init static rx buffer size: 1600[0m
[0;32mI (604) wifi:Init static rx buffer num: 10[0m
[0;32mI (604) wifi:Init dynamic rx buffer num: 32[0m
[0;32mI (614) wifi_init: rx ba win: 6[0m
[0;32mI (614) wifi_init: accept mbox: 6[0m
[0;32mI (614) wifi_init: tcpip mbox: 32[0m
[0;32mI (614) wifi_init: udp mbox: 6[0m
[0;32mI (624) wifi_init: tcp mbox: 6[0m
[0;32mI (624) wifi_init: tcp tx win: 5760[0m
[0;32mI (624) wifi_init: tcp rx win: 5760[0m
[0;32mI (634) wifi_init: tcp mss: 1440[0m
[0;32mI (634) wifi_init: WiFi IRAM OP enabled[0m
[0;32mI (634) wifi_init: WiFi RX IRAM OP enabled[0m
[0;32mI (644) phy_init: phy_version 4861,b71b5ad,Aug  5 2025,11:16:06[0m
[0;32mI (724) wifi:mode : sta (e8:6b:ea:2f:91:cc)[0m
[0;32mI (724) wifi:enable tsf[0m
[0;32mI (724) wifi_station: wifi_init_sta finished.[0m
[0;32mI (744) wifi:new:<6,0>, old:<1,0>, ap:<255,255>, sta:<6,0>, prof:1, snd_ch_cfg:0x0[0m
[0;32mI (744) wifi:state: init -> auth (0xb0)[0m
[0;32mI (764) wifi:state: auth -> assoc (0x0)[0m
[0;32mI (784) wifi:state: assoc -> run (0x10)[0m
[0;32mI (824) wifi:connected with Galaxy A02s85e9, aid = 3, channel 6, BW20, bssid = 9e:f4:ba:70:9c:0b[0m
[0;32mI (824) wifi:security: WPA2-PSK, phy: bgn, rssi: -44[0m
[0;32mI (834) wifi:pm start, type: 1[0m

[0;32mI (834) wifi:dp: 1, bi: 102400, li: 3, scale listen interval from 307200 us to 307200 us[0m
[0;32mI (854) wifi:dp: 2, bi: 102400, li: 4, scale listen interval from 307200 us to 409600 us[0m
[0;32mI (854) wifi:AP's beacon interval = 102400 us, DTIM period = 2[0m
[0;32mI (1864) esp_netif_handlers: sta ip: 10.236.171.201, mask: 255.255.255.0, gw: 10.236.171.45[0m
[0;32mI (1864) wifi_station: got ip:10.236.171.201[0m
[0;32mI (1864) wifi_station: Sending Values 15	91[0m
[0;32mI (2564) wifi_station: HTTP GET Status = 200, content_length = 3[0m
[0;32mI (17574) wifi_station: Sending Values 32	38[0m
[0;32mI (18474) wifi_station: HTTP GET Status = 200, content_length = 3[0m
[0;32mI (19084) wifi:<ba-add>idx:0 (ifx:0, 9e:f4:ba:70:9c:0b), tid:0, ssn:15, winSize:64[0m
[0;32mI (33474) wifi_station: Sending Values 41	40[0m
[0;32mI (34234) wifi_station: HTTP GET Status = 200, content_length = 3[0m
[0;32mI (49244) wifi_station: Sending Values 14	59[0m
[0;32mI (49804) wifi_station: HTTP GET Status = 200, content_length = 3[0m
[0;32mI (64814) wifi_station: Sending Values 75	26[0m
[0;32mI (65574) wifi_station: HTTP GET Status = 200, content_length = 3[0m
